Component: ARM Compiler 6.15 Tool: armlink [5dd79300]

==============================================================================

Section Cross References

    startup_stm32h743xx.o(STACK) refers (Special) to heapauxi.o(.text) for __use_two_region_memory
    startup_stm32h743xx.o(HEAP) refers (Special) to heapauxi.o(.text) for __use_two_region_memory
    startup_stm32h743xx.o(RESET) refers (Special) to heapauxi.o(.text) for __use_two_region_memory
    startup_stm32h743xx.o(RESET) refers to startup_stm32h743xx.o(STACK) for __initial_sp
    startup_stm32h743xx.o(RESET) refers to startup_stm32h743xx.o(.text) for Reset_Handler
    startup_stm32h743xx.o(RESET) refers to stm32h7xx_it.o(.text.NMI_Handler) for NMI_Handler
    startup_stm32h743xx.o(RESET) refers to stm32h7xx_it.o(.text.HardFault_Handler) for HardFault_Handler
    startup_stm32h743xx.o(RESET) refers to stm32h7xx_it.o(.text.MemManage_Handler) for MemManage_Handler
    startup_stm32h743xx.o(RESET) refers to stm32h7xx_it.o(.text.BusFault_Handler) for BusFault_Handler
    startup_stm32h743xx.o(RESET) refers to stm32h7xx_it.o(.text.UsageFault_Handler) for UsageFault_Handler
    startup_stm32h743xx.o(RESET) refers to stm32h7xx_it.o(.text.SVC_Handler) for SVC_Handler
    startup_stm32h743xx.o(RESET) refers to stm32h7xx_it.o(.text.DebugMon_Handler) for DebugMon_Handler
    startup_stm32h743xx.o(RESET) refers to stm32h7xx_it.o(.text.PendSV_Handler) for PendSV_Handler
    startup_stm32h743xx.o(RESET) refers to stm32h7xx_it.o(.text.SysTick_Handler) for SysTick_Handler
    startup_stm32h743xx.o(RESET) refers to stm32h7xx_it.o(.text.DMA1_Stream0_IRQHandler) for DMA1_Stream0_IRQHandler
    startup_stm32h743xx.o(RESET) refers to stm32h7xx_it.o(.text.DMA1_Stream1_IRQHandler) for DMA1_Stream1_IRQHandler
    startup_stm32h743xx.o(RESET) refers to stm32h7xx_it.o(.text.DMA1_Stream2_IRQHandler) for DMA1_Stream2_IRQHandler
    startup_stm32h743xx.o(RESET) refers to stm32h7xx_it.o(.text.TIM4_IRQHandler) for TIM4_IRQHandler
    startup_stm32h743xx.o(RESET) refers to stm32h7xx_it.o(.text.USART2_IRQHandler) for USART2_IRQHandler
    startup_stm32h743xx.o(RESET) refers to stm32h7xx_it.o(.text.BDMA_Channel0_IRQHandler) for BDMA_Channel0_IRQHandler
    startup_stm32h743xx.o(.text) refers (Special) to heapauxi.o(.text) for __use_two_region_memory
    startup_stm32h743xx.o(.text) refers to system_stm32h7xx.o(.text.SystemInit) for SystemInit
    startup_stm32h743xx.o(.text) refers to __main.o(!!!main) for __main
    startup_stm32h743xx.o(.text) refers to startup_stm32h743xx.o(HEAP) for Heap_Mem
    startup_stm32h743xx.o(.text) refers to startup_stm32h743xx.o(STACK) for Stack_Mem
    main.o(.text.main) refers to stm32h7xx_hal.o(.text.HAL_Init) for HAL_Init
    main.o(.text.main) refers to main.o(.text.SystemClock_Config) for SystemClock_Config
    main.o(.text.main) refers to main.o(.text.PeriphCommonClock_Config) for PeriphCommonClock_Config
    main.o(.text.main) refers to gpio.o(.text.MX_GPIO_Init) for MX_GPIO_Init
    main.o(.text.main) refers to spi.o(.text.MX_SPI2_Init) for MX_SPI2_Init
    main.o(.text.main) refers to spi.o(.text.MX_SPI4_Init) for MX_SPI4_Init
    main.o(.text.main) refers to adc.o(.text.MX_ADC1_Init) for MX_ADC1_Init
    main.o(.text.main) refers to dac.o(.text.MX_DAC1_Init) for MX_DAC1_Init
    main.o(.text.main) refers to spi.o(.text.MX_SPI5_Init) for MX_SPI5_Init
    main.o(.text.main) refers to usart.o(.text.MX_USART2_UART_Init) for MX_USART2_UART_Init
    main.o(.text.main) refers to dma.o(.text.MX_DMA_Init) for MX_DMA_Init
    main.o(.text.main) refers to tim.o(.text.MX_TIM4_Init) for MX_TIM4_Init
    main.o(.text.main) refers to bdma.o(.text.MX_BDMA_Init) for MX_BDMA_Init
    main.o(.text.main) refers to adc.o(.text.MX_ADC3_Init) for MX_ADC3_Init
    main.o(.text.main) refers to task.o(.text.Device_Init) for Device_Init
    main.o(.text.main) refers to tcp.o(.text.Task_TCP) for Task_TCP
    main.o(.text.main) refers to udp.o(.text.Task_UDP) for Task_UDP
    main.o(.text.main) refers to task.o(.text.Task_Write_Modbus) for Task_Write_Modbus
    main.o(.text.main) refers to task.o(.text.Task_Control) for Task_Control
    main.o(.text.main) refers to task.o(.text.Task_Ads8411_Receive_Data) for Task_Ads8411_Receive_Data
    main.o(.ARM.exidx.text.main) refers to main.o(.text.main) for [Anonymous Symbol]
    main.o(.text.SystemClock_Config) refers to rt_memclr_w.o(.text) for __aeabi_memclr4
    main.o(.text.SystemClock_Config) refers to stm32h7xx_hal_pwr_ex.o(.text.HAL_PWREx_ConfigSupply) for HAL_PWREx_ConfigSupply
    main.o(.text.SystemClock_Config) refers to stm32h7xx_hal_rcc.o(.text.HAL_RCC_OscConfig) for HAL_RCC_OscConfig
    main.o(.text.SystemClock_Config) refers to stm32h7xx_hal_rcc.o(.text.HAL_RCC_ClockConfig) for HAL_RCC_ClockConfig
    main.o(.text.SystemClock_Config) refers to main.o(.text.Error_Handler) for Error_Handler
[...]
    DMA1_Stream4_IRQHandler                  0x08000353   Thumb Code     0  startup_stm32h743xx.o(.text)
    DMA1_Stream5_IRQHandler                  0x08000353   Thumb Code     0  startup_stm32h743xx.o(.text)
    DMA1_Stream6_IRQHandler                  0x08000353   Thumb Code     0  startup_stm32h743xx.o(.text)
    DMA1_Stream7_IRQHandler                  0x08000353   Thumb Code     0  startup_stm32h743xx.o(.text)
    DMA2D_IRQHandler                         0x08000353   Thumb Code     0  startup_stm32h743xx.o(.text)
    DMA2_Stream0_IRQHandler                  0x08000353   Thumb Code     0  startup_stm32h743xx.o(.text)
    DMA2_Stream1_IRQHandler                  0x08000353   Thumb Code     0  startup_stm32h743xx.o(.text)
    DMA2_Stream2_IRQHandler                  0x08000353   Thumb Code     0  startup_stm32h743xx.o(.text)
    DMA2_Stream3_IRQHandler                  0x08000353   Thumb Code     0  startup_stm32h743xx.o(.text)
    DMA2_Stream4_IRQHandler                  0x08000353   Thumb Code     0  startup_stm32h743xx.o(.text)
    DMA2_Stream5_IRQHandler                  0x08000353   Thumb Code     0  startup_stm32h743xx.o(.text)
    DMA2_Stream6_IRQHandler                  0x08000353   Thumb Code     0  startup_stm32h743xx.o(.text)
    DMA2_Stream7_IRQHandler                  0x08000353   Thumb Code     0  startup_stm32h743xx.o(.text)
    DMAMUX1_OVR_IRQHandler                   0x08000353   Thumb Code     0  startup_stm32h743xx.o(.text)
    DMAMUX2_OVR_IRQHandler                   0x08000353   Thumb Code     0  startup_stm32h743xx.o(.text)
    ECC_IRQHandler                           0x08000353   Thumb Code     0  startup_stm32h743xx.o(.text)
    ETH_IRQHandler                           0x08000353   Thumb Code     0  startup_stm32h743xx.o(.text)
    ETH_WKUP_IRQHandler                      0x08000353   Thumb Code     0  startup_stm32h743xx.o(.text)
    EXTI0_IRQHandler                         0x08000353   Thumb Code     0  startup_stm32h743xx.o(.text)
    EXTI15_10_IRQHandler                     0x08000353   Thumb Code     0  startup_stm32h743xx.o(.text)
    EXTI1_IRQHandler                         0x08000353   Thumb Code     0  startup_stm32h743xx.o(.text)
    EXTI2_IRQHandler                         0x08000353   Thumb Code     0  startup_stm32h743xx.o(.text)
    EXTI3_IRQHandler                         0x08000353   Thumb Code     0  startup_stm32h743xx.o(.text)
    EXTI4_IRQHandler                         0x08000353   Thumb Code     0  startup_stm32h743xx.o(.text)
    EXTI9_5_IRQHandler                       0x08000353   Thumb Code     0  startup_stm32h743xx.o(.text)
    FDCAN1_IT0_IRQHandler                    0x08000353   Thumb Code     0  startup_stm32h743xx.o(.text)
    FDCAN1_IT1_IRQHandler                    0x08000353   Thumb Code     0  startup_stm32h743xx.o(.text)
    FDCAN2_IT0_IRQHandler                    0x08000353   Thumb Code     0  startup_stm32h743xx.o(.text)
    FDCAN2_IT1_IRQHandler                    0x08000353   Thumb Code     0  startup_stm32h743xx.o(.text)
    FDCAN_CAL_IRQHandler                     0x08000353   Thumb Code     0  startup_stm32h743xx.o(.text)
    FLASH_IRQHandler                         0x08000353   Thumb Code     0  startup_stm32h743xx.o(.text)
    FMC_IRQHandler                           0x08000353   Thumb Code     0  startup_stm32h743xx.o(.text)
    FPU_IRQHandler                           0x08000353   Thumb Code     0  startup_stm32h743xx.o(.text)
    HRTIM1_FLT_IRQHandler                    0x08000353   Thumb Code     0  startup_stm32h743xx.o(.text)
    HRTIM1_Master_IRQHandler                 0x08000353   Thumb Code     0  startup_stm32h743xx.o(.text)
    HRTIM1_TIMA_IRQHandler                   0x08000353   Thumb Code     0  startup_stm32h743xx.o(.text)
    HRTIM1_TIMB_IRQHandler                   0x08000353   Thumb Code     0  startup_stm32h743xx.o(.text)
    HRTIM1_TIMC_IRQHandler                   0x08000353   Thumb Code     0  startup_stm32h743xx.o(.text)
    HRTIM1_TIMD_IRQHandler                   0x08000353   Thumb Code     0  startup_stm32h743xx.o(.text)
    HRTIM1_TIME_IRQHandler                   0x08000353   Thumb Code     0  startup_stm32h743xx.o(.text)
    HSEM1_IRQHandler                         0x08000353   Thumb Code     0  startup_stm32h743xx.o(.text)
    I2C1_ER_IRQHandler                       0x08000353   Thumb Code     0  startup_stm32h743xx.o(.text)
    I2C1_EV_IRQHandler                       0x08000353   Thumb Code     0  startup_stm32h743xx.o(.text)
    I2C2_ER_IRQHandler                       0x08000353   Thumb Code     0  startup_stm32h743xx.o(.text)
    I2C2_EV_IRQHandler                       0x08000353   Thumb Code     0  startup_stm32h743xx.o(.text)
    I2C3_ER_IRQHandler                       0x08000353   Thumb Code     0  startup_stm32h743xx.o(.text)
    I2C3_EV_IRQHandler                       0x08000353   Thumb Code     0  startup_stm32h743xx.o(.text)
    I2C4_ER_IRQHandler                       0x08000353   Thumb Code     0  startup_stm32h743xx.o(.text)
    I2C4_EV_IRQHandler                       0x08000353   Thumb Code     0  startup_stm32h743xx.o(.text)
    JPEG_IRQHandler                          0x08000353   Thumb Code     0  startup_stm32h743xx.o(.text)
    LPTIM1_IRQHandler                        0x08000353   Thumb Code     0  startup_stm32h743xx.o(.text)
    LPTIM2_IRQHandler                        0x08000353   Thumb Code     0  startup_stm32h743xx.o(.text)
    LPTIM3_IRQHandler                        0x08000353   Thumb Code     0  startup_stm32h743xx.o(.text)
    LPTIM4_IRQHandler                        0x08000353   Thumb Code     0  startup_stm32h743xx.o(.text)
    LPTIM5_IRQHandler                        0x08000353   Thumb Code     0  startup_stm32h743xx.o(.text)
    LPUART1_IRQHandler                       0x08000353   Thumb Code     0  startup_stm32h743xx.o(.text)
    LTDC_ER_IRQHandler                       0x08000353   Thumb Code     0  startup_stm32h743xx.o(.text)
    LTDC_IRQHandler                          0x08000353   Thumb Code     0  startup_stm32h743xx.o(.text)
    MDIOS_IRQHandler                         0x08000353   Thumb Code     0  startup_stm32h743xx.o(.text)
    MDIOS_WKUP_IRQHandler                    0x08000353   Thumb Code     0  startup_stm32h743xx.o(.text)
    MDMA_IRQHandler                          0x08000353   Thumb Code     0  startup_stm32h743xx.o(.text)
    OTG_FS_EP1_IN_IRQHandler                 0x08000353   Thumb Code     0  startup_stm32h743xx.o(.text)
    OTG_FS_EP1_OUT_IRQHandler                0x08000353   Thumb Code     0  startup_stm32h743xx.o(.text)
    OTG_FS_IRQHandler                        0x08000353   Thumb Code     0  startup_stm32h743xx.o(.text)
    OTG_FS_WKUP_IRQHandler                   0x08000353   Thumb Code     0  startup_stm32h743xx.o(.text)
    OTG_HS_EP1_IN_IRQHandler                 0x08000353   Thumb Code     0  startup_stm32h743xx.o(.text)
    OTG_HS_EP1_OUT_IRQHandler                0x08000353   Thumb Code     0  startup_stm32h743xx.o(.text)
    OTG_HS_IRQHandler                        0x08000353   Thumb Code     0  startup_stm32h743xx.o(.text)
    OTG_HS_WKUP_IRQHandler                   0x08000353   Thumb Code     0  startup_stm32h743xx.o(.text)
    PVD_AVD_IRQHandler                       0x08000353   Thumb Code     0  startup_stm32h743xx.o(.text)
    QUADSPI_IRQHandler                       0x08000353   Thumb Code     0  startup_stm32h743xx.o(.text)
    RCC_IRQHandler                           0x08000353   Thumb Code     0  startup_stm32h743xx.o(.text)
    RNG_IRQHandler                           0x08000353   Thumb Code     0  startup_stm32h743xx.o(.text)
    RTC_Alarm_IRQHandler                     0x08000353   Thumb Code     0  startup_stm32h743xx.o(.text)
    RTC_WKUP_IRQHandler                      0x08000353   Thumb Code     0  startup_stm32h743xx.o(.text)
    SAI1_IRQHandler                          0x08000353   Thumb Code     0  startup_stm32h743xx.o(.text)
    SAI2_IRQHandler                          0x08000353   Thumb Code     0  startup_stm32h743xx.o(.text)
    SAI3_IRQHandler                          0x08000353   Thumb Code     0  startup_stm32h743xx.o(.text)
    SAI4_IRQHandler                          0x08000353   Thumb Code     0  startup_stm32h743xx.o(.text)
    SDMMC1_IRQHandler                        0x08000353   Thumb Code     0  startup_stm32h743xx.o(.text)
    SDMMC2_IRQHandler                        0x08000353   Thumb Code     0  startup_stm32h743xx.o(.text)
    SPDIF_RX_IRQHandler                      0x08000353   Thumb Code     0  startup_stm32h743xx.o(.text)
    SPI1_IRQHandler                          0x08000353   Thumb Code     0  startup_stm32h743xx.o(.text)
    SPI2_IRQHandler                          0x08000353   Thumb Code     0  startup_stm32h743xx.o(.text)
    SPI3_IRQHandler                          0x08000353   Thumb Code     0  startup_stm32h743xx.o(.text)
    SPI4_IRQHandler                          0x08000353   Thumb Code     0  startup_stm32h743xx.o(.text)
    SPI5_IRQHandler                          0x08000353   Thumb Code     0  startup_stm32h743xx.o(.text)
    SPI6_IRQHandler                          0x08000353   Thumb Code     0  startup_stm32h743xx.o(.text)
    SWPMI1_IRQHandler                        0x08000353   Thumb Code     0  startup_stm32h743xx.o(.text)
    TAMP_STAMP_IRQHandler                    0x08000353   Thumb Code     0  startup_stm32h743xx.o(.text)
    TIM15_IRQHandler                         0x08000353   Thumb Code     0  startup_stm32h743xx.o(.text)
    TIM16_IRQHandler                         0x08000353   Thumb Code     0  startup_stm32h743xx.o(.text)
    TIM17_IRQHandler                         0x08000353   Thumb Code     0  startup_stm32h743xx.o(.text)
    TIM1_BRK_IRQHandler                      0x08000353   Thumb Code     0  startup_stm32h743xx.o(.text)
    TIM1_CC_IRQHandler                       0x08000353   Thumb Code     0  startup_stm32h743xx.o(.text)
    TIM1_TRG_COM_IRQHandler                  0x08000353   Thumb Code     0  startup_stm32h743xx.o(.text)
    TIM1_UP_IRQHandler                       0x08000353   Thumb Code     0  startup_stm32h743xx.o(.text)
    TIM2_IRQHandler                          0x08000353   Thumb Code     0  startup_stm32h743xx.o(.text)
    TIM3_IRQHandler                          0x08000353   Thumb Code     0  startup_stm32h743xx.o(.text)
    TIM5_IRQHandler                          0x08000353   Thumb Code     0  startup_stm32h743xx.o(.text)
    TIM6_DAC_IRQHandler                      0x08000353   Thumb Code     0  startup_stm32h743xx.o(.text)
    TIM7_IRQHandler                          0x08000353   Thumb Code     0  startup_stm32h743xx.o(.text)
    TIM8_BRK_TIM12_IRQHandler                0x08000353   Thumb Code     0  startup_stm32h743xx.o(.text)
    TIM8_CC_IRQHandler                       0x08000353   Thumb Code     0  startup_stm32h743xx.o(.text)
    TIM8_TRG_COM_TIM14_IRQHandler            0x08000353   Thumb Code     0  startup_stm32h743xx.o(.text)
    TIM8_UP_TIM13_IRQHandler                 0x08000353   Thumb Code     0  startup_stm32h743xx.o(.text)
    UART4_IRQHandler                         0x08000353   Thumb Code     0  startup_stm32h743xx.o(.text)
    UART5_IRQHandler                         0x08000353   Thumb Code     0  startup_stm32h743xx.o(.text)
    UART7_IRQHandler                         0x08000353   Thumb Code     0  startup_stm32h743xx.o(.text)
    UART8_IRQHandler                         0x08000353   Thumb Code     0  startup_stm32h743xx.o(.text)
    USART1_IRQHandler                        0x08000353   Thumb Code     0  startup_stm32h743xx.o(.text)
    USART3_IRQHandler                        0x08000353   Thumb Code     0  startup_stm32h743xx.o(.text)
    USART6_IRQHandler                        0x08000353   Thumb Code     0  startup_stm32h743xx.o(.text)
    WAKEUP_PIN_IRQHandler                    0x08000353   Thumb Code     0  startup_stm32h743xx.o(.text)
    WWDG_IRQHandler                          0x08000353   Thumb Code     0  startup_stm32h743xx.o(.text)
    __user_initial_stackheap                 0x08000355   Thumb Code     0  startup_stm32h743xx.o(.text)
    __aeabi_uldivmod                         0x08000379   Thumb Code     0  lludivv7m.o(.text)
    _ll_udiv                                 0x08000379   Thumb Code   240  lludivv7m.o(.text)
    __aeabi_memclr4                          0x08000469   Thumb Code     0  rt_memclr_w.o(.text)
    __aeabi_memclr8                          0x08000469   Thumb Code     0  rt_memclr_w.o(.text)
    __rt_memclr_w                            0x08000469   Thumb Code    78  rt_memclr_w.o(.text)
    _memset_w                                0x0800046d   Thumb Code     0  rt_memclr_w.o(.text)
    __use_two_region_memory                  0x080004b7   Thumb Code     2  heapauxi.o(.text)
    __rt_heap_escrow$2region                 0x080004b9   Thumb Code     2  heapauxi.o(.text)
    __rt_heap_expand$2region                 0x080004bb   Thumb Code     2  heapauxi.o(.text)
    __user_setup_stackheap                   0x080004bd   Thumb Code    74  sys_stackheap_outer.o(.text)
    exit                                     0x08000507   Thumb Code    18  exit.o(.text)
    __user_libspace                          0x08000519   Thumb Code     8  libspace.o(.text)
    __user_perproc_libspace                  0x08000519   Thumb Code     0  libspace.o(.text)
    __user_perthread_libspace                0x08000519   Thumb Code     0  libspace.o(.text)
    _sys_exit                                0x08000521   Thumb Code     8  sys_exit.o(.text)
    __I$use$semihosting                      0x0800052d   Thumb Code     0  use_no_semi.o(.text)
    __use_no_semihosting_swi                 0x0800052d   Thumb Code     2  use_no_semi.o(.text)
    __semihosting_library_function           0x0800052f   Thumb Code     0  indicate_semi.o(.text)
    ADC_ConfigureBoostMode                   0x08000531   Thumb Code   276  stm32h7xx_hal_adc.o(.text.ADC_ConfigureBoostMode)
    BDMA_Channel0_IRQHandler                 0x08000649   Thumb Code    16  stm32h7xx_it.o(.text.BDMA_Channel0_IRQHandler)
    BusFault_Handler                         0x08000659   Thumb Code     2  stm32h7xx_it.o(.text.BusFault_Handler)
    DC_Power_Control                         0x08000661   Thumb Code    56  task.o(.text.DC_Power_Control)
    DMA1_Stream0_IRQHandler                  0x08000699   Thumb Code    16  stm32h7xx_it.o(.text.DMA1_Stream0_IRQHandler)
    DMA1_Stream1_IRQHandler                  0x080006a9   Thumb Code    16  stm32h7xx_it.o(.text.DMA1_Stream1_IRQHandler)
    DMA1_Stream2_IRQHandler                  0x080006b9   Thumb Code    16  stm32h7xx_it.o(.text.DMA1_Stream2_IRQHandler)
    DebugMon_Handler                         0x08000cc9   Thumb Code     2  stm32h7xx_it.o(.text.DebugMon_Handler)
    Device_Init                              0x08000cd1   Thumb Code    48  task.o(.text.Device_Init)
    Error_Handler                            0x08000d01   Thumb Code    10  main.o(.text.Error_Handler)
    HAL_ADCEx_MultiModeConfigChannel         0x08000d11   Thumb Code   272  stm32h7xx_hal_adc_ex.o(.text.HAL_ADCEx_MultiModeConfigChannel)
    HAL_ADC_ConfigChannel                    0x08000e21   Thumb Code   786  stm32h7xx_hal_adc.o(.text.HAL_ADC_ConfigChannel)
    HAL_ADC_Init                             0x08001139   Thumb Code   554  stm32h7xx_hal_adc.o(.text.HAL_ADC_Init)
    HAL_ADC_MspInit                          0x08001369   Thumb Code   338  adc.o(.text.HAL_ADC_MspInit)
    HAL_DAC_ConfigChannel                    0x080014c1   Thumb Code   336  stm32h7xx_hal_dac.o(.text.HAL_DAC_ConfigChannel)
    HAL_DAC_Init                             0x08001611   Thumb Code    38  stm32h7xx_hal_dac.o(.text.HAL_DAC_Init)
    HAL_DAC_MspInit                          0x08001639   Thumb Code   104  dac.o(.text.HAL_DAC_MspInit)
    HAL_DMA_Abort                            0x080016a1   Thumb Code  1470  stm32h7xx_hal_dma.o(.text.HAL_DMA_Abort)
    HAL_DMA_Abort_IT                         0x08001c61   Thumb Code   686  stm32h7xx_hal_dma.o(.text.HAL_DMA_Abort_IT)
    HAL_DMA_GetError                         0x08001f11   Thumb Code     4  stm32h7xx_hal_dma.o(.text.HAL_DMA_GetError)
    HAL_DMA_IRQHandler                       0x08001f19   Thumb Code  2976  stm32h7xx_hal_dma.o(.text.HAL_DMA_IRQHandler)
    HAL_DMA_Init                             0x08002ab9   Thumb Code  1376  stm32h7xx_hal_dma.o(.text.HAL_DMA_Init)
    HAL_DMA_Start_IT                         0x08003019   Thumb Code  1120  stm32h7xx_hal_dma.o(.text.HAL_DMA_Start_IT)
    HAL_Delay                                0x08003479   Thumb Code    40  stm32h7xx_hal.o(.text.HAL_Delay)
    HAL_GPIO_Init                            0x080034a1   Thumb Code   416  stm32h7xx_hal_gpio.o(.text.HAL_GPIO_Init)
    HAL_GPIO_TogglePin                       0x08003641   Thumb Code    16  stm32h7xx_hal_gpio.o(.text.HAL_GPIO_TogglePin)
    HAL_GPIO_WritePin                        0x08003651   Thumb Code    10  stm32h7xx_hal_gpio.o(.text.HAL_GPIO_WritePin)
    HAL_GetREVID                             0x08003661   Thumb Code    14  stm32h7xx_hal.o(.text.HAL_GetREVID)
    HAL_GetTick                              0x08003671   Thumb Code    12  stm32h7xx_hal.o(.text.HAL_GetTick)
    HAL_I2CEx_ConfigAnalogFilter             0x08003681   Thumb Code    74  stm32h7xx_hal_i2c_ex.o(.text.HAL_I2CEx_ConfigAnalogFilter)
    HAL_I2C_GetState                         0x080036d1   Thumb Code     6  stm32h7xx_hal_i2c.o(.text.HAL_I2C_GetState)
    HAL_I2C_Init                             0x080036d9   Thumb Code   162  stm32h7xx_hal_i2c.o(.text.HAL_I2C_Init)
    HAL_I2C_IsDeviceReady                    0x08003781   Thumb Code   306  stm32h7xx_hal_i2c.o(.text.HAL_I2C_IsDeviceReady)
    HAL_I2C_Mem_Write                        0x080038b9   Thumb Code   374  stm32h7xx_hal_i2c.o(.text.HAL_I2C_Mem_Write)
    HAL_I2C_MspInit                          0x08003a31   Thumb Code     2  stm32h7xx_hal_i2c.o(.text.HAL_I2C_MspInit)
    HAL_IncTick                              0x08003a39   Thumb Code    26  stm32h7xx_hal.o(.text.HAL_IncTick)
    HAL_Init                                 0x08003a59   Thumb Code   100  stm32h7xx_hal.o(.text.HAL_Init)
    HAL_InitTick                             0x08003ac1   Thumb Code    84  stm32h7xx_hal.o(.text.HAL_InitTick)
    HAL_MspInit                              0x08003b19   Thumb Code    40  stm32h7xx_hal_msp.o(.text.HAL_MspInit)
    HAL_NVIC_EnableIRQ                       0x08003b41   Thumb Code     8  stm32h7xx_hal_cortex.o(.text.HAL_NVIC_EnableIRQ)
    HAL_NVIC_SetPriority                     0x08003b49   Thumb Code    30  stm32h7xx_hal_cortex.o(.text.HAL_NVIC_SetPriority)
    HAL_NVIC_SetPriorityGrouping             0x08003b69   Thumb Code     8  stm32h7xx_hal_cortex.o(.text.HAL_NVIC_SetPriorityGrouping)
    HAL_PWREx_ConfigSupply                   0x08003b71   Thumb Code    72  stm32h7xx_hal_pwr_ex.o(.text.HAL_PWREx_ConfigSupply)
    HAL_RCCEx_GetD3PCLK1Freq                 0x08003bb9   Thumb Code    38  stm32h7xx_hal_rcc_ex.o(.text.HAL_RCCEx_GetD3PCLK1Freq)
    HAL_RCCEx_GetPLL1ClockFreq               0x08003be1   Thumb Code   296  stm32h7xx_hal_rcc_ex.o(.text.HAL_RCCEx_GetPLL1ClockFreq)
    HAL_RCCEx_GetPLL2ClockFreq               0x08003d09   Thumb Code   292  stm32h7xx_hal_rcc_ex.o(.text.HAL_RCCEx_GetPLL2ClockFreq)
    HAL_RCCEx_GetPLL3ClockFreq               0x08003e31   Thumb Code   292  stm32h7xx_hal_rcc_ex.o(.text.HAL_RCCEx_GetPLL3ClockFreq)
    HAL_RCCEx_GetPeriphCLKFreq               0x08003f59   Thumb Code   766  stm32h7xx_hal_rcc_ex.o(.text.HAL_RCCEx_GetPeriphCLKFreq)
    HAL_RCCEx_PeriphCLKConfig                0x08004259   Thumb Code  2400  stm32h7xx_hal_rcc_ex.o(.text.HAL_RCCEx_PeriphCLKConfig)
    HAL_RCC_ClockConfig                      0x08004bb9   Thumb Code   596  stm32h7xx_hal_rcc.o(.text.HAL_RCC_ClockConfig)
    HAL_RCC_GetHCLKFreq                      0x08004e11   Thumb Code    76  stm32h7xx_hal_rcc.o(.text.HAL_RCC_GetHCLKFreq)
    HAL_RCC_GetPCLK1Freq                     0x08004e61   Thumb Code    38  stm32h7xx_hal_rcc.o(.text.HAL_RCC_GetPCLK1Freq)
    HAL_RCC_GetPCLK2Freq                     0x08004e89   Thumb Code    38  stm32h7xx_hal_rcc.o(.text.HAL_RCC_GetPCLK2Freq)
    HAL_RCC_GetSysClockFreq                  0x08004eb1   Thumb Code   264  stm32h7xx_hal_rcc.o(.text.HAL_RCC_GetSysClockFreq)
    HAL_RCC_OscConfig                        0x08004fb9   Thumb Code  1572  stm32h7xx_hal_rcc.o(.text.HAL_RCC_OscConfig)
    HAL_SPI_Init                             0x080055e1   Thumb Code   346  stm32h7xx_hal_spi.o(.text.HAL_SPI_Init)
    HAL_SPI_MspInit                          0x08005741   Thumb Code   340  spi.o(.text.HAL_SPI_MspInit)
    HAL_SPI_TransmitReceive                  0x08005899   Thumb Code   808  stm32h7xx_hal_spi.o(.text.HAL_SPI_TransmitReceive)
    HAL_SYSTICK_Config                       0x08005bc1   Thumb Code     8  stm32h7xx_hal_cortex.o(.text.HAL_SYSTICK_Config)
    HAL_TIMEx_Break2Callback                 0x08005bc9   Thumb Code     2  stm32h7xx_hal_tim_ex.o(.text.HAL_TIMEx_Break2Callback)
    HAL_TIMEx_BreakCallback                  0x08005bd1   Thumb Code     2  stm32h7xx_hal_tim_ex.o(.text.HAL_TIMEx_BreakCallback)
    HAL_TIMEx_CommutCallback                 0x08005bd9   Thumb Code     2  stm32h7xx_hal_tim_ex.o(.text.HAL_TIMEx_CommutCallback)
    HAL_TIMEx_MasterConfigSynchronization    0x08005be1   Thumb Code   204  stm32h7xx_hal_tim_ex.o(.text.HAL_TIMEx_MasterConfigSynchronization)
    HAL_TIM_Base_Init                        0x08005cb1   Thumb Code    96  stm32h7xx_hal_tim.o(.text.HAL_TIM_Base_Init)
    HAL_TIM_Base_MspInit                     0x08005d11   Thumb Code   128  tim.o(.text.HAL_TIM_Base_MspInit)
    HAL_TIM_ConfigClockSource                0x08005d91   Thumb Code   270  stm32h7xx_hal_tim.o(.text.HAL_TIM_ConfigClockSource)
    HAL_TIM_IC_CaptureCallback               0x08005ea1   Thumb Code     2  stm32h7xx_hal_tim.o(.text.HAL_TIM_IC_CaptureCallback)
    HAL_TIM_IC_ConfigChannel                 0x08005ea9   Thumb Code   154  stm32h7xx_hal_tim.o(.text.HAL_TIM_IC_ConfigChannel)
    HAL_TIM_IC_Init                          0x08005f49   Thumb Code    96  stm32h7xx_hal_tim.o(.text.HAL_TIM_IC_Init)
    HAL_TIM_IC_MspInit                       0x08005fa9   Thumb Code     2  stm32h7xx_hal_tim.o(.text.HAL_TIM_IC_MspInit)
    HAL_TIM_IRQHandler                       0x08005fb1   Thumb Code   392  stm32h7xx_hal_tim.o(.text.HAL_TIM_IRQHandler)
    HAL_TIM_OC_DelayElapsedCallback          0x08006139   Thumb Code     2  stm32h7xx_hal_tim.o(.text.HAL_TIM_OC_DelayElapsedCallback)
    HAL_TIM_PWM_PulseFinishedCallback        0x08006141   Thumb Code     2  stm32h7xx_hal_tim.o(.text.HAL_TIM_PWM_PulseFinishedCallback)
    HAL_TIM_PeriodElapsedCallback            0x08006149   Thumb Code     2  stm32h7xx_hal_tim.o(.text.HAL_TIM_PeriodElapsedCallback)
    HAL_TIM_SlaveConfigSynchro               0x08006151   Thumb Code    74  stm32h7xx_hal_tim.o(.text.HAL_TIM_SlaveConfigSynchro)
    HAL_TIM_TriggerCallback                  0x080061a1   Thumb Code     2  stm32h7xx_hal_tim.o(.text.HAL_TIM_TriggerCallback)
    HAL_UARTEx_DisableFifoMode               0x080061a9   Thumb Code    54  stm32h7xx_hal_uart_ex.o(.text.HAL_UARTEx_DisableFifoMode)
    HAL_UARTEx_RxEventCallback               0x080061e1   Thumb Code     2  stm32h7xx_hal_uart.o(.text.HAL_UARTEx_RxEventCallback)
    HAL_UARTEx_RxFifoFullCallback            0x080061e9   Thumb Code     2  stm32h7xx_hal_uart_ex.o(.text.HAL_UARTEx_RxFifoFullCallback)
    HAL_UARTEx_SetRxFifoThreshold            0x080061f1   Thumb Code    74  stm32h7xx_hal_uart_ex.o(.text.HAL_UARTEx_SetRxFifoThreshold)
    HAL_UARTEx_SetTxFifoThreshold            0x08006241   Thumb Code    74  stm32h7xx_hal_uart_ex.o(.text.HAL_UARTEx_SetTxFifoThreshold)
    HAL_UARTEx_TxFifoEmptyCallback           0x08006291   Thumb Code     2  stm32h7xx_hal_uart_ex.o(.text.HAL_UARTEx_TxFifoEmptyCallback)
    HAL_UARTEx_WakeupCallback                0x08006299   Thumb Code     2  stm32h7xx_hal_uart_ex.o(.text.HAL_UARTEx_WakeupCallback)
    HAL_UART_DMAStop                         0x080062a1   Thumb Code   156  stm32h7xx_hal_uart.o(.text.HAL_UART_DMAStop)
    HAL_UART_ErrorCallback                   0x08006341   Thumb Code     2  stm32h7xx_hal_uart.o(.text.HAL_UART_ErrorCallback)
    HAL_UART_IDLECallback                    0x08006349   Thumb Code    84  usart.o(.text.HAL_UART_IDLECallback)
    HAL_UART_IRQHandler                      0x080063a1   Thumb Code   982  stm32h7xx_hal_uart.o(.text.HAL_UART_IRQHandler)
    HAL_UART_Init                            0x08006779   Thumb Code    98  stm32h7xx_hal_uart.o(.text.HAL_UART_Init)
    HAL_UART_MspInit                         0x080067e1   Thumb Code   304  usart.o(.text.HAL_UART_MspInit)
    HAL_UART_Receive_DMA                     0x08006911   Thumb Code   106  stm32h7xx_hal_uart.o(.text.HAL_UART_Receive_DMA)
    HAL_UART_RxCpltCallback                  0x08006981   Thumb Code     2  usart.o(.text.HAL_UART_RxCpltCallback)
    HAL_UART_RxHalfCpltCallback              0x08006989   Thumb Code     2  stm32h7xx_hal_uart.o(.text.HAL_UART_RxHalfCpltCallback)
    HAL_UART_TxCpltCallback                  0x08006991   Thumb Code     8  usart.o(.text.HAL_UART_TxCpltCallback)
    HardFault_Handler                        0x08006999   Thumb Code     2  stm32h7xx_it.o(.text.HardFault_Handler)
    I2C_EE_ByteWrite                         0x080069a1   Thumb Code   112  bsp_i2c_ee.o(.text.I2C_EE_ByteWrite)
    I2C_EE_Init                              0x08006a11   Thumb Code    12  bsp_i2c_ee.o(.text.I2C_EE_Init)
    IINCHIP_READ                             0x08006e31   Thumb Code    72  w5500_conf.o(.text.IINCHIP_READ)
    IINCHIP_READ_TOP                         0x08006e79   Thumb Code    72  w5500_conf.o(.text.IINCHIP_READ_TOP)
    IINCHIP_WRITE                            0x08006ec1   Thumb Code    74  w5500_conf.o(.text.IINCHIP_WRITE)
    IINCHIP_WRITE_TOP                        0x08006f11   Thumb Code    74  w5500_conf.o(.text.IINCHIP_WRITE_TOP)
    LED_Comm_Toggle                          0x08006f61   Thumb Code    30  led.o(.text.LED_Comm_Toggle)
    LED_DC_Power                             0x08006f81   Thumb Code    38  led.o(.text.LED_DC_Power)
    MX_ADC1_Init                             0x080070f9   Thumb Code   164  adc.o(.text.MX_ADC1_Init)
    MX_ADC3_Init                             0x080071a1   Thumb Code   132  adc.o(.text.MX_ADC3_Init)
    MX_BDMA_Init                             0x08007229   Thumb Code    50  bdma.o(.text.MX_BDMA_Init)
    MX_DAC1_Init                             0x08007261   Thumb Code    80  dac.o(.text.MX_DAC1_Init)
    MX_DMA_Init                              0x080072b1   Thumb Code    82  dma.o(.text.MX_DMA_Init)
    MX_GPIO_Init                             0x08007309   Thumb Code   416  gpio.o(.text.MX_GPIO_Init)
    MX_SPI2_Init                             0x080074a9   Thumb Code    94  spi.o(.text.MX_SPI2_Init)
    MX_SPI4_Init                             0x08007509   Thumb Code    94  spi.o(.text.MX_SPI4_Init)
    MX_SPI5_Init                             0x08007569   Thumb Code    88  spi.o(.text.MX_SPI5_Init)
    MX_TIM4_Init                             0x080075c1   Thumb Code   252  tim.o(.text.MX_TIM4_Init)
    MX_USART2_UART_Init                      0x080076c1   Thumb Code   136  usart.o(.text.MX_USART2_UART_Init)
    MemManage_Handler                        0x08007749   Thumb Code     2  stm32h7xx_it.o(.text.MemManage_Handler)
    Modbus_Progress                          0x08007751   Thumb Code   276  tcp.o(.text.Modbus_Progress)
    NMI_Handler                              0x08007869   Thumb Code     2  stm32h7xx_it.o(.text.NMI_Handler)
    PendSV_Handler                           0x080078a1   Thumb Code     2  stm32h7xx_it.o(.text.PendSV_Handler)
    PeriphCommonClock_Config                 0x080078a9   Thumb Code    66  main.o(.text.PeriphCommonClock_Config)
    Ptt_Control                              0x080078f1   Thumb Code    44  task.o(.text.Ptt_Control)
    SPI2_SendByte                            0x08007b61   Thumb Code    60  w5500_conf.o(.text.SPI2_SendByte)
    SPI4_SendByte                            0x08007ba1   Thumb Code    60  w5500_conf.o(.text.SPI4_SendByte)
    SVC_Handler                              0x08007ce1   Thumb Code     2  stm32h7xx_it.o(.text.SVC_Handler)
    SysTick_Handler                          0x08007d19   Thumb Code     8  stm32h7xx_it.o(.text.SysTick_Handler)
    SystemClock_Config                       0x08007d21   Thumb Code   204  main.o(.text.SystemClock_Config)
    SystemInit                               0x08007df1   Thumb Code   204  system_stm32h7xx.o(.text.SystemInit)
    TIM4_IRQHandler                          0x08007ec1   Thumb Code    16  stm32h7xx_it.o(.text.TIM4_IRQHandler)
    TIM_Base_SetConfig                       0x08007ed1   Thumb Code   314  stm32h7xx_hal_tim.o(.text.TIM_Base_SetConfig)
    TIM_ETR_SetConfig                        0x08008011   Thumb Code    20  stm32h7xx_hal_tim.o(.text.TIM_ETR_SetConfig)
    TIM_TI1_SetConfig                        0x080081a9   Thumb Code   168  stm32h7xx_hal_tim.o(.text.TIM_TI1_SetConfig)
    Task_Ads8411_Receive_Data                0x08008331   Thumb Code    18  task.o(.text.Task_Ads8411_Receive_Data)
    Task_Control                             0x08008349   Thumb Code    24  task.o(.text.Task_Control)
    Task_TCP                                 0x08008361   Thumb Code   340  tcp.o(.text.Task_TCP)
    Task_UDP                                 0x080084b9   Thumb Code   272  udp.o(.text.Task_UDP)
    Task_Write_Modbus                        0x080085c9   Thumb Code   402  task.o(.text.Task_Write_Modbus)
    UART_AdvFeatureConfig                    0x080087b9   Thumb Code   224  stm32h7xx_hal_uart.o(.text.UART_AdvFeatureConfig)
    UART_CheckIdleState                      0x08008899   Thumb Code   106  stm32h7xx_hal_uart.o(.text.UART_CheckIdleState)
    UART_SetConfig                           0x08008ad9   Thumb Code  1410  stm32h7xx_hal_uart.o(.text.UART_SetConfig)
    UART_Start_Receive_DMA                   0x08009061   Thumb Code   168  stm32h7xx_hal_uart.o(.text.UART_Start_Receive_DMA)
    UART_WaitOnFlagUntilTimeout              0x08009109   Thumb Code   236  stm32h7xx_hal_uart.o(.text.UART_WaitOnFlagUntilTimeout)
    UDP_Revice                               0x080091f9   Thumb Code    64  udp.o(.text.UDP_Revice)
    USART2_IRQHandler                        0x08009239   Thumb Code    24  stm32h7xx_it.o(.text.USART2_IRQHandler)
    UsageFault_Handler                       0x08009251   Thumb Code     2  stm32h7xx_it.o(.text.UsageFault_Handler)
    close_TOP                                0x080092d1   Thumb Code    42  socket.o(.text.close_TOP)
    delay_ms                                 0x08009301   Thumb Code    60  task.o(.text.delay_ms)
    getIINCHIP_TxMAX                         0x08009341   Thumb Code    14  w5500.o(.text.getIINCHIP_TxMAX)
    getSn_RX_RSR                             0x08009351   Thumb Code    76  w5500.o(.text.getSn_RX_RSR)
    getSn_RX_RSR_TOP                         0x080093a1   Thumb Code    76  w5500.o(.text.getSn_RX_RSR_TOP)
    listen_TOP                               0x080093f1   Thumb Code    54  socket.o(.text.listen_TOP)
    main                                     0x08009429   Thumb Code    82  main.o(.text.main)
    recv_TOP                                 0x08009481   Thumb Code    48  socket.o(.text.recv_TOP)
    recv_data_processing_TOP                 0x080094b1   Thumb Code    96  w5500.o(.text.recv_data_processing_TOP)
    recvfrom                                 0x08009511   Thumb Code   210  socket.o(.text.recvfrom)
    recvfrom_top                             0x080095e9   Thumb Code   206  socket.o(.text.recvfrom_top)
    remote_RJ45_reseive                      0x080096b9   Thumb Code   162  tcp.o(.text.remote_RJ45_reseive)
    reset_w5500                              0x08009761   Thumb Code    48  w5500_conf.o(.text.reset_w5500)
    reset_w5500_top                          0x08009791   Thumb Code    50  w5500_conf.o(.text.reset_w5500_top)
    send_data_processing                     0x080097c9   Thumb Code    96  w5500.o(.text.send_data_processing)
    send_data_processing_top                 0x08009829   Thumb Code    96  w5500.o(.text.send_data_processing_top)
    sendto                                   0x08009889   Thumb Code   248  socket.o(.text.sendto)
    sendto_top                               0x08009981   Thumb Code   248  socket.o(.text.sendto_top)
    socket                                   0x08009a79   Thumb Code   156  socket.o(.text.socket)
    socket_buf_init                          0x08009b19   Thumb Code   138  w5500.o(.text.socket_buf_init)
    socket_buf_init_top                      0x08009ba9   Thumb Code   138  w5500.o(.text.socket_buf_init_top)
    socket_top                               0x08009c39   Thumb Code   126  socket.o(.text.socket_top)
    w5500_init                               0x08009cb9   Thumb Code    80  w5500_conf.o(.text.w5500_init)
    w5500_top_init                           0x08009d09   Thumb Code    80  w5500_conf.o(.text.w5500_top_init)
    wiz_read_buf                             0x08009d59   Thumb Code    92  w5500_conf.o(.text.wiz_read_buf)
    wiz_read_buf_top                         0x08009db9   Thumb Code    92  w5500_conf.o(.text.wiz_read_buf_top)
    wiz_write_buf                            0x08009e19   Thumb Code    94  w5500_conf.o(.text.wiz_write_buf)
    wiz_write_buf_top                        0x08009e79   Thumb Code    94  w5500_conf.o(.text.wiz_write_buf_top)
    work_RJ45send_buff                       0x08009ed9   Thumb Code   256  tcp.o(.text.work_RJ45send_buff)
    _fp_init                                 0x08009fd9   Thumb Code    26  fpinit.o(x$fpl$fpinit)
    __fplib_config_fpu_vfp                   0x08009ff1   Thumb Code     0  fpinit.o(x$fpl$fpinit)
    __fplib_config_pureend_doubles           0x08009ff1   Thumb Code     0  fpinit.o(x$fpl$fpinit)
    D1CorePrescTable                         0x08009ff2   Data          16  system_stm32h7xx.o(.rodata.D1CorePrescTable)
    UARTPrescTable                           0x0800a002   Data          24  stm32h7xx_hal_uart.o(.rodata.UARTPrescTable)
    Region$$Table$$Base                      0x0800a02c   Number         0  anon$$obj.o(Region$$Table)
    Region$$Table$$Limit                     0x0800a04c   Number         0  anon$$obj.o(Region$$Table)
    SystemCoreClock                          0x24000000   Data           4  system_stm32h7xx.o(.data.SystemCoreClock)
    SystemD2Clock                            0x24000004   Data           4  system_stm32h7xx.o(.data.SystemD2Clock)
    gateway                                  0x24000008   Data           4  w5500_conf.o(.data.gateway)
    gateway2                                 0x2400000c   Data           4  w5500_conf.o(.data.gateway2)
    local_ip                                 0x24000010   Data           4  w5500_conf.o(.data.local_ip)
    local_ip2                                0x24000014   Data           4  w5500_conf.o(.data.local_ip2)
    local_port                               0x24000018   Data           2  w5500_conf.o(.data.local_port)
    local_port2                              0x2400001a   Data           2  w5500_conf.o(.data.local_port2)
    mac                                      0x2400001c   Data           6  w5500_conf.o(.data.mac)
    mac2                                     0x24000022   Data           6  w5500_conf.o(.data.mac2)
    remote_ip                                0x24000028   Data           4  w5500_conf.o(.data.remote_ip)
    remote_ip2                               0x2400002c   Data           4  w5500_conf.o(.data.remote_ip2)
    remote_port                              0x24000030   Data           2  w5500_conf.o(.data.remote_port)
    remote_port2                             0x24000032   Data           2  w5500_conf.o(.data.remote_port2)
    rxsize                                   0x24000034   Data           8  w5500.o(.data.rxsize)
    subnet                                   0x2400003c   Data           4  w5500_conf.o(.data.subnet)
    subnet2                                  0x24000040   Data           4  w5500_conf.o(.data.subnet2)
    txsize                                   0x24000044   Data           8  w5500.o(.data.txsize)
    uwTickFreq                               0x2400004c   Data           1  stm32h7xx_hal.o(.data.uwTickFreq)
    uwTickPrio                               0x24000050   Data           4  stm32h7xx_hal.o(.data.uwTickPrio)
    __libspace_start                         0x24000058   Data          96  libspace.o(.bss)
    AmplifierModule                          0x240000b8   Data         144  task.o(.bss.AmplifierModule)
    __temporary_stack_top$libspace           0x240000b8   Data           0  libspace.o(.bss)
    DC_Power                                 0x24000148   Data          18  task.o(.bss.DC_Power)
    I2C_Handle                               0x2400015c   Data          76  bsp_i2c_ee.o(.bss.I2C_Handle)
    Modbus                                   0x240001a8   Data        2048  task.o(.bss.Modbus)
    RJ45_Rx_buff                             0x240009a8   Data         128  tcp.o(.bss.RJ45_Rx_buff)
    RJ45_Tx_buff                             0x24000a28   Data         128  tcp.o(.bss.RJ45_Tx_buff)
    RSIZE                                    0x24000aa8   Data          16  w5500.o(.bss.RSIZE)
    Reseve_IP                                0x24000ab8   Data           4  udp.o(.bss.Reseve_IP)
    RestFlag                                 0x24000abc   Data           1  tcp.o(.bss.RestFlag)
    SSIZE                                    0x24000abe   Data          16  w5500.o(.bss.SSIZE)
    System                                   0x24000ad0   Data          80  task.o(.bss.System)
    UART2_DMA_RX                             0x24000b28   Data          64  lcd_rs232.o(.bss.UART2_DMA_RX)
    UDP_Rx_buff                              0x24000b68   Data         128  udp.o(.bss.UDP_Rx_buff)
    UDP_Tx_buff                              0x24000be8   Data         128  udp.o(.bss.UDP_Tx_buff)
    dataflag                                 0x24000c68   Data          50  udp.o(.bss.dataflag)
    hadc1                                    0x24000c9c   Data         100  adc.o(.bss.hadc1)
    hadc3                                    0x24000d00   Data         100  adc.o(.bss.hadc3)
    hdac1                                    0x24000d64   Data          20  dac.o(.bss.hdac1)
    hdma_adc1                                0x24000d78   Data         120  adc.o(.bss.hdma_adc1)
    hdma_adc3                                0x24000df0   Data         120  adc.o(.bss.hdma_adc3)
    hdma_usart2_rx                           0x24000e68   Data         120  usart.o(.bss.hdma_usart2_rx)
    hdma_usart2_tx                           0x24000ee0   Data         120  usart.o(.bss.hdma_usart2_tx)
    hspi2                                    0x24000f58   Data         136  spi.o(.bss.hspi2)
    hspi4                                    0x24000fe0   Data         136  spi.o(.bss.hspi4)
    hspi5                                    0x24001068   Data         136  spi.o(.bss.hspi5)
    htim4                                    0x240010f0   Data          76  tim.o(.bss.htim4)
    huart2                                   0x2400113c   Data         144  usart.o(.bss.huart2)
    uwTick                                   0x240011cc   Data           4  stm32h7xx_hal.o(.bss.uwTick)



==============================================================================

Memory Map of the image

  Image Entry point : 0x08000299

  Load Region LR_IROM1 (Base: 0x08000000, Size: 0x0000a0a8, Max: 0x00200000, ABSOLUTE)

    Execution Region ER_IROM1 (Exec base: 0x08000000, Load base: 0x08000000, Size: 0x0000a04c, Max: 0x00200000, ABSOLUTE)

    Exec Addr    Load Addr    Size         Type   Attr      Idx    E Section Name        Object

    0x08000000   0x08000000   0x00000298   Data   RO            3    RESET               startup_stm32h743xx.o
    0x08000298   0x08000298   0x00000008   Code   RO         2420  * !!!main             c_w.l(__main.o)
    0x080002a0   0x080002a0   0x00000034   Code   RO         2593    !!!scatter          c_w.l(__scatter.o)
    0x080002d4   0x080002d4   0x0000001a   Code   RO         2595    !!handler_copy      c_w.l(__scatter_copy.o)
    0x080002ee   0x080002ee   0x00000002   PAD
    0x080002f0   0x080002f0   0x0000001c   Code   RO         2597    !!handler_zi        c_w.l(__scatter_zi.o)
    0x0800030c   0x0800030c   0x00000002   Code   RO         2457    .ARM.Collect$$libinit$$00000000  c_w.l(libinit.o)
    0x0800030e   0x0800030e   0x00000004   Code   RO         2469    .ARM.Collect$$libinit$$00000001  c_w.l(libinit2.o)
    0x08000312   0x08000312   0x00000000   Code   RO         2472    .ARM.Collect$$libinit$$00000004  c_w.l(libinit2.o)
    0x08000312   0x08000312   0x00000000   Code   RO         2475    .ARM.Collect$$libinit$$0000000A  c_w.l(libinit2.o)
    0x08000312   0x08000312   0x00000000   Code   RO         2477    .ARM.Collect$$libinit$$0000000C  c_w.l(libinit2.o)
    0x08000312   0x08000312   0x00000000   Code   RO         2479    .ARM.Collect$$libinit$$0000000E  c_w.l(libinit2.o)
    0x08000312   0x08000312   0x00000000   Code   RO         2482    .ARM.Collect$$libinit$$00000011  c_w.l(libinit2.o)
    0x08000312   0x08000312   0x00000000   Code   RO         2484    .ARM.Collect$$libinit$$00000013  c_w.l(libinit2.o)
    0x08000312   0x08000312   0x00000000   Code   RO         2486    .ARM.Collect$$libinit$$00000015  c_w.l(libinit2.o)
    0x08000312   0x08000312   0x00000000   Code   RO         2488    .ARM.Collect$$libinit$$00000017  c_w.l(libinit2.o)
    0x08000312   0x08000312   0x00000000   Code   RO         2490    .ARM.Collect$$libinit$$00000019  c_w.l(libinit2.o)
    0x08000312   0x08000312   0x00000000   Code   RO         2492    .ARM.Collect$$libinit$$0000001B  c_w.l(libinit2.o)
    0x08000312   0x08000312   0x00000000   Code   RO         2494    .ARM.Collect$$libinit$$0000001D  c_w.l(libinit2.o)
    0x08000312   0x08000312   0x00000000   Code   RO         2496    .ARM.Collect$$libinit$$0000001F  c_w.l(libinit2.o)
    0x08000312   0x08000312   0x00000000   Code   RO         2498    .ARM.Collect$$libinit$$00000021  c_w.l(libinit2.o)
    0x08000312   0x08000312   0x00000000   Code   RO         2500    .ARM.Collect$$libinit$$00000023  c_w.l(libinit2.o)
    0x08000312   0x08000312   0x00000000   Code   RO         2502    .ARM.Collect$$libinit$$00000025  c_w.l(libinit2.o)
    0x08000312   0x08000312   0x00000000   Code   RO         2506    .ARM.Collect$$libinit$$0000002C  c_w.l(libinit2.o)
    0x08000312   0x08000312   0x00000000   Code   RO         2508    .ARM.Collect$$libinit$$0000002E  c_w.l(libinit2.o)
    0x08000312   0x08000312   0x00000000   Code   RO         2510    .ARM.Collect$$libinit$$00000030  c_w.l(libinit2.o)
    0x08000312   0x08000312   0x00000000   Code   RO         2512    .ARM.Collect$$libinit$$00000032  c_w.l(libinit2.o)
    0x08000312   0x08000312   0x00000002   Code   RO         2513    .ARM.Collect$$libinit$$00000033  c_w.l(libinit2.o)
    0x08000314   0x08000314   0x00000002   Code   RO         2548    .ARM.Collect$$libshutdown$$00000000  c_w.l(libshutdown.o)
    0x08000316   0x08000316   0x00000000   Code   RO         2576    .ARM.Collect$$libshutdown$$00000002  c_w.l(libshutdown2.o)
    0x08000316   0x08000316   0x00000000   Code   RO         2578    .ARM.Collect$$libshutdown$$00000004  c_w.l(libshutdown2.o)
    0x08000316   0x08000316   0x00000000   Code   RO         2581    .ARM.Collect$$libshutdown$$00000007  c_w.l(libshutdown2.o)
    0x08000316   0x08000316   0x00000000   Code   RO         2584    .ARM.Collect$$libshutdown$$0000000A  c_w.l(libshutdown2.o)
    0x08000316   0x08000316   0x00000000   Code   RO         2586    .ARM.Collect$$libshutdown$$0000000C  c_w.l(libshutdown2.o)
    0x08000316   0x08000316   0x00000000   Code   RO         2589    .ARM.Collect$$libshutdown$$0000000F  c_w.l(libshutdown2.o)
    0x08000316   0x08000316   0x00000002   Code   RO         2590    .ARM.Collect$$libshutdown$$00000010  c_w.l(libshutdown2.o)
    0x08000318   0x08000318   0x00000000   Code   RO         2422    .ARM.Collect$$rtentry$$00000000  c_w.l(__rtentry.o)
    0x08000318   0x08000318   0x00000000   Code   RO         2428    .ARM.Collect$$rtentry$$00000002  c_w.l(__rtentry2.o)
    0x08000318   0x08000318   0x00000006   Code   RO         2440    .ARM.Collect$$rtentry$$00000004  c_w.l(__rtentry4.o)
    0x0800031e   0x0800031e   0x00000000   Code   RO         2430    .ARM.Collect$$rtentry$$00000009  c_w.l(__rtentry2.o)
    0x0800031e   0x0800031e   0x00000004   Code   RO         2431    .ARM.Collect$$rtentry$$0000000A  c_w.l(__rtentry2.o)
    0x08000322   0x08000322   0x00000000   Code   RO         2433    .ARM.Collect$$rtentry$$0000000C  c_w.l(__rtentry2.o)
    0x08000322   0x08000322   0x00000008   Code   RO         2434    .ARM.Collect$$rtentry$$0000000D  c_w.l(__rtentry2.o)
    0x0800032a   0x0800032a   0x00000002   Code   RO         2461    .ARM.Collect$$rtexit$$00000000  c_w.l(rtexit.o)
    0x0800032c   0x0800032c   0x00000000   Code   RO         2519    .ARM.Collect$$rtexit$$00000002  c_w.l(rtexit2.o)
    0x0800032c   0x0800032c   0x00000004   Code   RO         2520    .ARM.Collect$$rtexit$$00000003  c_w.l(rtexit2.o)
    0x08000330   0x08000330   0x00000006   Code   RO         2521    .ARM.Collect$$rtexit$$00000004  c_w.l(rtexit2.o)
    0x08000336   0x08000336   0x00000002   PAD
    0x08000338   0x08000338   0x00000040   Code   RO            4    .text               startup_stm32h743xx.o
    0x08000378   0x08000378   0x000000f0   Code   RO         2414    .text               c_w.l(lludivv7m.o)
    0x08000468   0x08000468   0x0000004e   Code   RO         2416    .text               c_w.l(rt_memclr_w.o)
    0x080004b6   0x080004b6   0x00000006   Code   RO         2418    .text               c_w.l(heapauxi.o)
    0x080004bc   0x080004bc   0x0000004a   Code   RO         2444    .text               c_w.l(sys_stackheap_outer.o)
    0x08000506   0x08000506   0x00000012   Code   RO         2446    .text               c_w.l(exit.o)
    0x08000518   0x08000518   0x00000008   Code   RO         2458    .text               c_w.l(libspace.o)
    0x08000520   0x08000520   0x0000000c   Code   RO         2514    .text               c_w.l(sys_exit.o)
    0x0800052c   0x0800052c   0x00000002   Code   RO         2537    .text               c_w.l(use_no_semi.o)
    0x0800052e   0x0800052e   0x00000000   Code   RO         2539    .text               c_w.l(indicate_semi.o)
    0x0800052e   0x0800052e   0x00000002   PAD
    0x08000530   0x08000530   0x00000114   Code   RO          213    .text.ADC_ConfigureBoostMode  stm32h7xx_hal_adc.o
    0x08000644   0x08000644   0x00000004   PAD
    0x08000648   0x08000648   0x00000010   Code   RO          176    .text.BDMA_Channel0_IRQHandler  stm32h7xx_it.o
    0x08000658   0x08000658   0x00000002   Code   RO          154    .text.BusFault_Handler  stm32h7xx_it.o
    0x0800065a   0x0800065a   0x00000006   PAD
    0x08000660   0x08000660   0x00000038   Code   RO         2140    .text.DC_Power_Control  task.o
    0x08000698   0x08000698   0x00000010   Code   RO          166    .text.DMA1_Stream0_IRQHandler  stm32h7xx_it.o
    0x080006a8   0x080006a8   0x00000010   Code   RO          168    .text.DMA1_Stream1_IRQHandler  stm32h7xx_it.o
    0x080006b8   0x080006b8   0x00000010   Code   RO          170    .text.DMA1_Stream2_IRQHandler  stm32h7xx_it.o
    0x080006c8   0x080006c8   0x0000011c   Code   RO          712    .text.DMA_CalcBaseAndBitshift  stm32h7xx_hal_dma.o
    0x080007e4   0x080007e4   0x00000004   PAD
    0x080007e8   0x080007e8   0x000000ec   Code   RO          714    .text.DMA_CalcDMAMUXChannelBaseAndMask  stm32h7xx_hal_dma.o
    0x080008d4   0x080008d4   0x00000004   PAD
    0x080008d8   0x080008d8   0x000000ae   Code   RO          716    .text.DMA_CalcDMAMUXRequestGenBaseAndMask  stm32h7xx_hal_dma.o
    0x08000986   0x08000986   0x00000002   PAD
    0x08000988   0x08000988   0x00000050   Code   RO          710    .text.DMA_CheckFifoParam  stm32h7xx_hal_dma.o
    0x080009d8   0x080009d8   0x000002ee   Code   RO          722    .text.DMA_SetConfig  stm32h7xx_hal_dma.o
    0x08000cc6   0x08000cc6   0x00000002   PAD
    0x08000cc8   0x08000cc8   0x00000002   Code   RO          160    .text.DebugMon_Handler  stm32h7xx_it.o
    0x08000cca   0x08000cca   0x00000006   PAD
    0x08000cd0   0x08000cd0   0x00000030   Code   RO         2136    .text.Device_Init   task.o
    0x08000d00   0x08000d00   0x0000000a   Code   RO           17    .text.Error_Handler  main.o
    0x08000d0a   0x08000d0a   0x00000006   PAD
    0x08000d10   0x08000d10   0x00000110   Code   RO          429    .text.HAL_ADCEx_MultiModeConfigChannel  stm32h7xx_hal_adc_ex.o
    0x08000e20   0x08000e20   0x00000312   Code   RO          271    .text.HAL_ADC_ConfigChannel  stm32h7xx_hal_adc.o
    0x08001132   0x08001132   0x00000006   PAD
    0x08001138   0x08001138   0x0000022a   Code   RO          193    .text.HAL_ADC_Init  stm32h7xx_hal_adc.o
    0x08001362   0x08001362   0x00000006   PAD
    0x08001368   0x08001368   0x00000152   Code   RO           40    .text.HAL_ADC_MspInit  adc.o
    0x080014ba   0x080014ba   0x00000006   PAD
    0x080014c0   0x080014c0   0x00000150   Code   RO         1385    .text.HAL_DAC_ConfigChannel  stm32h7xx_hal_dac.o
    0x08001610   0x08001610   0x00000026   Code   RO         1349    .text.HAL_DAC_Init  stm32h7xx_hal_dac.o
    0x08001636   0x08001636   0x00000002   PAD
    0x08001638   0x08001638   0x00000068   Code   RO           67    .text.HAL_DAC_MspInit  dac.o
    0x080016a0   0x080016a0   0x000005be   Code   RO          726    .text.HAL_DMA_Abort  stm32h7xx_hal_dma.o
    0x08001c5e   0x08001c5e   0x00000002   PAD
    0x08001c60   0x08001c60   0x000002ae   Code   RO          728    .text.HAL_DMA_Abort_IT  stm32h7xx_hal_dma.o
    0x08001f0e   0x08001f0e   0x00000002   PAD
    0x08001f10   0x08001f10   0x00000004   Code   RO          740    .text.HAL_DMA_GetError  stm32h7xx_hal_dma.o
    0x08001f14   0x08001f14   0x00000004   PAD
    0x08001f18   0x08001f18   0x00000ba0   Code   RO          732    .text.HAL_DMA_IRQHandler  stm32h7xx_hal_dma.o
    0x08002ab8   0x08002ab8   0x00000560   Code   RO          708    .text.HAL_DMA_Init  stm32h7xx_hal_dma.o
    0x08003018   0x08003018   0x00000460   Code   RO          724    .text.HAL_DMA_Start_IT  stm32h7xx_hal_dma.o
    0x08003478   0x08003478   0x00000028   Code   RO         1050    .text.HAL_Delay     stm32h7xx_hal.o
    0x080034a0   0x080034a0   0x000001a0   Code   RO          654    .text.HAL_GPIO_Init  stm32h7xx_hal_gpio.o
    0x08003640   0x08003640   0x00000010   Code   RO          662    .text.HAL_GPIO_TogglePin  stm32h7xx_hal_gpio.o
    0x08003650   0x08003650   0x0000000a   Code   RO          660    .text.HAL_GPIO_WritePin  stm32h7xx_hal_gpio.o
    0x0800365a   0x0800365a   0x00000006   PAD
    0x08003660   0x08003660   0x0000000e   Code   RO         1058    .text.HAL_GetREVID  stm32h7xx_hal.o
    0x0800366e   0x0800366e   0x00000002   PAD
    0x08003670   0x08003670   0x0000000c   Code   RO         1042    .text.HAL_GetTick   stm32h7xx_hal.o
    0x0800367c   0x0800367c   0x00000004   PAD
    0x08003680   0x08003680   0x0000004a   Code   RO         1303    .text.HAL_I2CEx_ConfigAnalogFilter  stm32h7xx_hal_i2c_ex.o
    0x080036ca   0x080036ca   0x00000006   PAD
    0x080036d0   0x080036d0   0x00000006   Code   RO         1273    .text.HAL_I2C_GetState  stm32h7xx_hal_i2c.o
    0x080036d6   0x080036d6   0x00000002   PAD
    0x080036d8   0x080036d8   0x000000a2   Code   RO         1137    .text.HAL_I2C_Init  stm32h7xx_hal_i2c.o
    0x0800377a   0x0800377a   0x00000006   PAD
    0x08003780   0x08003780   0x00000132   Code   RO         1217    .text.HAL_I2C_IsDeviceReady  stm32h7xx_hal_i2c.o
    0x080038b2   0x080038b2   0x00000006   PAD
    0x080038b8   0x080038b8   0x00000176   Code   RO         1201    .text.HAL_I2C_Mem_Write  stm32h7xx_hal_i2c.o
    0x08003a2e   0x08003a2e   0x00000002   PAD
    0x08003a30   0x08003a30   0x00000002   Code   RO         1139    .text.HAL_I2C_MspInit  stm32h7xx_hal_i2c.o
    0x08003a32   0x08003a32   0x00000006   PAD
    0x08003a38   0x08003a38   0x0000001a   Code   RO         1040    .text.HAL_IncTick   stm32h7xx_hal.o
    0x08003a52   0x08003a52   0x00000006   PAD
    0x08003a58   0x08003a58   0x00000064   Code   RO         1030    .text.HAL_Init      stm32h7xx_hal.o
    0x08003abc   0x08003abc   0x00000004   PAD
    0x08003ac0   0x08003ac0   0x00000054   Code   RO         1032    .text.HAL_InitTick  stm32h7xx_hal.o
    0x08003b14   0x08003b14   0x00000004   PAD
    0x08003b18   0x08003b18   0x00000028   Code   RO          185    .text.HAL_MspInit   stm32h7xx_hal_msp.o
    0x08003b40   0x08003b40   0x00000008   Code   RO          968    .text.HAL_NVIC_EnableIRQ  stm32h7xx_hal_cortex.o
    0x08003b48   0x08003b48   0x0000001e   Code   RO          960    .text.HAL_NVIC_SetPriority  stm32h7xx_hal_cortex.o
    0x08003b66   0x08003b66   0x00000002   PAD
    0x08003b68   0x08003b68   0x00000008   Code   RO          956    .text.HAL_NVIC_SetPriorityGrouping  stm32h7xx_hal_cortex.o
    0x08003b70   0x08003b70   0x00000048   Code   RO          868    .text.HAL_PWREx_ConfigSupply  stm32h7xx_hal_pwr_ex.o
    0x08003bb8   0x08003bb8   0x00000026   Code   RO          505    .text.HAL_RCCEx_GetD3PCLK1Freq  stm32h7xx_hal_rcc_ex.o
    0x08003bde   0x08003bde   0x00000002   PAD
    0x08003be0   0x08003be0   0x00000128   Code   RO          499    .text.HAL_RCCEx_GetPLL1ClockFreq  stm32h7xx_hal_rcc_ex.o
    0x08003d08   0x08003d08   0x00000124   Code   RO          501    .text.HAL_RCCEx_GetPLL2ClockFreq  stm32h7xx_hal_rcc_ex.o
    0x08003e2c   0x08003e2c   0x00000004   PAD
    0x08003e30   0x08003e30   0x00000124   Code   RO          503    .text.HAL_RCCEx_GetPLL3ClockFreq  stm32h7xx_hal_rcc_ex.o
    0x08003f54   0x08003f54   0x00000004   PAD
    0x08003f58   0x08003f58   0x000002fe   Code   RO          497    .text.HAL_RCCEx_GetPeriphCLKFreq  stm32h7xx_hal_rcc_ex.o
    0x08004256   0x08004256   0x00000002   PAD
    0x08004258   0x08004258   0x00000960   Code   RO          489    .text.HAL_RCCEx_PeriphCLKConfig  stm32h7xx_hal_rcc_ex.o
    0x08004bb8   0x08004bb8   0x00000254   Code   RO          457    .text.HAL_RCC_ClockConfig  stm32h7xx_hal_rcc.o
    0x08004e0c   0x08004e0c   0x00000004   PAD
    0x08004e10   0x08004e10   0x0000004c   Code   RO          467    .text.HAL_RCC_GetHCLKFreq  stm32h7xx_hal_rcc.o
    0x08004e5c   0x08004e5c   0x00000004   PAD
    0x08004e60   0x08004e60   0x00000026   Code   RO          469    .text.HAL_RCC_GetPCLK1Freq  stm32h7xx_hal_rcc.o
    0x08004e86   0x08004e86   0x00000002   PAD
    0x08004e88   0x08004e88   0x00000026   Code   RO          471    .text.HAL_RCC_GetPCLK2Freq  stm32h7xx_hal_rcc.o
    0x08004eae   0x08004eae   0x00000002   PAD
    0x08004eb0   0x08004eb0   0x00000108   Code   RO          459    .text.HAL_RCC_GetSysClockFreq  stm32h7xx_hal_rcc.o
    0x08004fb8   0x08004fb8   0x00000624   Code   RO          455    .text.HAL_RCC_OscConfig  stm32h7xx_hal_rcc.o
    0x080055dc   0x080055dc   0x00000004   PAD
    0x080055e0   0x080055e0   0x0000015a   Code   RO         1443    .text.HAL_SPI_Init  stm32h7xx_hal_spi.o
    0x0800573a   0x0800573a   0x00000006   PAD
    0x08005740   0x08005740   0x00000154   Code   RO           95    .text.HAL_SPI_MspInit  spi.o
    0x08005894   0x08005894   0x00000004   PAD
    0x08005898   0x08005898   0x00000328   Code   RO         1461    .text.HAL_SPI_TransmitReceive  stm32h7xx_hal_spi.o
    0x08005bc0   0x08005bc0   0x00000008   Code   RO          980    .text.HAL_SYSTICK_Config  stm32h7xx_hal_cortex.o
    0x08005bc8   0x08005bc8   0x00000002   Code   RO         1899    .text.HAL_TIMEx_Break2Callback  stm32h7xx_hal_tim_ex.o
    0x08005bca   0x08005bca   0x00000006   PAD
    0x08005bd0   0x08005bd0   0x00000002   Code   RO         1897    .text.HAL_TIMEx_BreakCallback  stm32h7xx_hal_tim_ex.o
    0x08005bd2   0x08005bd2   0x00000006   PAD
    0x08005bd8   0x08005bd8   0x00000002   Code   RO         1893    .text.HAL_TIMEx_CommutCallback  stm32h7xx_hal_tim_ex.o
    0x08005bda   0x08005bda   0x00000006   PAD
    0x08005be0   0x08005be0   0x000000cc   Code   RO         1881    .text.HAL_TIMEx_MasterConfigSynchronization  stm32h7xx_hal_tim_ex.o
    0x08005cac   0x08005cac   0x00000004   PAD
    0x08005cb0   0x08005cb0   0x00000060   Code   RO         1563    .text.HAL_TIM_Base_Init  stm32h7xx_hal_tim.o
    0x08005d10   0x08005d10   0x00000080   Code   RO          112    .text.HAL_TIM_Base_MspInit  tim.o
    0x08005d90   0x08005d90   0x0000010e   Code   RO         1759    .text.HAL_TIM_ConfigClockSource  stm32h7xx_hal_tim.o
    0x08005e9e   0x08005e9e   0x00000002   PAD
    0x08005ea0   0x08005ea0   0x00000002   Code   RO         1699    .text.HAL_TIM_IC_CaptureCallback  stm32h7xx_hal_tim.o
    0x08005ea2   0x08005ea2   0x00000006   PAD
    0x08005ea8   0x08005ea8   0x0000009a   Code   RO         1723    .text.HAL_TIM_IC_ConfigChannel  stm32h7xx_hal_tim.o
    0x08005f42   0x08005f42   0x00000006   PAD
    0x08005f48   0x08005f48   0x00000060   Code   RO         1637    .text.HAL_TIM_IC_Init  stm32h7xx_hal_tim.o
    0x08005fa8   0x08005fa8   0x00000002   Code   RO         1639    .text.HAL_TIM_IC_MspInit  stm32h7xx_hal_tim.o
    0x08005faa   0x08005faa   0x00000006   PAD
    0x08005fb0   0x08005fb0   0x00000188   Code   RO         1697    .text.HAL_TIM_IRQHandler  stm32h7xx_hal_tim.o
    0x08006138   0x08006138   0x00000002   Code   RO         1701    .text.HAL_TIM_OC_DelayElapsedCallback  stm32h7xx_hal_tim.o
    0x0800613a   0x0800613a   0x00000006   PAD
    0x08006140   0x08006140   0x00000002   Code   RO         1703    .text.HAL_TIM_PWM_PulseFinishedCallback  stm32h7xx_hal_tim.o
    0x08006142   0x08006142   0x00000006   PAD
    0x08006148   0x08006148   0x00000002   Code   RO         1705    .text.HAL_TIM_PeriodElapsedCallback  stm32h7xx_hal_tim.o
    0x0800614a   0x0800614a   0x00000006   PAD
    0x08006150   0x08006150   0x0000004a   Code   RO         1769    .text.HAL_TIM_SlaveConfigSynchro  stm32h7xx_hal_tim.o
    0x0800619a   0x0800619a   0x00000006   PAD
    0x080061a0   0x080061a0   0x00000002   Code   RO         1707    .text.HAL_TIM_TriggerCallback  stm32h7xx_hal_tim.o
    0x080061a2   0x080061a2   0x00000006   PAD
    0x080061a8   0x080061a8   0x00000036   Code   RO         2084    .text.HAL_UARTEx_DisableFifoMode  stm32h7xx_hal_uart_ex.o
    0x080061de   0x080061de   0x00000002   PAD
    0x080061e0   0x080061e0   0x00000002   Code   RO         2007    .text.HAL_UARTEx_RxEventCallback  stm32h7xx_hal_uart.o
    0x080061e2   0x080061e2   0x00000006   PAD
    0x080061e8   0x080061e8   0x00000002   Code   RO         2066    .text.HAL_UARTEx_RxFifoFullCallback  stm32h7xx_hal_uart_ex.o
    0x080061ea   0x080061ea   0x00000006   PAD
    0x080061f0   0x080061f0   0x0000004a   Code   RO         2088    .text.HAL_UARTEx_SetRxFifoThreshold  stm32h7xx_hal_uart_ex.o
    0x0800623a   0x0800623a   0x00000006   PAD
    0x08006240   0x08006240   0x0000004a   Code   RO         2086    .text.HAL_UARTEx_SetTxFifoThreshold  stm32h7xx_hal_uart_ex.o
    0x0800628a   0x0800628a   0x00000006   PAD
    0x08006290   0x08006290   0x00000002   Code   RO         2068    .text.HAL_UARTEx_TxFifoEmptyCallback  stm32h7xx_hal_uart_ex.o
    0x08006292   0x08006292   0x00000006   PAD
    0x08006298   0x08006298   0x00000002   Code   RO         2064    .text.HAL_UARTEx_WakeupCallback  stm32h7xx_hal_uart_ex.o
    0x0800629a   0x0800629a   0x00000006   PAD
    0x080062a0   0x080062a0   0x0000009c   Code   RO         1969    .text.HAL_UART_DMAStop  stm32h7xx_hal_uart.o
    0x0800633c   0x0800633c   0x00000004   PAD
    0x08006340   0x08006340   0x00000002   Code   RO         2005    .text.HAL_UART_ErrorCallback  stm32h7xx_hal_uart.o
    0x08006342   0x08006342   0x00000006   PAD
    0x08006348   0x08006348   0x00000054   Code   RO          133    .text.HAL_UART_IDLECallback  usart.o
    0x0800639c   0x0800639c   0x00000004   PAD
    0x080063a0   0x080063a0   0x000003d6   Code   RO         2001    .text.HAL_UART_IRQHandler  stm32h7xx_hal_uart.o
    0x08006776   0x08006776   0x00000002   PAD
    0x08006778   0x08006778   0x00000062   Code   RO         1913    .text.HAL_UART_Init  stm32h7xx_hal_uart.o
    0x080067da   0x080067da   0x00000006   PAD
    0x080067e0   0x080067e0   0x00000130   Code   RO          127    .text.HAL_UART_MspInit  usart.o
    0x08006910   0x08006910   0x0000006a   Code   RO         1961    .text.HAL_UART_Receive_DMA  stm32h7xx_hal_uart.o
    0x0800697a   0x0800697a   0x00000006   PAD
    0x08006980   0x08006980   0x00000002   Code   RO          131    .text.HAL_UART_RxCpltCallback  usart.o
    0x08006982   0x08006982   0x00000006   PAD
    0x08006988   0x08006988   0x00000002   Code   RO         2017    .text.HAL_UART_RxHalfCpltCallback  stm32h7xx_hal_uart.o
    0x0800698a   0x0800698a   0x00000006   PAD
    0x08006990   0x08006990   0x00000008   Code   RO          135    .text.HAL_UART_TxCpltCallback  usart.o
    0x08006998   0x08006998   0x00000002   Code   RO          150    .text.HardFault_Handler  stm32h7xx_it.o
    0x0800699a   0x0800699a   0x00000006   PAD
    0x080069a0   0x080069a0   0x00000070   Code   RO         2398    .text.I2C_EE_ByteWrite  bsp_i2c_ee.o
    0x08006a10   0x08006a10   0x0000000c   Code   RO         2388    .text.I2C_EE_Init   bsp_i2c_ee.o
    0x08006a1c   0x08006a1c   0x00000004   PAD
    0x08006a20   0x08006a20   0x0000001e   Code   RO         1161    .text.I2C_Flush_TXDR  stm32h7xx_hal_i2c.o
    0x08006a3e   0x08006a3e   0x00000002   PAD
    0x08006a40   0x08006a40   0x0000009a   Code   RO         2390    .text.I2C_GPIO_Config  bsp_i2c_ee.o
    0x08006ada   0x08006ada   0x00000006   PAD
    0x08006ae0   0x08006ae0   0x00000134   Code   RO         1293    .text.I2C_IsErrorOccurred  stm32h7xx_hal_i2c.o
    0x08006c14   0x08006c14   0x00000004   PAD
    0x08006c18   0x08006c18   0x00000040   Code   RO         2392    .text.I2C_Mode_Config  bsp_i2c_ee.o
    0x08006c58   0x08006c58   0x00000074   Code   RO         1203    .text.I2C_RequestMemoryWrite  stm32h7xx_hal_i2c.o
    0x08006ccc   0x08006ccc   0x00000004   PAD
    0x08006cd0   0x08006cd0   0x0000002e   Code   RO         1149    .text.I2C_TransferConfig  stm32h7xx_hal_i2c.o
    0x08006cfe   0x08006cfe   0x00000002   PAD
    0x08006d00   0x08006d00   0x0000007a   Code   RO         1147    .text.I2C_WaitOnFlagUntilTimeout  stm32h7xx_hal_i2c.o
    0x08006d7a   0x08006d7a   0x00000006   PAD
    0x08006d80   0x08006d80   0x0000004c   Code   RO         1153    .text.I2C_WaitOnSTOPFlagUntilTimeout  stm32h7xx_hal_i2c.o
    0x08006dcc   0x08006dcc   0x00000004   PAD
    0x08006dd0   0x08006dd0   0x00000060   Code   RO         1151    .text.I2C_WaitOnTXISFlagUntilTimeout  stm32h7xx_hal_i2c.o
    0x08006e30   0x08006e30   0x00000048   Code   RO         2227    .text.IINCHIP_READ  w5500_conf.o
    0x08006e78   0x08006e78   0x00000048   Code   RO         2239    .text.IINCHIP_READ_TOP  w5500_conf.o
    0x08006ec0   0x08006ec0   0x0000004a   Code   RO         2225    .text.IINCHIP_WRITE  w5500_conf.o
    0x08006f0a   0x08006f0a   0x00000006   PAD
    0x08006f10   0x08006f10   0x0000004a   Code   RO         2237    .text.IINCHIP_WRITE_TOP  w5500_conf.o
    0x08006f5a   0x08006f5a   0x00000006   PAD
    0x08006f60   0x08006f60   0x0000001e   Code   RO         2122    .text.LED_Comm_Toggle  led.o
    0x08006f7e   0x08006f7e   0x00000002   PAD
    0x08006f80   0x08006f80   0x00000026   Code   RO         2120    .text.LED_DC_Power  led.o
    0x08006fa6   0x08006fa6   0x00000002   PAD
    0x08006fa8   0x08006fa8   0x00000010   Code   RO          199    .text.LL_ADC_DisableDeepPowerDown  stm32h7xx_hal_adc.o
    0x08006fb8   0x08006fb8   0x00000014   Code   RO          203    .text.LL_ADC_EnableInternalRegulator  stm32h7xx_hal_adc.o
    0x08006fcc   0x08006fcc   0x00000004   PAD
    0x08006fd0   0x08006fd0   0x00000008   Code   RO          285    .text.LL_ADC_GetCommonPathInternalCh  stm32h7xx_hal_adc.o
    0x08006fd8   0x08006fd8   0x00000008   Code   RO          211    .text.LL_ADC_INJ_IsConversionOngoing  stm32h7xx_hal_adc.o
    0x08006fe0   0x08006fe0   0x00000008   Code   RO          197    .text.LL_ADC_IsDeepPowerDownEnabled  stm32h7xx_hal_adc.o
    0x08006fe8   0x08006fe8   0x00000008   Code   RO          207    .text.LL_ADC_IsEnabled  stm32h7xx_hal_adc.o
    0x08006ff0   0x08006ff0   0x00000008   Code   RO          345    .text.LL_ADC_IsEnabled  stm32h7xx_hal_adc_ex.o
    0x08006ff8   0x08006ff8   0x00000008   Code   RO          201    .text.LL_ADC_IsInternalRegulatorEnabled  stm32h7xx_hal_adc.o
    0x08007000   0x08007000   0x00000008   Code   RO          205    .text.LL_ADC_REG_IsConversionOngoing  stm32h7xx_hal_adc.o
    0x08007008   0x08007008   0x00000008   Code   RO          347    .text.LL_ADC_REG_IsConversionOngoing  stm32h7xx_hal_adc_ex.o
    0x08007010   0x08007010   0x0000002c   Code   RO          273    .text.LL_ADC_REG_SetSequencerRanks  stm32h7xx_hal_adc.o
    0x0800703c   0x0800703c   0x00000004   PAD
    0x08007040   0x08007040   0x00000028   Code   RO          275    .text.LL_ADC_SetChannelSamplingTime  stm32h7xx_hal_adc.o
    0x08007068   0x08007068   0x0000002a   Code   RO          283    .text.LL_ADC_SetChannelSingleDiff  stm32h7xx_hal_adc.o
    0x08007092   0x08007092   0x00000006   PAD
    0x08007098   0x08007098   0x0000000c   Code   RO          209    .text.LL_ADC_SetCommonClock  stm32h7xx_hal_adc.o
    0x080070a4   0x080070a4   0x00000004   PAD
    0x080070a8   0x080070a8   0x0000000c   Code   RO          287    .text.LL_ADC_SetCommonPathInternalCh  stm32h7xx_hal_adc.o
    0x080070b4   0x080070b4   0x00000004   PAD
    0x080070b8   0x080070b8   0x00000014   Code   RO          281    .text.LL_ADC_SetDataRightShift  stm32h7xx_hal_adc.o
    0x080070cc   0x080070cc   0x00000004   PAD
    0x080070d0   0x080070d0   0x00000016   Code   RO          277    .text.LL_ADC_SetOffset  stm32h7xx_hal_adc.o
    0x080070e6   0x080070e6   0x00000002   PAD
    0x080070e8   0x080070e8   0x00000010   Code   RO          279    .text.LL_ADC_SetOffsetSignedSaturation  stm32h7xx_hal_adc.o
    0x080070f8   0x080070f8   0x000000a4   Code   RO           36    .text.MX_ADC1_Init  adc.o
    0x0800719c   0x0800719c   0x00000004   PAD
    0x080071a0   0x080071a0   0x00000084   Code   RO           38    .text.MX_ADC3_Init  adc.o
    0x08007224   0x08007224   0x00000004   PAD
    0x08007228   0x08007228   0x00000032   Code   RO           56    .text.MX_BDMA_Init  bdma.o
    0x0800725a   0x0800725a   0x00000006   PAD
    0x08007260   0x08007260   0x00000050   Code   RO           65    .text.MX_DAC1_Init  dac.o
    0x080072b0   0x080072b0   0x00000052   Code   RO           80    .text.MX_DMA_Init   dma.o
    0x08007302   0x08007302   0x00000006   PAD
    0x08007308   0x08007308   0x000001a0   Code   RO           27    .text.MX_GPIO_Init  gpio.o
    0x080074a8   0x080074a8   0x0000005e   Code   RO           89    .text.MX_SPI2_Init  spi.o
    0x08007506   0x08007506   0x00000002   PAD
    0x08007508   0x08007508   0x0000005e   Code   RO           91    .text.MX_SPI4_Init  spi.o
    0x08007566   0x08007566   0x00000002   PAD
    0x08007568   0x08007568   0x00000058   Code   RO           93    .text.MX_SPI5_Init  spi.o
    0x080075c0   0x080075c0   0x000000fc   Code   RO          110    .text.MX_TIM4_Init  tim.o
    0x080076bc   0x080076bc   0x00000004   PAD
    0x080076c0   0x080076c0   0x00000088   Code   RO          125    .text.MX_USART2_UART_Init  usart.o
    0x08007748   0x08007748   0x00000002   Code   RO          152    .text.MemManage_Handler  stm32h7xx_it.o
    0x0800774a   0x0800774a   0x00000006   PAD
    0x08007750   0x08007750   0x00000114   Code   RO         2170    .text.Modbus_Progress  tcp.o
    0x08007864   0x08007864   0x00000004   PAD
    0x08007868   0x08007868   0x00000002   Code   RO          148    .text.NMI_Handler   stm32h7xx_it.o
    0x0800786a   0x0800786a   0x00000006   PAD
    0x08007870   0x08007870   0x0000002e   Code   RO          966    .text.NVIC_EncodePriority  stm32h7xx_hal_cortex.o
    0x0800789e   0x0800789e   0x00000002   PAD
    0x080078a0   0x080078a0   0x00000002   Code   RO          162    .text.PendSV_Handler  stm32h7xx_it.o
    0x080078a2   0x080078a2   0x00000006   PAD
    0x080078a8   0x080078a8   0x00000042   Code   RO           15    .text.PeriphCommonClock_Config  main.o
    0x080078ea   0x080078ea   0x00000006   PAD
    0x080078f0   0x080078f0   0x0000002c   Code   RO         2138    .text.Ptt_Control   task.o
    0x0800791c   0x0800791c   0x00000004   PAD
    0x08007920   0x08007920   0x0000011e   Code   RO          491    .text.RCCEx_PLL2_Config  stm32h7xx_hal_rcc_ex.o
    0x08007a3e   0x08007a3e   0x00000002   PAD
    0x08007a40   0x08007a40   0x0000011e   Code   RO          493    .text.RCCEx_PLL3_Config  stm32h7xx_hal_rcc_ex.o
    0x08007b5e   0x08007b5e   0x00000002   PAD
    0x08007b60   0x08007b60   0x0000003c   Code   RO         2233    .text.SPI2_SendByte  w5500_conf.o
    0x08007b9c   0x08007b9c   0x00000004   PAD
    0x08007ba0   0x08007ba0   0x0000003c   Code   RO         2221    .text.SPI4_SendByte  w5500_conf.o
    0x08007bdc   0x08007bdc   0x00000004   PAD
    0x08007be0   0x08007be0   0x000000b6   Code   RO         1455    .text.SPI_CloseTransfer  stm32h7xx_hal_spi.o
    0x08007c96   0x08007c96   0x00000002   PAD
    0x08007c98   0x08007c98   0x00000012   Code   RO         1445    .text.SPI_GetPacketSize  stm32h7xx_hal_spi.o
    0x08007caa   0x08007caa   0x00000006   PAD
    0x08007cb0   0x08007cb0   0x0000002e   Code   RO         1457    .text.SPI_WaitOnFlagUntilTimeout  stm32h7xx_hal_spi.o
    0x08007cde   0x08007cde   0x00000002   PAD
    0x08007ce0   0x08007ce0   0x00000002   Code   RO          158    .text.SVC_Handler   stm32h7xx_it.o
    0x08007ce2   0x08007ce2   0x00000006   PAD
    0x08007ce8   0x08007ce8   0x0000002e   Code   RO          982    .text.SysTick_Config  stm32h7xx_hal_cortex.o
    0x08007d16   0x08007d16   0x00000002   PAD
    0x08007d18   0x08007d18   0x00000008   Code   RO          164    .text.SysTick_Handler  stm32h7xx_it.o
    0x08007d20   0x08007d20   0x000000cc   Code   RO           13    .text.SystemClock_Config  main.o
    0x08007dec   0x08007dec   0x00000004   PAD
    0x08007df0   0x08007df0   0x000000cc   Code   RO         2105    .text.SystemInit    system_stm32h7xx.o
    0x08007ebc   0x08007ebc   0x00000004   PAD
    0x08007ec0   0x08007ec0   0x00000010   Code   RO          172    .text.TIM4_IRQHandler  stm32h7xx_it.o
    0x08007ed0   0x08007ed0   0x0000013a   Code   RO         1567    .text.TIM_Base_SetConfig  stm32h7xx_hal_tim.o
    0x0800800a   0x0800800a   0x00000006   PAD
    0x08008010   0x08008010   0x00000014   Code   RO         1757    .text.TIM_ETR_SetConfig  stm32h7xx_hal_tim.o
    0x08008024   0x08008024   0x00000004   PAD
    0x08008028   0x08008028   0x00000016   Code   RO         1763    .text.TIM_ITRx_SetConfig  stm32h7xx_hal_tim.o
    0x0800803e   0x0800803e   0x00000002   PAD
    0x08008040   0x08008040   0x00000140   Code   RO         1771    .text.TIM_SlaveTimer_SetConfig  stm32h7xx_hal_tim.o
    0x08008180   0x08008180   0x00000022   Code   RO         1761    .text.TIM_TI1_ConfigInputStage  stm32h7xx_hal_tim.o
    0x080081a2   0x080081a2   0x00000006   PAD
    0x080081a8   0x080081a8   0x000000a8   Code   RO         1725    .text.TIM_TI1_SetConfig  stm32h7xx_hal_tim.o
    0x08008250   0x08008250   0x00000024   Code   RO         1765    .text.TIM_TI2_ConfigInputStage  stm32h7xx_hal_tim.o
    0x08008274   0x08008274   0x00000004   PAD
    0x08008278   0x08008278   0x0000003a   Code   RO         1727    .text.TIM_TI2_SetConfig  stm32h7xx_hal_tim.o
    0x080082b2   0x080082b2   0x00000006   PAD
    0x080082b8   0x080082b8   0x00000034   Code   RO         1729    .text.TIM_TI3_SetConfig  stm32h7xx_hal_tim.o
    0x080082ec   0x080082ec   0x00000004   PAD
    0x080082f0   0x080082f0   0x0000003a   Code   RO         1731    .text.TIM_TI4_SetConfig  stm32h7xx_hal_tim.o
    0x0800832a   0x0800832a   0x00000006   PAD
    0x08008330   0x08008330   0x00000012   Code   RO         2150    .text.Task_Ads8411_Receive_Data  task.o
    0x08008342   0x08008342   0x00000006   PAD
    0x08008348   0x08008348   0x00000018   Code   RO         2142    .text.Task_Control  task.o
    0x08008360   0x08008360   0x00000154   Code   RO         2166    .text.Task_TCP      tcp.o
    0x080084b4   0x080084b4   0x00000004   PAD
    0x080084b8   0x080084b8   0x00000110   Code   RO         2186    .text.Task_UDP      udp.o
    0x080085c8   0x080085c8   0x00000192   Code   RO         2144    .text.Task_Write_Modbus  task.o
    0x0800875a   0x0800875a   0x00000006   PAD
    0x08008760   0x08008760   0x00000054   Code   RO         2082    .text.UARTEx_SetNbDataToProcess  stm32h7xx_hal_uart_ex.o
    0x080087b4   0x080087b4   0x00000004   PAD
    0x080087b8   0x080087b8   0x000000e0   Code   RO         1919    .text.UART_AdvFeatureConfig  stm32h7xx_hal_uart.o
    0x08008898   0x08008898   0x0000006a   Code   RO         1921    .text.UART_CheckIdleState  stm32h7xx_hal_uart.o
    0x08008902   0x08008902   0x00000006   PAD
    0x08008908   0x08008908   0x00000014   Code   RO         2003    .text.UART_DMAAbortOnError  stm32h7xx_hal_uart.o
    0x0800891c   0x0800891c   0x00000004   PAD
    0x08008920   0x08008920   0x00000054   Code   RO         1959    .text.UART_DMAError  stm32h7xx_hal_uart.o
    0x08008974   0x08008974   0x00000004   PAD
    0x08008978   0x08008978   0x00000086   Code   RO         2049    .text.UART_DMAReceiveCplt  stm32h7xx_hal_uart.o
    0x080089fe   0x080089fe   0x00000002   PAD
    0x08008a00   0x08008a00   0x0000001c   Code   RO         2051    .text.UART_DMARxHalfCplt  stm32h7xx_hal_uart.o
    0x08008a1c   0x08008a1c   0x00000004   PAD
    0x08008a20   0x08008a20   0x0000005a   Code   RO         1973    .text.UART_EndRxTransfer  stm32h7xx_hal_uart.o
    0x08008a7a   0x08008a7a   0x00000006   PAD
    0x08008a80   0x08008a80   0x00000028   Code   RO         2009    .text.UART_EndTransmit_IT  stm32h7xx_hal_uart.o
    0x08008aa8   0x08008aa8   0x00000030   Code   RO         1971    .text.UART_EndTxTransfer  stm32h7xx_hal_uart.o
    0x08008ad8   0x08008ad8   0x00000582   Code   RO         1917    .text.UART_SetConfig  stm32h7xx_hal_uart.o
    0x0800905a   0x0800905a   0x00000006   PAD
    0x08009060   0x08009060   0x000000a8   Code   RO         1963    .text.UART_Start_Receive_DMA  stm32h7xx_hal_uart.o
    0x08009108   0x08009108   0x000000ec   Code   RO         1935    .text.UART_WaitOnFlagUntilTimeout  stm32h7xx_hal_uart.o
    0x080091f4   0x080091f4   0x00000004   PAD
    0x080091f8   0x080091f8   0x00000040   Code   RO         2188    .text.UDP_Revice    udp.o
    0x08009238   0x08009238   0x00000018   Code   RO          174    .text.USART2_IRQHandler  stm32h7xx_it.o
    0x08009250   0x08009250   0x00000002   Code   RO          156    .text.UsageFault_Handler  stm32h7xx_it.o
    0x08009252   0x08009252   0x00000006   PAD
    0x08009258   0x08009258   0x00000020   Code   RO          970    .text.__NVIC_EnableIRQ  stm32h7xx_hal_cortex.o
    0x08009278   0x08009278   0x00000010   Code   RO          962    .text.__NVIC_GetPriorityGrouping  stm32h7xx_hal_cortex.o
    0x08009288   0x08009288   0x00000022   Code   RO          964    .text.__NVIC_SetPriority  stm32h7xx_hal_cortex.o
    0x080092aa   0x080092aa   0x00000006   PAD
    0x080092b0   0x080092b0   0x00000020   Code   RO          958    .text.__NVIC_SetPriorityGrouping  stm32h7xx_hal_cortex.o
    0x080092d0   0x080092d0   0x0000002a   Code   RO         2352    .text.close_TOP     socket.o
    0x080092fa   0x080092fa   0x00000006   PAD
    0x08009300   0x08009300   0x0000003c   Code   RO         2134    .text.delay_ms      task.o
    0x0800933c   0x0800933c   0x00000004   PAD
    0x08009340   0x08009340   0x0000000e   Code   RO         2278    .text.getIINCHIP_TxMAX  w5500.o
    0x0800934e   0x0800934e   0x00000002   PAD
    0x08009350   0x08009350   0x0000004c   Code   RO         2318    .text.getSn_RX_RSR  w5500.o
    0x0800939c   0x0800939c   0x00000004   PAD
    0x080093a0   0x080093a0   0x0000004c   Code   RO         2320    .text.getSn_RX_RSR_TOP  w5500.o
    0x080093ec   0x080093ec   0x00000004   PAD
    0x080093f0   0x080093f0   0x00000036   Code   RO         2356    .text.listen_TOP    socket.o
    0x08009426   0x08009426   0x00000002   PAD
    0x08009428   0x08009428   0x00000052   Code   RO           11    .text.main          main.o
    0x0800947a   0x0800947a   0x00000006   PAD
    0x08009480   0x08009480   0x00000030   Code   RO         2370    .text.recv_TOP      socket.o
    0x080094b0   0x080094b0   0x00000060   Code   RO         2328    .text.recv_data_processing_TOP  w5500.o
    0x08009510   0x08009510   0x000000d2   Code   RO         2376    .text.recvfrom      socket.o
    0x080095e2   0x080095e2   0x00000006   PAD
    0x080095e8   0x080095e8   0x000000ce   Code   RO         2378    .text.recvfrom_top  socket.o
    0x080096b6   0x080096b6   0x00000002   PAD
    0x080096b8   0x080096b8   0x000000a2   Code   RO         2168    .text.remote_RJ45_reseive  tcp.o
    0x0800975a   0x0800975a   0x00000006   PAD
    0x08009760   0x08009760   0x00000030   Code   RO         2223    .text.reset_w5500   w5500_conf.o
    0x08009790   0x08009790   0x00000032   Code   RO         2235    .text.reset_w5500_top  w5500_conf.o
    0x080097c2   0x080097c2   0x00000006   PAD
    0x080097c8   0x080097c8   0x00000060   Code   RO         2322    .text.send_data_processing  w5500.o
    0x08009828   0x08009828   0x00000060   Code   RO         2324    .text.send_data_processing_top  w5500.o
    0x08009888   0x08009888   0x000000f8   Code   RO         2372    .text.sendto        socket.o
    0x08009980   0x08009980   0x000000f8   Code   RO         2374    .text.sendto_top    socket.o
    0x08009a78   0x08009a78   0x0000009c   Code   RO         2346    .text.socket        socket.o
    0x08009b14   0x08009b14   0x00000004   PAD
    0x08009b18   0x08009b18   0x0000008a   Code   RO         2330    .text.socket_buf_init  w5500.o
    0x08009ba2   0x08009ba2   0x00000006   PAD
    0x08009ba8   0x08009ba8   0x0000008a   Code   RO         2332    .text.socket_buf_init_top  w5500.o
    0x08009c32   0x08009c32   0x00000006   PAD
    0x08009c38   0x08009c38   0x0000007e   Code   RO         2348    .text.socket_top    socket.o
    0x08009cb6   0x08009cb6   0x00000002   PAD
    0x08009cb8   0x08009cb8   0x00000050   Code   RO         2245    .text.w5500_init    w5500_conf.o
    0x08009d08   0x08009d08   0x00000050   Code   RO         2247    .text.w5500_top_init  w5500_conf.o
    0x08009d58   0x08009d58   0x0000005c   Code   RO         2231    .text.wiz_read_buf  w5500_conf.o
    0x08009db4   0x08009db4   0x00000004   PAD
    0x08009db8   0x08009db8   0x0000005c   Code   RO         2243    .text.wiz_read_buf_top  w5500_conf.o
    0x08009e14   0x08009e14   0x00000004   PAD
    0x08009e18   0x08009e18   0x0000005e   Code   RO         2229    .text.wiz_write_buf  w5500_conf.o
    0x08009e76   0x08009e76   0x00000002   PAD
    0x08009e78   0x08009e78   0x0000005e   Code   RO         2241    .text.wiz_write_buf_top  w5500_conf.o
    0x08009ed6   0x08009ed6   0x00000002   PAD
    0x08009ed8   0x08009ed8   0x00000100   Code   RO         2172    .text.work_RJ45send_buff  tcp.o
    0x08009fd8   0x08009fd8   0x0000001a   Code   RO         2531    x$fpl$fpinit        fz_wv.l(fpinit.o)
    0x08009ff2   0x08009ff2   0x00000010   Data   RO         2111    .rodata.D1CorePrescTable  system_stm32h7xx.o
    0x0800a002   0x0800a002   0x00000018   Data   RO         2053    .rodata.UARTPrescTable  stm32h7xx_hal_uart.o
    0x0800a01a   0x0800a01a   0x00000010   Data   RO         2096    .rodata.cst8        stm32h7xx_hal_uart_ex.o
    0x0800a02a   0x0800a02a   0x00000002   PAD
    0x0800a02c   0x0800a02c   0x00000020   Data   RO         2592    Region$$Table       anon$$obj.o


    Execution Region RW_IRAM1 (Exec base: 0x20000000, Load base: 0x0800a04c, Size: 0x00000000, Max: 0x00020000, ABSOLUTE)

    **** No section assigned to this execution region ****


    Execution Region RW_IRAM2 (Exec base: 0x24000000, Load base: 0x0800a050, Size: 0x000017d0, Max: 0x00080000, ABSOLUTE)

    Exec Addr    Load Addr    Size         Type   Attr      Idx    E Section Name        Object

    0x24000000   0x0800a050   0x00000004   Data   RW         2109    .data.SystemCoreClock  system_stm32h7xx.o
    0x24000004   0x0800a054   0x00000004   Data   RW         2110    .data.SystemD2Clock  system_stm32h7xx.o
    0x24000008   0x0800a058   0x00000004   Data   RW         2253    .data.gateway       w5500_conf.o
    0x2400000c   0x0800a05c   0x00000004   Data   RW         2259    .data.gateway2      w5500_conf.o
    0x24000010   0x0800a060   0x00000004   Data   RW         2251    .data.local_ip      w5500_conf.o
    0x24000014   0x0800a064   0x00000004   Data   RW         2257    .data.local_ip2     w5500_conf.o
    0x24000018   0x0800a068   0x00000002   Data   RW         2254    .data.local_port    w5500_conf.o
    0x2400001a   0x0800a06a   0x00000002   Data   RW         2260    .data.local_port2   w5500_conf.o
    0x2400001c   0x0800a06c   0x00000006   Data   RW         2249    .data.mac           w5500_conf.o
    0x24000022   0x0800a072   0x00000006   Data   RW         2250    .data.mac2          w5500_conf.o
    0x24000028   0x0800a078   0x00000004   Data   RW         2255    .data.remote_ip     w5500_conf.o
    0x2400002c   0x0800a07c   0x00000004   Data   RW         2261    .data.remote_ip2    w5500_conf.o
    0x24000030   0x0800a080   0x00000002   Data   RW         2256    .data.remote_port   w5500_conf.o
    0x24000032   0x0800a082   0x00000002   Data   RW         2262    .data.remote_port2  w5500_conf.o
    0x24000034   0x0800a084   0x00000008   Data   RW         2337    .data.rxsize        w5500.o
    0x2400003c   0x0800a08c   0x00000004   Data   RW         2252    .data.subnet        w5500_conf.o
    0x24000040   0x0800a090   0x00000004   Data   RW         2258    .data.subnet2       w5500_conf.o
    0x24000044   0x0800a094   0x00000008   Data   RW         2336    .data.txsize        w5500.o
    0x2400004c   0x0800a09c   0x00000001   Data   RW         1127    .data.uwTickFreq    stm32h7xx_hal.o
    0x2400004d   0x0800a09d   0x00000003   PAD
    0x24000050   0x0800a0a0   0x00000004   Data   RW         1126    .data.uwTickPrio    stm32h7xx_hal.o
    0x24000054   0x0800a0a4   0x00000004   PAD
    0x24000058        -       0x00000060   Zero   RW         2459    .bss                c_w.l(libspace.o)
    0x240000b8        -       0x00000090   Zero   RW         2156    .bss.AmplifierModule  task.o
    0x24000148        -       0x00000012   Zero   RW         2157    .bss.DC_Power       task.o
    0x2400015a   0x0800a0a4   0x00000002   PAD
    0x2400015c        -       0x0000004c   Zero   RW         2404    .bss.I2C_Handle     bsp_i2c_ee.o
    0x240001a8        -       0x00000800   Zero   RW         2155    .bss.Modbus         task.o
    0x240009a8        -       0x00000080   Zero   RW         2176    .bss.RJ45_Rx_buff   tcp.o
    0x24000a28        -       0x00000080   Zero   RW         2177    .bss.RJ45_Tx_buff   tcp.o
    0x24000aa8        -       0x00000010   Zero   RW         2335    .bss.RSIZE          w5500.o
    0x24000ab8        -       0x00000004   Zero   RW         2190    .bss.Reseve_IP      udp.o
    0x24000abc        -       0x00000001   Zero   RW         2175    .bss.RestFlag       tcp.o
    0x24000abd   0x0800a0a4   0x00000001   PAD
    0x24000abe        -       0x00000010   Zero   RW         2334    .bss.SSIZE          w5500.o
    0x24000ace   0x0800a0a4   0x00000002   PAD
    0x24000ad0        -       0x00000050   Zero   RW         2152    .bss.System         task.o
    0x24000b20        -       0x00000004   Zero   RW         2174    .bss.Task_TCP.Keptime  tcp.o
    0x24000b24        -       0x00000002   Zero   RW         2191    .bss.Task_UDP.len   udp.o
    0x24000b26        -       0x00000001   Zero   RW         2153    .bss.Task_Write_Modbus.i  task.o
    0x24000b27        -       0x00000001   Zero   RW         2154    .bss.Task_Write_Modbus.pA  task.o
    0x24000b28        -       0x00000040   Zero   RW         2212    .bss.UART2_DMA_RX   lcd_rs232.o
    0x24000b68        -       0x00000080   Zero   RW         2194    .bss.UDP_Rx_buff    udp.o
    0x24000be8        -       0x00000080   Zero   RW         2193    .bss.UDP_Tx_buff    udp.o
    0x24000c68        -       0x00000032   Zero   RW         2192    .bss.dataflag       udp.o
    0x24000c9a   0x0800a0a4   0x00000002   PAD
    0x24000c9c        -       0x00000064   Zero   RW           44    .bss.hadc1          adc.o
    0x24000d00        -       0x00000064   Zero   RW           45    .bss.hadc3          adc.o
    0x24000d64        -       0x00000014   Zero   RW           71    .bss.hdac1          dac.o
    0x24000d78        -       0x00000078   Zero   RW           46    .bss.hdma_adc1      adc.o
    0x24000df0        -       0x00000078   Zero   RW           47    .bss.hdma_adc3      adc.o
    0x24000e68        -       0x00000078   Zero   RW          138    .bss.hdma_usart2_rx  usart.o
    0x24000ee0        -       0x00000078   Zero   RW          139    .bss.hdma_usart2_tx  usart.o
    0x24000f58        -       0x00000088   Zero   RW           99    .bss.hspi2          spi.o
    0x24000fe0        -       0x00000088   Zero   RW          100    .bss.hspi4          spi.o
    0x24001068        -       0x00000088   Zero   RW          101    .bss.hspi5          spi.o
    0x240010f0        -       0x0000004c   Zero   RW          116    .bss.htim4          tim.o
    0x2400113c        -       0x00000090   Zero   RW          137    .bss.huart2         usart.o
    0x240011cc        -       0x00000004   Zero   RW         1128    .bss.uwTick         stm32h7xx_hal.o
    0x240011d0        -       0x00000200   Zero   RW            2    HEAP                startup_stm32h743xx.o
    0x240013d0        -       0x00000400   Zero   RW            1    STACK               startup_stm32h743xx.o


==============================================================================

Image component sizes


      Code (inc. data)   RO Data    RW Data    ZI Data      Debug   Object Name

       634          0          0          0        440       7855   adc.o
        50          0          0          0          0       5314   bdma.o
       342          0          0          0         76       8312   bsp_i2c_ee.o
       184          0          0          0         20       6071   dac.o
        82          0          0          0          0       5315   dma.o
       416          0          0          0          0       3210   gpio.o
         0          0          0          0         64       1362   lcd_rs232.o
        68          0          0          0          0       1301   led.o
       362          0          0          0          0       6091   main.o
      1338          0          0          0          0       8749   socket.o
       616          0          0          0        408       8692   spi.o
        64         26        664          0       1536        856   startup_stm32h743xx.o
       276          0          0          5          4      14995   stm32h7xx_hal.o
      1908         12          0          0          0      23536   stm32h7xx_hal_adc.o
       288          0          0          0          0      22962   stm32h7xx_hal_adc_ex.o
       260          0          0          0          0      12686   stm32h7xx_hal_cortex.o
       374          0          0          0          0       8754   stm32h7xx_hal_dac.o
      9156         12          0          0          0      17915   stm32h7xx_hal_dma.o
       442          0          0          0          0       6933   stm32h7xx_hal_gpio.o
      1644          0          0          0          0      40571   stm32h7xx_hal_i2c.o
        74          0          0          0          0       7587   stm32h7xx_hal_i2c_ex.o
        40          0          0          0          0       2234   stm32h7xx_hal_msp.o
        72          0          0          0          0      10631   stm32h7xx_hal_pwr_ex.o
      2584         16          0          0          0      11318   stm32h7xx_hal_rcc.o
      4656        188          0          0          0      16946   stm32h7xx_hal_rcc_ex.o
      1400          0          0          0          0      22109   stm32h7xx_hal_spi.o
      2176          4          0          0          0      50748   stm32h7xx_hal_tim.o
       210          0          0          0          0      22293   stm32h7xx_hal_tim_ex.o
      3936        382         24          0          0      35522   stm32h7xx_hal_uart.o
       292          0         16          0          0      10248   stm32h7xx_hal_uart_ex.o
       128          0          0          0          0       1645   stm32h7xx_it.o
       204          0         16          8          0       5851   system_stm32h7xx.o
       652          0          0          0       2292       5938   task.o
      1034         30          0          0        261       3254   tcp.o
       380          0          0          0         76      10577   tim.o
       336          0          0          0        312       1371   udp.o
       534          0          0          0        384      12114   usart.o
       730          0          0         16         32       8291   w5500.o
      1042          0          0         52          0       5481   w5500_conf.o

    ----------------------------------------------------------------------
     39656        682        754         84       5916     455638   Object Totals
         0          0         32          0          0          0   (incl. Generated)
       672         12          2          3         11          0   (incl. Padding)

    ----------------------------------------------------------------------

      Code (inc. data)   RO Data    RW Data    ZI Data      Debug   Library Member Name

         8          0          0          0          0         68   __main.o
         0          0          0          0          0          0   __rtentry.o
        12          0          0          0          0          0   __rtentry2.o
         6          0          0          0          0          0   __rtentry4.o
        52          8          0          0          0          0   __scatter.o
        26          0          0          0          0          0   __scatter_copy.o
        28          0          0          0          0          0   __scatter_zi.o
        18          0          0          0          0         80   exit.o
         6          0          0          0          0        152   heapauxi.o
         0          0          0          0          0          0   indicate_semi.o
         2          0          0          0          0          0   libinit.o
         6          0          0          0          0          0   libinit2.o
         2          0          0          0          0          0   libshutdown.o
         2          0          0          0          0          0   libshutdown2.o
         8          4          0          0         96         68   libspace.o
       240          0          0          0          0        100   lludivv7m.o
        78          0          0          0          0         80   rt_memclr_w.o
         2          0          0          0          0          0   rtexit.o
        10          0          0          0          0          0   rtexit2.o
        12          4          0          0          0         68   sys_exit.o
        74          0          0          0          0         80   sys_stackheap_outer.o
         2          0          0          0          0         68   use_no_semi.o
        26          0          0          0          0        116   fpinit.o

    ----------------------------------------------------------------------
       626         16          0          0         96        880   Library Totals
         6          0          0          0          0          0   (incl. Padding)

    ----------------------------------------------------------------------

      Code (inc. data)   RO Data    RW Data    ZI Data      Debug   Library Name

       594         16          0          0         96        764   c_w.l
        26          0          0          0          0        116   fz_wv.l

    ----------------------------------------------------------------------
       626         16          0          0         96        880   Library Totals

    ----------------------------------------------------------------------

==============================================================================


      Code (inc. data)   RO Data    RW Data    ZI Data      Debug   

     40282        698        754         84       6012     455682   Grand Totals
     40282        698        754         84       6012     455682   ELF Image Totals
     40282        698        754         84          0          0   ROM Totals

==============================================================================

    Total RO  Size (Code + RO Data)                41036 (  40.07kB)
    Total RW  Size (RW Data + ZI Data)              6096 (   5.95kB)
    Total ROM Size (Code + RO Data + RW Data)      41120 (  40.16kB)

==============================================================================

