Component: ARM Compiler 5.06 update 7 (build 960) Tool: armlink [4d3601]

==============================================================================

Section Cross References

    stm32l4xx_hal_adc.o(i.ADC_ConversionStop) refers to stm32l4xx_hal_adc.o(i.LL_ADC_REG_IsConversionOngoing) for LL_ADC_REG_IsConversionOngoing
    stm32l4xx_hal_adc.o(i.ADC_ConversionStop) refers to stm32l4xx_hal_adc.o(i.LL_ADC_INJ_IsConversionOngoing) for LL_ADC_INJ_IsConversionOngoing
    stm32l4xx_hal_adc.o(i.ADC_ConversionStop) refers to stm32l4xx_hal_adc.o(i.LL_ADC_IsDisableOngoing) for LL_ADC_IsDisableOngoing
    stm32l4xx_hal_adc.o(i.ADC_ConversionStop) refers to stm32l4xx_hal.o(i.HAL_GetTick) for HAL_GetTick
    stm32l4xx_hal_adc.o(i.ADC_DMAConvCplt) refers to stm32l4xx_hal_adc.o(i.LL_ADC_REG_IsTriggerSourceSWStart) for LL_ADC_REG_IsTriggerSourceSWStart
    stm32l4xx_hal_adc.o(i.ADC_DMAConvCplt) refers to bsp.o(i.HAL_ADC_ConvCpltCallback) for HAL_ADC_ConvCpltCallback
    stm32l4xx_hal_adc.o(i.ADC_DMAConvCplt) refers to stm32l4xx_hal_adc.o(i.HAL_ADC_ErrorCallback) for HAL_ADC_ErrorCallback
    stm32l4xx_hal_adc.o(i.ADC_DMAError) refers to stm32l4xx_hal_adc.o(i.HAL_ADC_ErrorCallback) for HAL_ADC_ErrorCallback
    stm32l4xx_hal_adc.o(i.ADC_DMAHalfConvCplt) refers to stm32l4xx_hal_adc.o(i.HAL_ADC_ConvHalfCpltCallback) for HAL_ADC_ConvHalfCpltCallback
    stm32l4xx_hal_adc.o(i.ADC_Disable) refers to stm32l4xx_hal_adc.o(i.LL_ADC_IsDisableOngoing) for LL_ADC_IsDisableOngoing
    stm32l4xx_hal_adc.o(i.ADC_Disable) refers to stm32l4xx_hal_adc.o(i.LL_ADC_IsEnabled) for LL_ADC_IsEnabled
    stm32l4xx_hal_adc.o(i.ADC_Disable) refers to stm32l4xx_hal.o(i.HAL_GetTick) for HAL_GetTick
    stm32l4xx_hal_adc.o(i.ADC_Enable) refers to stm32l4xx_hal_adc.o(i.LL_ADC_IsEnabled) for LL_ADC_IsEnabled
    stm32l4xx_hal_adc.o(i.ADC_Enable) refers to stm32l4xx_hal_adc.o(i.LL_ADC_Enable) for LL_ADC_Enable
    stm32l4xx_hal_adc.o(i.ADC_Enable) refers to stm32l4xx_hal.o(i.HAL_GetTick) for HAL_GetTick
    stm32l4xx_hal_adc.o(i.HAL_ADC_AnalogWDGConfig) refers to stm32l4xx_hal_adc.o(i.LL_ADC_REG_IsConversionOngoing) for LL_ADC_REG_IsConversionOngoing
    stm32l4xx_hal_adc.o(i.HAL_ADC_AnalogWDGConfig) refers to stm32l4xx_hal_adc.o(i.LL_ADC_INJ_IsConversionOngoing) for LL_ADC_INJ_IsConversionOngoing
    stm32l4xx_hal_adc.o(i.HAL_ADC_AnalogWDGConfig) refers to stm32l4xx_hal_adc.o(i.LL_ADC_SetAnalogWDMonitChannels) for LL_ADC_SetAnalogWDMonitChannels
    stm32l4xx_hal_adc.o(i.HAL_ADC_AnalogWDGConfig) refers to stm32l4xx_hal_adc.o(i.LL_ADC_ConfigAnalogWDThresholds) for LL_ADC_ConfigAnalogWDThresholds
    stm32l4xx_hal_adc.o(i.HAL_ADC_ConfigChannel) refers to stm32l4xx_hal_adc.o(i.LL_ADC_REG_IsConversionOngoing) for LL_ADC_REG_IsConversionOngoing
    stm32l4xx_hal_adc.o(i.HAL_ADC_ConfigChannel) refers to stm32l4xx_hal_adc.o(i.LL_ADC_INJ_IsConversionOngoing) for LL_ADC_INJ_IsConversionOngoing
    stm32l4xx_hal_adc.o(i.HAL_ADC_ConfigChannel) refers to stm32l4xx_hal_adc.o(i.LL_ADC_SetChannelSamplingTime) for LL_ADC_SetChannelSamplingTime
    stm32l4xx_hal_adc.o(i.HAL_ADC_ConfigChannel) refers to stm32l4xx_hal_adc.o(i.LL_ADC_GetOffsetChannel) for LL_ADC_GetOffsetChannel
    stm32l4xx_hal_adc.o(i.HAL_ADC_ConfigChannel) refers to stm32l4xx_hal_adc.o(i.LL_ADC_SetOffsetState) for LL_ADC_SetOffsetState
    stm32l4xx_hal_adc.o(i.HAL_ADC_ConfigChannel) refers to stm32l4xx_hal_adc.o(i.LL_ADC_IsEnabled) for LL_ADC_IsEnabled
    stm32l4xx_hal_adc.o(i.HAL_ADC_ConfigChannel) refers to stm32l4xx_hal_adc.o(i.LL_ADC_SetCommonPathInternalCh) for LL_ADC_SetCommonPathInternalCh
    stm32l4xx_hal_adc.o(i.HAL_ADC_ConfigChannel) refers to system_stm32l4xx.o(.data) for SystemCoreClock
    stm32l4xx_hal_adc.o(i.HAL_ADC_DeInit) refers to stm32l4xx_hal_adc.o(i.ADC_ConversionStop) for ADC_ConversionStop
    stm32l4xx_hal_adc.o(i.HAL_ADC_DeInit) refers to stm32l4xx_hal_adc.o(i.ADC_Disable) for ADC_Disable
    stm32l4xx_hal_adc.o(i.HAL_ADC_DeInit) refers to stm32l4xx_hal_adc.o(i.LL_ADC_IsEnabled) for LL_ADC_IsEnabled
    stm32l4xx_hal_adc.o(i.HAL_ADC_DeInit) refers to bsp_adc.o(i.HAL_ADC_MspDeInit) for HAL_ADC_MspDeInit
    stm32l4xx_hal_adc.o(i.HAL_ADC_IRQHandler) refers to stm32l4xx_hal_adc_ex.o(i.HAL_ADCEx_EndOfSamplingCallback) for HAL_ADCEx_EndOfSamplingCallback
    stm32l4xx_hal_adc.o(i.HAL_ADC_IRQHandler) refers to stm32l4xx_hal_adc.o(i.LL_ADC_REG_IsTriggerSourceSWStart) for LL_ADC_REG_IsTriggerSourceSWStart
    stm32l4xx_hal_adc.o(i.HAL_ADC_IRQHandler) refers to stm32l4xx_hal_adc.o(i.LL_ADC_REG_IsConversionOngoing) for LL_ADC_REG_IsConversionOngoing
    stm32l4xx_hal_adc.o(i.HAL_ADC_IRQHandler) refers to bsp.o(i.HAL_ADC_ConvCpltCallback) for HAL_ADC_ConvCpltCallback
    stm32l4xx_hal_adc.o(i.HAL_ADC_IRQHandler) refers to stm32l4xx_hal_adc.o(i.LL_ADC_INJ_IsConversionOngoing) for LL_ADC_INJ_IsConversionOngoing
[...]
    ..\Drivers\STM32L4xx_HAL_Driver\Src\stm32l4xx_hal_rcc.c 0x00000000   Number         0  stm32l4xx_hal_rcc.o ABSOLUTE
    ..\Drivers\STM32L4xx_HAL_Driver\Src\stm32l4xx_hal_rcc_ex.c 0x00000000   Number         0  stm32l4xx_hal_rcc_ex.o ABSOLUTE
    ..\Drivers\STM32L4xx_HAL_Driver\Src\stm32l4xx_hal_spi.c 0x00000000   Number         0  stm32l4xx_hal_spi.o ABSOLUTE
    ..\Drivers\STM32L4xx_HAL_Driver\Src\stm32l4xx_hal_spi_ex.c 0x00000000   Number         0  stm32l4xx_hal_spi_ex.o ABSOLUTE
    ..\Drivers\STM32L4xx_HAL_Driver\Src\stm32l4xx_hal_tim.c 0x00000000   Number         0  stm32l4xx_hal_tim.o ABSOLUTE
    ..\Drivers\STM32L4xx_HAL_Driver\Src\stm32l4xx_hal_tim_ex.c 0x00000000   Number         0  stm32l4xx_hal_tim_ex.o ABSOLUTE
    ..\User\W5500\socket.c                   0x00000000   Number         0  socket.o ABSOLUTE
    ..\User\W5500\w5500.c                    0x00000000   Number         0  w5500.o ABSOLUTE
    ..\User\W5500\w5500_conf.c               0x00000000   Number         0  w5500_conf.o ABSOLUTE
    ..\User\app\monitor\monitor.c            0x00000000   Number         0  monitor.o ABSOLUTE
    ..\User\app\network\network.c            0x00000000   Number         0  network.o ABSOLUTE
    ..\User\app\settings\settings.c          0x00000000   Number         0  settings.o ABSOLUTE
    ..\User\bsp\bsp.c                        0x00000000   Number         0  bsp.o ABSOLUTE
    ..\User\bsp\bsp_adc\bsp_adc.c            0x00000000   Number         0  bsp_adc.o ABSOLUTE
    ..\User\bsp\bsp_ds18b20\bsp_ds18b20.c    0x00000000   Number         0  bsp_ds18b20.o ABSOLUTE
    ..\User\bsp\bsp_eeprom\bsp_at24c02.c     0x00000000   Number         0  bsp_at24c02.o ABSOLUTE
    ..\User\bsp\bsp_gpio\bsp_gpio.c          0x00000000   Number         0  bsp_gpio.o ABSOLUTE
    ..\User\bsp\bsp_spi\bsp_spi.c            0x00000000   Number         0  bsp_spi.o ABSOLUTE
    ..\User\main.c                           0x00000000   Number         0  main.o ABSOLUTE
    ..\User\startup_stm32l433xx.s            0x00000000   Number         0  startup_stm32l433xx.o ABSOLUTE
    ..\User\stm32l4xx_hal_msp.c              0x00000000   Number         0  stm32l4xx_hal_msp.o ABSOLUTE
    ..\User\stm32l4xx_it.c                   0x00000000   Number         0  stm32l4xx_it.o ABSOLUTE
    ..\User\system_stm32l4xx.c               0x00000000   Number         0  system_stm32l4xx.o ABSOLUTE
    ..\\User\\W5500\\socket.c                0x00000000   Number         0  socket.o ABSOLUTE
    ..\\User\\W5500\\w5500.c                 0x00000000   Number         0  w5500.o ABSOLUTE
    ..\\User\\W5500\\w5500_conf.c            0x00000000   Number         0  w5500_conf.o ABSOLUTE
    ..\\User\\app\\monitor\\monitor.c        0x00000000   Number         0  monitor.o ABSOLUTE
    ..\\User\\app\\network\\network.c        0x00000000   Number         0  network.o ABSOLUTE
    ..\\User\\app\\settings\\settings.c      0x00000000   Number         0  settings.o ABSOLUTE
    ..\\User\\bsp\\bsp.c                     0x00000000   Number         0  bsp.o ABSOLUTE
    ..\\User\\bsp\\bsp_adc\\bsp_adc.c        0x00000000   Number         0  bsp_adc.o ABSOLUTE
    ..\\User\\bsp\\bsp_ds18b20\\bsp_ds18b20.c 0x00000000   Number         0  bsp_ds18b20.o ABSOLUTE
    ..\\User\\bsp\\bsp_eeprom\\bsp_at24c02.c 0x00000000   Number         0  bsp_at24c02.o ABSOLUTE
    ..\\User\\bsp\\bsp_gpio\\bsp_gpio.c      0x00000000   Number         0  bsp_gpio.o ABSOLUTE
    ..\\User\\bsp\\bsp_spi\\bsp_spi.c        0x00000000   Number         0  bsp_spi.o ABSOLUTE
    ..\\User\\main.c                         0x00000000   Number         0  main.o ABSOLUTE
    ..\\User\\stm32l4xx_hal_msp.c            0x00000000   Number         0  stm32l4xx_hal_msp.o ABSOLUTE
    ..\\User\\stm32l4xx_it.c                 0x00000000   Number         0  stm32l4xx_it.o ABSOLUTE
    ..\\User\\system_stm32l4xx.c             0x00000000   Number         0  system_stm32l4xx.o ABSOLUTE
    cdcmple.s                                0x00000000   Number         0  cdcmple.o ABSOLUTE
    dc.s                                     0x00000000   Number         0  dc.o ABSOLUTE
    handlers.s                               0x00000000   Number         0  handlers.o ABSOLUTE
    init.s                                   0x00000000   Number         0  init.o ABSOLUTE
    RESET                                    0x08000000   Section      396  startup_stm32l433xx.o(RESET)
    .ARM.Collect$$$$00000000                 0x0800018c   Section        0  entry.o(.ARM.Collect$$$$00000000)
    .ARM.Collect$$$$00000001                 0x0800018c   Section        4  entry2.o(.ARM.Collect$$$$00000001)
    .ARM.Collect$$$$00000004                 0x08000190   Section        4  entry5.o(.ARM.Collect$$$$00000004)
    .ARM.Collect$$$$00000008                 0x08000194   Section        0  entry7b.o(.ARM.Collect$$$$00000008)
    .ARM.Collect$$$$0000000A                 0x08000194   Section        0  entry8b.o(.ARM.Collect$$$$0000000A)
    .ARM.Collect$$$$0000000B                 0x08000194   Section        8  entry9a.o(.ARM.Collect$$$$0000000B)
    .ARM.Collect$$$$0000000E                 0x0800019c   Section        4  entry12b.o(.ARM.Collect$$$$0000000E)
    .ARM.Collect$$$$0000000F                 0x080001a0   Section        0  entry10a.o(.ARM.Collect$$$$0000000F)
    .ARM.Collect$$$$00000011                 0x080001a0   Section        0  entry11a.o(.ARM.Collect$$$$00000011)
    .ARM.Collect$$$$00002712                 0x080001a0   Section        4  entry2.o(.ARM.Collect$$$$00002712)
    __lit__00000000                          0x080001a0   Data           4  entry2.o(.ARM.Collect$$$$00002712)
    .text                                    0x080001a4   Section       36  startup_stm32l433xx.o(.text)
    $v0                                      0x080001a4   Number         0  startup_stm32l433xx.o(.text)
    .text                                    0x080001c8   Section        0  memseta.o(.text)
    .text                                    0x080001ec   Section        0  dadd.o(.text)
    .text                                    0x0800034a   Section        0  dmul.o(.text)
    .text                                    0x08000434   Section        0  ddiv.o(.text)
    .text                                    0x08000512   Section        0  dflti.o(.text)
    .text                                    0x08000534   Section        0  f2d.o(.text)
    .text                                    0x0800055a   Section        0  d2f.o(.text)
    .text                                    0x08000592   Section        0  llshl.o(.text)
    .text                                    0x080005b0   Section        0  llsshr.o(.text)
    .text                                    0x080005d4   Section        0  iusefp.o(.text)
    .text                                    0x080005d4   Section        0  fepilogue.o(.text)
    .text                                    0x08000642   Section        0  depilogue.o(.text)
    .text                                    0x080006fc   Section        0  dsqrt.o(.text)
    .text                                    0x080007a0   Section       36  init.o(.text)
    .text                                    0x080007c4   Section        0  llushr.o(.text)
    i.ADC1_IRQHandler                        0x080007e4   Section        0  stm32l4xx_it.o(i.ADC1_IRQHandler)
    i.ADC1_Init                              0x080007f4   Section        0  bsp_adc.o(i.ADC1_Init)
    i.ADC_DMAConvCplt                        0x08000978   Section        0  stm32l4xx_hal_adc.o(i.ADC_DMAConvCplt)
    i.ADC_DMAError                           0x08000a0a   Section        0  stm32l4xx_hal_adc.o(i.ADC_DMAError)
    i.ADC_DMAHalfConvCplt                    0x08000a28   Section        0  stm32l4xx_hal_adc.o(i.ADC_DMAHalfConvCplt)
    i.ADC_DMA_Init                           0x08000a38   Section        0  bsp_adc.o(i.ADC_DMA_Init)
    i.ADC_Disable                            0x08000a6c   Section        0  stm32l4xx_hal_adc.o(i.ADC_Disable)
    i.ADC_Enable                             0x08000af4   Section        0  stm32l4xx_hal_adc.o(i.ADC_Enable)
    i.ADC_Init                               0x08000b6c   Section        0  bsp_adc.o(i.ADC_Init)
    i.AT24C02_Init                           0x08000b78   Section        0  bsp_at24c02.o(i.AT24C02_Init)
    i.BSP_Inits                              0x08000c04   Section        0  bsp.o(i.BSP_Inits)
    i.BoardAddr_Init                         0x08000c34   Section        0  bsp_gpio.o(i.BoardAddr_Init)
    i.BusFault_Handler                       0x08000d50   Section        0  stm32l4xx_it.o(i.BusFault_Handler)
    i.CURR_calculate                         0x08000d54   Section        0  monitor.o(i.CURR_calculate)
    i.DMA1_Channel1_IRQHandler               0x08001100   Section        0  stm32l4xx_it.o(i.DMA1_Channel1_IRQHandler)
    i.DMA_SetConfig                          0x08001110   Section        0  stm32l4xx_hal_dma.o(i.DMA_SetConfig)
    DMA_SetConfig                            0x08001111   Thumb Code    48  stm32l4xx_hal_dma.o(i.DMA_SetConfig)
    i.DS18B20_GPIO_Config                    0x08001140   Section        0  bsp_ds18b20.o(i.DS18B20_GPIO_Config)
    i.DS18B20_Get_Temp                       0x08001194   Section        0  bsp_ds18b20.o(i.DS18B20_Get_Temp)
    i.DS18B20_Init                           0x08001234   Section        0  bsp_ds18b20.o(i.DS18B20_Init)
    i.DS18B20_Mode_IPU                       0x08001244   Section        0  bsp_ds18b20.o(i.DS18B20_Mode_IPU)
    DS18B20_Mode_IPU                         0x08001245   Thumb Code    32  bsp_ds18b20.o(i.DS18B20_Mode_IPU)
    i.DS18B20_Mode_Out_PP                    0x08001268   Section        0  bsp_ds18b20.o(i.DS18B20_Mode_Out_PP)
    DS18B20_Mode_Out_PP                      0x08001269   Thumb Code    32  bsp_ds18b20.o(i.DS18B20_Mode_Out_PP)
    i.DS18B20_Presence                       0x0800128c   Section        0  bsp_ds18b20.o(i.DS18B20_Presence)
    DS18B20_Presence                         0x0800128d   Thumb Code    86  bsp_ds18b20.o(i.DS18B20_Presence)
    i.DS18B20_Read_Bit                       0x080012e8   Section        0  bsp_ds18b20.o(i.DS18B20_Read_Bit)
    DS18B20_Read_Bit                         0x080012e9   Thumb Code    64  bsp_ds18b20.o(i.DS18B20_Read_Bit)
    i.DS18B20_Read_Byte                      0x0800132c   Section        0  bsp_ds18b20.o(i.DS18B20_Read_Byte)
    i.DS18B20_Rst                            0x08001350   Section        0  bsp_ds18b20.o(i.DS18B20_Rst)
    DS18B20_Rst                              0x08001351   Thumb Code    44  bsp_ds18b20.o(i.DS18B20_Rst)
    i.DS18B20_Write_Byte                     0x08001380   Section        0  bsp_ds18b20.o(i.DS18B20_Write_Byte)
    i.DebugMon_Handler                       0x080013e8   Section        0  stm32l4xx_it.o(i.DebugMon_Handler)
    i.Get_Board_Temp                         0x080013ec   Section        0  bsp_ds18b20.o(i.Get_Board_Temp)
    i.HAL_ADCEx_Calibration_Start            0x08001440   Section        0  stm32l4xx_hal_adc_ex.o(i.HAL_ADCEx_Calibration_Start)
    i.HAL_ADCEx_EndOfSamplingCallback        0x080014ec   Section        0  stm32l4xx_hal_adc_ex.o(i.HAL_ADCEx_EndOfSamplingCallback)
    i.HAL_ADCEx_InjectedConvCpltCallback     0x080014ee   Section        0  stm32l4xx_hal_adc_ex.o(i.HAL_ADCEx_InjectedConvCpltCallback)
    i.HAL_ADCEx_InjectedQueueOverflowCallback 0x080014f0   Section        0  stm32l4xx_hal_adc_ex.o(i.HAL_ADCEx_InjectedQueueOverflowCallback)
    i.HAL_ADCEx_LevelOutOfWindow2Callback    0x080014f2   Section        0  stm32l4xx_hal_adc_ex.o(i.HAL_ADCEx_LevelOutOfWindow2Callback)
    i.HAL_ADCEx_LevelOutOfWindow3Callback    0x080014f4   Section        0  stm32l4xx_hal_adc_ex.o(i.HAL_ADCEx_LevelOutOfWindow3Callback)
    i.HAL_ADC_ConfigChannel                  0x080014f8   Section        0  stm32l4xx_hal_adc.o(i.HAL_ADC_ConfigChannel)
    i.HAL_ADC_ConvCpltCallback               0x080019ca   Section        0  bsp.o(i.HAL_ADC_ConvCpltCallback)
    i.HAL_ADC_ConvHalfCpltCallback           0x080019cc   Section        0  stm32l4xx_hal_adc.o(i.HAL_ADC_ConvHalfCpltCallback)
    i.HAL_ADC_ErrorCallback                  0x080019ce   Section        0  stm32l4xx_hal_adc.o(i.HAL_ADC_ErrorCallback)
    i.HAL_ADC_IRQHandler                     0x080019d0   Section        0  stm32l4xx_hal_adc.o(i.HAL_ADC_IRQHandler)
    i.HAL_ADC_Init                           0x08001c68   Section        0  stm32l4xx_hal_adc.o(i.HAL_ADC_Init)
    i.HAL_ADC_LevelOutOfWindowCallback       0x08001e64   Section        0  stm32l4xx_hal_adc.o(i.HAL_ADC_LevelOutOfWindowCallback)
    i.HAL_ADC_MspInit                        0x08001e68   Section        0  bsp_adc.o(i.HAL_ADC_MspInit)
    i.HAL_ADC_Start_DMA                      0x08001f78   Section        0  stm32l4xx_hal_adc.o(i.HAL_ADC_Start_DMA)
    i.HAL_DMA_IRQHandler                     0x08002044   Section        0  stm32l4xx_hal_dma.o(i.HAL_DMA_IRQHandler)
    i.HAL_DMA_Init                           0x08002144   Section        0  stm32l4xx_hal_dma.o(i.HAL_DMA_Init)
    i.HAL_DMA_Start_IT                       0x08002250   Section        0  stm32l4xx_hal_dma.o(i.HAL_DMA_Start_IT)
    i.HAL_Delay                              0x080022ec   Section        0  stm32l4xx_hal.o(i.HAL_Delay)
    i.HAL_GPIO_Init                          0x08002314   Section        0  stm32l4xx_hal_gpio.o(i.HAL_GPIO_Init)
    i.HAL_GPIO_ReadPin                       0x080024dc   Section        0  stm32l4xx_hal_gpio.o(i.HAL_GPIO_ReadPin)
    i.HAL_GPIO_WritePin                      0x080024ec   Section        0  stm32l4xx_hal_gpio.o(i.HAL_GPIO_WritePin)
    i.HAL_GetTick                            0x080024f8   Section        0  stm32l4xx_hal.o(i.HAL_GetTick)
    i.HAL_I2CEx_ConfigAnalogFilter           0x08002504   Section        0  stm32l4xx_hal_i2c_ex.o(i.HAL_I2CEx_ConfigAnalogFilter)
    i.HAL_I2CEx_ConfigDigitalFilter          0x0800256e   Section        0  stm32l4xx_hal_i2c_ex.o(i.HAL_I2CEx_ConfigDigitalFilter)
    i.HAL_I2C_GetState                       0x080025d6   Section        0  stm32l4xx_hal_i2c.o(i.HAL_I2C_GetState)
    i.HAL_I2C_Init                           0x080025e0   Section        0  stm32l4xx_hal_i2c.o(i.HAL_I2C_Init)
    i.HAL_I2C_IsDeviceReady                  0x080026a4   Section        0  stm32l4xx_hal_i2c.o(i.HAL_I2C_IsDeviceReady)
    i.HAL_I2C_Mem_Read                       0x08002824   Section        0  stm32l4xx_hal_i2c.o(i.HAL_I2C_Mem_Read)
    i.HAL_I2C_Mem_Write                      0x080029cc   Section        0  stm32l4xx_hal_i2c.o(i.HAL_I2C_Mem_Write)
    i.HAL_I2C_MspInit                        0x08002b6c   Section        0  bsp_at24c02.o(i.HAL_I2C_MspInit)
    i.HAL_IncTick                            0x08002be0   Section        0  stm32l4xx_hal.o(i.HAL_IncTick)
    i.HAL_Init                               0x08002bf8   Section        0  stm32l4xx_hal.o(i.HAL_Init)
    i.HAL_InitTick                           0x08002c18   Section        0  stm32l4xx_hal.o(i.HAL_InitTick)
    i.HAL_MspInit                            0x08002c70   Section        0  stm32l4xx_hal_msp.o(i.HAL_MspInit)
    i.HAL_NVIC_EnableIRQ                     0x08002cb0   Section        0  stm32l4xx_hal_cortex.o(i.HAL_NVIC_EnableIRQ)
    i.HAL_NVIC_SetPriority                   0x08002cd0   Section        0  stm32l4xx_hal_cortex.o(i.HAL_NVIC_SetPriority)
    i.HAL_NVIC_SetPriorityGrouping           0x08002d54   Section        0  stm32l4xx_hal_cortex.o(i.HAL_NVIC_SetPriorityGrouping)
    i.HAL_PWREx_ControlVoltageScaling        0x08002d7c   Section        0  stm32l4xx_hal_pwr_ex.o(i.HAL_PWREx_ControlVoltageScaling)
    i.HAL_PWREx_GetVoltageRange              0x08002e08   Section        0  stm32l4xx_hal_pwr_ex.o(i.HAL_PWREx_GetVoltageRange)
    i.HAL_RCCEx_PeriphCLKConfig              0x08002e18   Section        0  stm32l4xx_hal_rcc_ex.o(i.HAL_RCCEx_PeriphCLKConfig)
    i.HAL_RCC_ClockConfig                    0x080031ec   Section        0  stm32l4xx_hal_rcc.o(i.HAL_RCC_ClockConfig)
    i.HAL_RCC_GetHCLKFreq                    0x08003368   Section        0  stm32l4xx_hal_rcc.o(i.HAL_RCC_GetHCLKFreq)
    i.HAL_RCC_GetSysClockFreq                0x08003374   Section        0  stm32l4xx_hal_rcc.o(i.HAL_RCC_GetSysClockFreq)
    i.HAL_RCC_OscConfig                      0x08003460   Section        0  stm32l4xx_hal_rcc.o(i.HAL_RCC_OscConfig)
    i.HAL_SPI_Init                           0x08003bc8   Section        0  stm32l4xx_hal_spi.o(i.HAL_SPI_Init)
    i.HAL_SPI_MspInit                        0x08003c88   Section        0  bsp_spi.o(i.HAL_SPI_MspInit)
    i.HAL_SPI_TransmitReceive                0x08003d50   Section        0  stm32l4xx_hal_spi.o(i.HAL_SPI_TransmitReceive)
    i.HAL_SYSTICK_CLKSourceConfig            0x08004012   Section        0  stm32l4xx_hal_cortex.o(i.HAL_SYSTICK_CLKSourceConfig)
    i.HAL_SYSTICK_Config                     0x0800403a   Section        0  stm32l4xx_hal_cortex.o(i.HAL_SYSTICK_Config)
    i.HardFault_Handler                      0x0800406e   Section        0  stm32l4xx_it.o(i.HardFault_Handler)
    i.I2C_EE_BufferRead                      0x08004074   Section        0  bsp_at24c02.o(i.I2C_EE_BufferRead)
    i.I2C_EE_ByteWrite                       0x080040a0   Section        0  bsp_at24c02.o(i.I2C_EE_ByteWrite)
    i.I2C_Flush_TXDR                         0x080040f4   Section        0  stm32l4xx_hal_i2c.o(i.I2C_Flush_TXDR)
    I2C_Flush_TXDR                           0x080040f5   Thumb Code    40  stm32l4xx_hal_i2c.o(i.I2C_Flush_TXDR)
    i.I2C_IsAcknowledgeFailed                0x0800411c   Section        0  stm32l4xx_hal_i2c.o(i.I2C_IsAcknowledgeFailed)
    I2C_IsAcknowledgeFailed                  0x0800411d   Thumb Code   148  stm32l4xx_hal_i2c.o(i.I2C_IsAcknowledgeFailed)
    i.I2C_RequestMemoryRead                  0x080041b4   Section        0  stm32l4xx_hal_i2c.o(i.I2C_RequestMemoryRead)
    I2C_RequestMemoryRead                    0x080041b5   Thumb Code   118  stm32l4xx_hal_i2c.o(i.I2C_RequestMemoryRead)
    i.I2C_RequestMemoryWrite                 0x08004230   Section        0  stm32l4xx_hal_i2c.o(i.I2C_RequestMemoryWrite)
    I2C_RequestMemoryWrite                   0x08004231   Thumb Code   118  stm32l4xx_hal_i2c.o(i.I2C_RequestMemoryWrite)
    i.I2C_TransferConfig                     0x080042ac   Section        0  stm32l4xx_hal_i2c.o(i.I2C_TransferConfig)
    I2C_TransferConfig                       0x080042ad   Thumb Code    52  stm32l4xx_hal_i2c.o(i.I2C_TransferConfig)
    i.I2C_WaitOnFlagUntilTimeout             0x080042e0   Section        0  stm32l4xx_hal_i2c.o(i.I2C_WaitOnFlagUntilTimeout)
    I2C_WaitOnFlagUntilTimeout               0x080042e1   Thumb Code    94  stm32l4xx_hal_i2c.o(i.I2C_WaitOnFlagUntilTimeout)
    i.I2C_WaitOnSTOPFlagUntilTimeout         0x0800433e   Section        0  stm32l4xx_hal_i2c.o(i.I2C_WaitOnSTOPFlagUntilTimeout)
    I2C_WaitOnSTOPFlagUntilTimeout           0x0800433f   Thumb Code    86  stm32l4xx_hal_i2c.o(i.I2C_WaitOnSTOPFlagUntilTimeout)
    i.I2C_WaitOnTXISFlagUntilTimeout         0x08004394   Section        0  stm32l4xx_hal_i2c.o(i.I2C_WaitOnTXISFlagUntilTimeout)
    I2C_WaitOnTXISFlagUntilTimeout           0x08004395   Thumb Code    90  stm32l4xx_hal_i2c.o(i.I2C_WaitOnTXISFlagUntilTimeout)
    i.IINCHIP_READ                           0x080043f0   Section        0  w5500_conf.o(i.IINCHIP_READ)
    i.IINCHIP_READ_TOP                       0x08004434   Section        0  w5500_conf.o(i.IINCHIP_READ_TOP)
    i.IINCHIP_WRITE                          0x08004478   Section        0  w5500_conf.o(i.IINCHIP_WRITE)
    i.LL_ADC_Enable                          0x080044bc   Section        0  stm32l4xx_hal_adc.o(i.LL_ADC_Enable)
    LL_ADC_Enable                            0x080044bd   Thumb Code    12  stm32l4xx_hal_adc.o(i.LL_ADC_Enable)
    i.LL_ADC_GetOffsetChannel                0x080044cc   Section        0  stm32l4xx_hal_adc.o(i.LL_ADC_GetOffsetChannel)
    LL_ADC_GetOffsetChannel                  0x080044cd   Thumb Code    18  stm32l4xx_hal_adc.o(i.LL_ADC_GetOffsetChannel)
    i.LL_ADC_INJ_IsConversionOngoing         0x080044de   Section        0  stm32l4xx_hal_adc.o(i.LL_ADC_INJ_IsConversionOngoing)
    LL_ADC_INJ_IsConversionOngoing           0x080044df   Thumb Code    10  stm32l4xx_hal_adc.o(i.LL_ADC_INJ_IsConversionOngoing)
    i.LL_ADC_IsDisableOngoing                0x080044e8   Section        0  stm32l4xx_hal_adc.o(i.LL_ADC_IsDisableOngoing)
    LL_ADC_IsDisableOngoing                  0x080044e9   Thumb Code    10  stm32l4xx_hal_adc.o(i.LL_ADC_IsDisableOngoing)
    i.LL_ADC_IsEnabled                       0x080044f2   Section        0  stm32l4xx_hal_adc.o(i.LL_ADC_IsEnabled)
    LL_ADC_IsEnabled                         0x080044f3   Thumb Code    10  stm32l4xx_hal_adc.o(i.LL_ADC_IsEnabled)
    i.LL_ADC_IsInternalRegulatorEnabled      0x080044fc   Section        0  stm32l4xx_hal_adc.o(i.LL_ADC_IsInternalRegulatorEnabled)
    LL_ADC_IsInternalRegulatorEnabled        0x080044fd   Thumb Code    10  stm32l4xx_hal_adc.o(i.LL_ADC_IsInternalRegulatorEnabled)
    i.LL_ADC_REG_IsConversionOngoing         0x08004506   Section        0  stm32l4xx_hal_adc.o(i.LL_ADC_REG_IsConversionOngoing)
    LL_ADC_REG_IsConversionOngoing           0x08004507   Thumb Code    10  stm32l4xx_hal_adc.o(i.LL_ADC_REG_IsConversionOngoing)
    i.LL_ADC_REG_IsTriggerSourceSWStart      0x08004510   Section        0  stm32l4xx_hal_adc.o(i.LL_ADC_REG_IsTriggerSourceSWStart)
    LL_ADC_REG_IsTriggerSourceSWStart        0x08004511   Thumb Code    18  stm32l4xx_hal_adc.o(i.LL_ADC_REG_IsTriggerSourceSWStart)
    i.LL_ADC_REG_StartConversion             0x08004524   Section        0  stm32l4xx_hal_adc.o(i.LL_ADC_REG_StartConversion)
    LL_ADC_REG_StartConversion               0x08004525   Thumb Code    12  stm32l4xx_hal_adc.o(i.LL_ADC_REG_StartConversion)
    i.LL_ADC_SetChannelSamplingTime          0x08004534   Section        0  stm32l4xx_hal_adc.o(i.LL_ADC_SetChannelSamplingTime)
    LL_ADC_SetChannelSamplingTime            0x08004535   Thumb Code    40  stm32l4xx_hal_adc.o(i.LL_ADC_SetChannelSamplingTime)
    i.LL_ADC_SetCommonPathInternalCh         0x0800455c   Section        0  stm32l4xx_hal_adc.o(i.LL_ADC_SetCommonPathInternalCh)
    LL_ADC_SetCommonPathInternalCh           0x0800455d   Thumb Code    12  stm32l4xx_hal_adc.o(i.LL_ADC_SetCommonPathInternalCh)
    i.LL_ADC_SetOffsetState                  0x08004568   Section        0  stm32l4xx_hal_adc.o(i.LL_ADC_SetOffsetState)
    LL_ADC_SetOffsetState                    0x08004569   Thumb Code    22  stm32l4xx_hal_adc.o(i.LL_ADC_SetOffsetState)
    i.MemManage_Handler                      0x0800457e   Section        0  stm32l4xx_it.o(i.MemManage_Handler)
    i.NMI_Handler                            0x08004582   Section        0  stm32l4xx_it.o(i.NMI_Handler)
    i.PPT_SW                                 0x08004584   Section        0  bsp_gpio.o(i.PPT_SW)
    i.PPT_SW_Init                            0x080045b8   Section        0  bsp_gpio.o(i.PPT_SW_Init)
    i.PendSV_Handler                         0x0800461c   Section        0  stm32l4xx_it.o(i.PendSV_Handler)
    i.RCCEx_PLLSAI1_Config                   0x08004620   Section        0  stm32l4xx_hal_rcc_ex.o(i.RCCEx_PLLSAI1_Config)
    RCCEx_PLLSAI1_Config                     0x08004621   Thumb Code   376  stm32l4xx_hal_rcc_ex.o(i.RCCEx_PLLSAI1_Config)
    i.RCC_SetFlashLatencyFromMSIRange        0x080047a8   Section        0  stm32l4xx_hal_rcc.o(i.RCC_SetFlashLatencyFromMSIRange)
    RCC_SetFlashLatencyFromMSIRange          0x080047a9   Thumb Code   148  stm32l4xx_hal_rcc.o(i.RCC_SetFlashLatencyFromMSIRange)
    i.SPI2_Init                              0x08004844   Section        0  bsp_spi.o(i.SPI2_Init)
    i.SPI2_SendByte                          0x080048cc   Section        0  bsp_spi.o(i.SPI2_SendByte)
    i.SPI_EndRxTxTransaction                 0x08004928   Section        0  stm32l4xx_hal_spi.o(i.SPI_EndRxTxTransaction)
    SPI_EndRxTxTransaction                   0x08004929   Thumb Code   100  stm32l4xx_hal_spi.o(i.SPI_EndRxTxTransaction)
    i.SPI_WaitFifoStateUntilTimeout          0x0800498c   Section        0  stm32l4xx_hal_spi.o(i.SPI_WaitFifoStateUntilTimeout)
    SPI_WaitFifoStateUntilTimeout            0x0800498d   Thumb Code   170  stm32l4xx_hal_spi.o(i.SPI_WaitFifoStateUntilTimeout)
    i.SPI_WaitFlagStateUntilTimeout          0x08004a36   Section        0  stm32l4xx_hal_spi.o(i.SPI_WaitFlagStateUntilTimeout)
    SPI_WaitFlagStateUntilTimeout            0x08004a37   Thumb Code   168  stm32l4xx_hal_spi.o(i.SPI_WaitFlagStateUntilTimeout)
    i.SVC_Handler                            0x08004ade   Section        0  stm32l4xx_it.o(i.SVC_Handler)
    i.SysTick_Handler                        0x08004ae0   Section        0  stm32l4xx_it.o(i.SysTick_Handler)
    i.SystemClock_Config                     0x08004ae8   Section        0  bsp.o(i.SystemClock_Config)
    i.SystemInit                             0x08004bd8   Section        0  system_stm32l4xx.o(i.SystemInit)
    i.UsageFault_Handler                     0x08004c28   Section        0  stm32l4xx_it.o(i.UsageFault_Handler)
    i._Error_Handler                         0x08004c2c   Section        0  bsp.o(i._Error_Handler)
    i.__NVIC_GetPriorityGrouping             0x08004c30   Section        0  stm32l4xx_hal_cortex.o(i.__NVIC_GetPriorityGrouping)
    __NVIC_GetPriorityGrouping               0x08004c31   Thumb Code    10  stm32l4xx_hal_cortex.o(i.__NVIC_GetPriorityGrouping)
    i.__NVIC_SetPriority                     0x08004c40   Section        0  stm32l4xx_hal_cortex.o(i.__NVIC_SetPriority)
    __NVIC_SetPriority                       0x08004c41   Thumb Code    32  stm32l4xx_hal_cortex.o(i.__NVIC_SetPriority)
    i.__hardfp_sqrt                          0x08004c68   Section        0  sqrt.o(i.__hardfp_sqrt)
    i.__scatterload_copy                     0x08004ce2   Section       14  handlers.o(i.__scatterload_copy)
    i.__scatterload_null                     0x08004cf0   Section        2  handlers.o(i.__scatterload_null)
    i.__scatterload_zeroinit                 0x08004cf2   Section       14  handlers.o(i.__scatterload_zeroinit)
    i.__set_errno                            0x08004d00   Section        0  errno.o(i.__set_errno)
    i.bsp_delayus                            0x08004d0c   Section        0  bsp.o(i.bsp_delayus)
    i.do_udp                                 0x08004d68   Section        0  network.o(i.do_udp)
    i.getGAR                                 0x08004e6c   Section        0  w5500.o(i.getGAR)
    i.getIINCHIP_TxMAX                       0x08004e7c   Section        0  w5500.o(i.getIINCHIP_TxMAX)
    i.getSIPR                                0x08004e8c   Section        0  w5500.o(i.getSIPR)
    i.getSUBR                                0x08004e9e   Section        0  w5500.o(i.getSUBR)
    i.getSn_IR                               0x08004eb0   Section        0  w5500.o(i.getSn_IR)
    i.getSn_RX_RSR                           0x08004ec2   Section        0  w5500.o(i.getSn_RX_RSR)
    i.getSn_SR                               0x08004f16   Section        0  w5500.o(i.getSn_SR)
    i.main                                   0x08004f28   Section        0  main.o(i.main)
    i.num_INIT                               0x08004f58   Section        0  w5500_conf.o(i.num_INIT)
    i.read_calibration                       0x08004f8c   Section        0  settings.o(i.read_calibration)
    i.recvfrom                               0x08004ff4   Section        0  socket.o(i.recvfrom)
    i.reset_w5500                            0x08005108   Section        0  w5500_conf.o(i.reset_w5500)
    i.send_data_processing                   0x08005130   Section        0  w5500.o(i.send_data_processing)
    i.sendto                                 0x0800519c   Section        0  socket.o(i.sendto)
    i.setGAR                                 0x080052a8   Section        0  w5500.o(i.setGAR)
    i.setSHAR                                0x080052b8   Section        0  w5500.o(i.setSHAR)
    i.setSIPR                                0x080052ca   Section        0  w5500.o(i.setSIPR)
    i.setSUBR                                0x080052dc   Section        0  w5500.o(i.setSUBR)
    i.setSn_IR                               0x080052ee   Section        0  w5500.o(i.setSn_IR)
    i.set_data                               0x08005304   Section        0  monitor.o(i.set_data)
    i.set_w5500_ip                           0x080053ec   Section        0  w5500_conf.o(i.set_w5500_ip)
    i.set_w5500_mac                          0x0800545c   Section        0  w5500_conf.o(i.set_w5500_mac)
    i.socket                                 0x08005478   Section        0  socket.o(i.socket)
    i.socket_buf_init                        0x08005564   Section        0  w5500.o(i.socket_buf_init)
    i.spi_w5500_config                       0x080055ec   Section        0  w5500_conf.o(i.spi_w5500_config)
    i.w5500_init                             0x080055f4   Section        0  w5500_conf.o(i.w5500_init)
    i.wiz_read_buf                           0x0800560c   Section        0  w5500_conf.o(i.wiz_read_buf)
    i.wiz_read_buf_top                       0x08005664   Section        0  w5500_conf.o(i.wiz_read_buf_top)
    i.wiz_write_buf                          0x080056bc   Section        0  w5500_conf.o(i.wiz_write_buf)
    i.wiz_write_buf_top                      0x0800571c   Section        0  w5500_conf.o(i.wiz_write_buf_top)
    .constdata                               0x0800577c   Section       72  system_stm32l4xx.o(.constdata)
    .data                                    0x20000000   Section       12  stm32l4xx_hal.o(.data)
    .data                                    0x2000000c   Section        4  system_stm32l4xx.o(.data)
    .data                                    0x20000010   Section       38  monitor.o(.data)
    t                                        0x20000030   Data           1  monitor.o(.data)
    num2                                     0x20000032   Data           4  monitor.o(.data)
    .data                                    0x20000036   Section        2  network.o(.data)
    time                                     0x20000036   Data           2  network.o(.data)
    .data                                    0x20000038   Section        8  settings.o(.data)
    .data                                    0x20000040   Section        3  bsp_ds18b20.o(.data)
    i                                        0x20000042   Data           1  bsp_ds18b20.o(.data)
    .data                                    0x20000043   Section        1  bsp_gpio.o(.data)
    .data                                    0x20000044   Section       32  w5500_conf.o(.data)
    .data                                    0x20000064   Section       16  w5500.o(.data)
    .data                                    0x20000074   Section        4  errno.o(.data)
    _errno                                   0x20000074   Data           4  errno.o(.data)
    .bss                                     0x20000078   Section      100  monitor.o(.bss)
    max                                      0x20000092   Data          18  monitor.o(.bss)
    min                                      0x200000a4   Data          18  monitor.o(.bss)
    sum                                      0x200000b6   Data          18  monitor.o(.bss)
    num                                      0x200000c8   Data          20  monitor.o(.bss)
    .bss                                     0x200000dc   Section      188  bsp_adc.o(.bss)
    .bss                                     0x20000198   Section       76  bsp_at24c02.o(.bss)
    .bss                                     0x200001e4   Section      100  bsp_spi.o(.bss)
    .bss                                     0x20000248   Section       26  w5500_conf.o(.bss)
    .bss                                     0x20000262   Section       32  w5500.o(.bss)
    STACK                                    0x20000288   Section     1024  startup_stm32l433xx.o(STACK)

    Global Symbols

    Symbol Name                              Value     Ov Type        Size  Object(Section)

    BuildAttributes$$THM_ISAv4$E$P$D$K$B$S$7EM$VFPi3$EXTD16$VFPS$VFMA$PE$A:L22UL41UL21$X:L11$S22US41US21$IEEE1$IW$USESV6$~STKCKD$USESV7$~SHL$OTIME$ROPI$IEEEJ$EBA8$MICROLIB$REQ8$PRES8$EABIv2 0x00000000   Number         0  anon$$obj.o ABSOLUTE
    __ARM_use_no_argv                        0x00000000   Number         0  main.o ABSOLUTE
    __arm_fini_                               - Undefined Weak Reference
    __cpp_initialize__aeabi_                  - Undefined Weak Reference
    __cxa_finalize                            - Undefined Weak Reference
    __decompress                              - Undefined Weak Reference
    _clock_init                               - Undefined Weak Reference
    _microlib_exit                            - Undefined Weak Reference
    __Vectors_Size                           0x0000018c   Number         0  startup_stm32l433xx.o ABSOLUTE
    __Vectors                                0x08000000   Data           4  startup_stm32l433xx.o(RESET)
    __Vectors_End                            0x0800018c   Data           0  startup_stm32l433xx.o(RESET)
    __main                                   0x0800018d   Thumb Code     0  entry.o(.ARM.Collect$$$$00000000)
    _main_stk                                0x0800018d   Thumb Code     0  entry2.o(.ARM.Collect$$$$00000001)
    _main_scatterload                        0x08000191   Thumb Code     0  entry5.o(.ARM.Collect$$$$00000004)
    __main_after_scatterload                 0x08000195   Thumb Code     0  entry5.o(.ARM.Collect$$$$00000004)
    _main_clock                              0x08000195   Thumb Code     0  entry7b.o(.ARM.Collect$$$$00000008)
    _main_cpp_init                           0x08000195   Thumb Code     0  entry8b.o(.ARM.Collect$$$$0000000A)
    _main_init                               0x08000195   Thumb Code     0  entry9a.o(.ARM.Collect$$$$0000000B)
    __rt_lib_shutdown_fini                   0x0800019d   Thumb Code     0  entry12b.o(.ARM.Collect$$$$0000000E)
    __rt_final_cpp                           0x080001a1   Thumb Code     0  entry10a.o(.ARM.Collect$$$$0000000F)
    __rt_final_exit                          0x080001a1   Thumb Code     0  entry11a.o(.ARM.Collect$$$$00000011)
    Reset_Handler                            0x080001a5   Thumb Code     8  startup_stm32l433xx.o(.text)
    CAN1_RX0_IRQHandler                      0x080001bf   Thumb Code     0  startup_stm32l433xx.o(.text)
    CAN1_RX1_IRQHandler                      0x080001bf   Thumb Code     0  startup_stm32l433xx.o(.text)
    CAN1_SCE_IRQHandler                      0x080001bf   Thumb Code     0  startup_stm32l433xx.o(.text)
    CAN1_TX_IRQHandler                       0x080001bf   Thumb Code     0  startup_stm32l433xx.o(.text)
    COMP_IRQHandler                          0x080001bf   Thumb Code     0  startup_stm32l433xx.o(.text)
    CRS_IRQHandler                           0x080001bf   Thumb Code     0  startup_stm32l433xx.o(.text)
    DMA1_Channel2_IRQHandler                 0x080001bf   Thumb Code     0  startup_stm32l433xx.o(.text)
    DMA1_Channel3_IRQHandler                 0x080001bf   Thumb Code     0  startup_stm32l433xx.o(.text)
    DMA1_Channel4_IRQHandler                 0x080001bf   Thumb Code     0  startup_stm32l433xx.o(.text)
    DMA1_Channel5_IRQHandler                 0x080001bf   Thumb Code     0  startup_stm32l433xx.o(.text)
    DMA1_Channel6_IRQHandler                 0x080001bf   Thumb Code     0  startup_stm32l433xx.o(.text)
    DMA1_Channel7_IRQHandler                 0x080001bf   Thumb Code     0  startup_stm32l433xx.o(.text)
    DMA2_Channel1_IRQHandler                 0x080001bf   Thumb Code     0  startup_stm32l433xx.o(.text)
    DMA2_Channel2_IRQHandler                 0x080001bf   Thumb Code     0  startup_stm32l433xx.o(.text)
    DMA2_Channel3_IRQHandler                 0x080001bf   Thumb Code     0  startup_stm32l433xx.o(.text)
    DMA2_Channel4_IRQHandler                 0x080001bf   Thumb Code     0  startup_stm32l433xx.o(.text)
    DMA2_Channel5_IRQHandler                 0x080001bf   Thumb Code     0  startup_stm32l433xx.o(.text)
    DMA2_Channel6_IRQHandler                 0x080001bf   Thumb Code     0  startup_stm32l433xx.o(.text)
    DMA2_Channel7_IRQHandler                 0x080001bf   Thumb Code     0  startup_stm32l433xx.o(.text)
    EXTI0_IRQHandler                         0x080001bf   Thumb Code     0  startup_stm32l433xx.o(.text)
    EXTI15_10_IRQHandler                     0x080001bf   Thumb Code     0  startup_stm32l433xx.o(.text)
    EXTI1_IRQHandler                         0x080001bf   Thumb Code     0  startup_stm32l433xx.o(.text)
    EXTI2_IRQHandler                         0x080001bf   Thumb Code     0  startup_stm32l433xx.o(.text)
    EXTI3_IRQHandler                         0x080001bf   Thumb Code     0  startup_stm32l433xx.o(.text)
    EXTI4_IRQHandler                         0x080001bf   Thumb Code     0  startup_stm32l433xx.o(.text)
    EXTI9_5_IRQHandler                       0x080001bf   Thumb Code     0  startup_stm32l433xx.o(.text)
    FLASH_IRQHandler                         0x080001bf   Thumb Code     0  startup_stm32l433xx.o(.text)
    FPU_IRQHandler                           0x080001bf   Thumb Code     0  startup_stm32l433xx.o(.text)
    I2C1_ER_IRQHandler                       0x080001bf   Thumb Code     0  startup_stm32l433xx.o(.text)
    I2C1_EV_IRQHandler                       0x080001bf   Thumb Code     0  startup_stm32l433xx.o(.text)
    I2C2_ER_IRQHandler                       0x080001bf   Thumb Code     0  startup_stm32l433xx.o(.text)
    I2C2_EV_IRQHandler                       0x080001bf   Thumb Code     0  startup_stm32l433xx.o(.text)
    I2C3_ER_IRQHandler                       0x080001bf   Thumb Code     0  startup_stm32l433xx.o(.text)
    I2C3_EV_IRQHandler                       0x080001bf   Thumb Code     0  startup_stm32l433xx.o(.text)
    LCD_IRQHandler                           0x080001bf   Thumb Code     0  startup_stm32l433xx.o(.text)
    LPTIM1_IRQHandler                        0x080001bf   Thumb Code     0  startup_stm32l433xx.o(.text)
    LPTIM2_IRQHandler                        0x080001bf   Thumb Code     0  startup_stm32l433xx.o(.text)
    LPUART1_IRQHandler                       0x080001bf   Thumb Code     0  startup_stm32l433xx.o(.text)
    PVD_PVM_IRQHandler                       0x080001bf   Thumb Code     0  startup_stm32l433xx.o(.text)
    QUADSPI_IRQHandler                       0x080001bf   Thumb Code     0  startup_stm32l433xx.o(.text)
    RCC_IRQHandler                           0x080001bf   Thumb Code     0  startup_stm32l433xx.o(.text)
    RNG_IRQHandler                           0x080001bf   Thumb Code     0  startup_stm32l433xx.o(.text)
    RTC_Alarm_IRQHandler                     0x080001bf   Thumb Code     0  startup_stm32l433xx.o(.text)
    RTC_WKUP_IRQHandler                      0x080001bf   Thumb Code     0  startup_stm32l433xx.o(.text)
    SAI1_IRQHandler                          0x080001bf   Thumb Code     0  startup_stm32l433xx.o(.text)
    SDMMC1_IRQHandler                        0x080001bf   Thumb Code     0  startup_stm32l433xx.o(.text)
    SPI1_IRQHandler                          0x080001bf   Thumb Code     0  startup_stm32l433xx.o(.text)
    SPI2_IRQHandler                          0x080001bf   Thumb Code     0  startup_stm32l433xx.o(.text)
    SPI3_IRQHandler                          0x080001bf   Thumb Code     0  startup_stm32l433xx.o(.text)
    SWPMI1_IRQHandler                        0x080001bf   Thumb Code     0  startup_stm32l433xx.o(.text)
    TAMP_STAMP_IRQHandler                    0x080001bf   Thumb Code     0  startup_stm32l433xx.o(.text)
    TIM1_BRK_TIM15_IRQHandler                0x080001bf   Thumb Code     0  startup_stm32l433xx.o(.text)
    TIM1_CC_IRQHandler                       0x080001bf   Thumb Code     0  startup_stm32l433xx.o(.text)
    TIM1_TRG_COM_IRQHandler                  0x080001bf   Thumb Code     0  startup_stm32l433xx.o(.text)
    TIM1_UP_TIM16_IRQHandler                 0x080001bf   Thumb Code     0  startup_stm32l433xx.o(.text)
    TIM2_IRQHandler                          0x080001bf   Thumb Code     0  startup_stm32l433xx.o(.text)
    TIM6_DAC_IRQHandler                      0x080001bf   Thumb Code     0  startup_stm32l433xx.o(.text)
    TIM7_IRQHandler                          0x080001bf   Thumb Code     0  startup_stm32l433xx.o(.text)
    TSC_IRQHandler                           0x080001bf   Thumb Code     0  startup_stm32l433xx.o(.text)
    USART1_IRQHandler                        0x080001bf   Thumb Code     0  startup_stm32l433xx.o(.text)
    USART2_IRQHandler                        0x080001bf   Thumb Code     0  startup_stm32l433xx.o(.text)
    USART3_IRQHandler                        0x080001bf   Thumb Code     0  startup_stm32l433xx.o(.text)
    USB_IRQHandler                           0x080001bf   Thumb Code     0  startup_stm32l433xx.o(.text)
    WWDG_IRQHandler                          0x080001bf   Thumb Code     0  startup_stm32l433xx.o(.text)
    __aeabi_memset                           0x080001c9   Thumb Code    14  memseta.o(.text)
    __aeabi_memset4                          0x080001c9   Thumb Code     0  memseta.o(.text)
    __aeabi_memset8                          0x080001c9   Thumb Code     0  memseta.o(.text)
    __aeabi_memclr                           0x080001d7   Thumb Code     4  memseta.o(.text)
    __aeabi_memclr4                          0x080001d7   Thumb Code     0  memseta.o(.text)
    __aeabi_memclr8                          0x080001d7   Thumb Code     0  memseta.o(.text)
    _memset$wrapper                          0x080001db   Thumb Code    18  memseta.o(.text)
    __aeabi_dadd                             0x080001ed   Thumb Code   322  dadd.o(.text)
    __aeabi_dsub                             0x0800032f   Thumb Code     6  dadd.o(.text)
    __aeabi_drsub                            0x08000335   Thumb Code     6  dadd.o(.text)
    __aeabi_dmul                             0x0800034b   Thumb Code   228  dmul.o(.text)
    __aeabi_ddiv                             0x08000435   Thumb Code   222  ddiv.o(.text)
    __aeabi_i2d                              0x08000513   Thumb Code    34  dflti.o(.text)
    __aeabi_f2d                              0x08000535   Thumb Code    38  f2d.o(.text)
    __aeabi_d2f                              0x0800055b   Thumb Code    56  d2f.o(.text)
    __aeabi_llsl                             0x08000593   Thumb Code    30  llshl.o(.text)
    _ll_shift_l                              0x08000593   Thumb Code     0  llshl.o(.text)
    __aeabi_lasr                             0x080005b1   Thumb Code    36  llsshr.o(.text)
    _ll_sshift_r                             0x080005b1   Thumb Code     0  llsshr.o(.text)
    __I$use$fp                               0x080005d5   Thumb Code     0  iusefp.o(.text)
    _float_round                             0x080005d5   Thumb Code    18  fepilogue.o(.text)
    _float_epilogue                          0x080005e7   Thumb Code    92  fepilogue.o(.text)
    _double_round                            0x08000643   Thumb Code    30  depilogue.o(.text)
    _double_epilogue                         0x08000661   Thumb Code   156  depilogue.o(.text)
    _dsqrt                                   0x080006fd   Thumb Code   162  dsqrt.o(.text)
    __scatterload                            0x080007a1   Thumb Code    28  init.o(.text)
    __scatterload_rt2                        0x080007a1   Thumb Code     0  init.o(.text)
    __aeabi_llsr                             0x080007c5   Thumb Code    32  llushr.o(.text)
    _ll_ushift_r                             0x080007c5   Thumb Code     0  llushr.o(.text)
    ADC1_IRQHandler                          0x080007e5   Thumb Code    10  stm32l4xx_it.o(i.ADC1_IRQHandler)
    ADC1_Init                                0x080007f5   Thumb Code   314  bsp_adc.o(i.ADC1_Init)
    ADC_DMAConvCplt                          0x08000979   Thumb Code   146  stm32l4xx_hal_adc.o(i.ADC_DMAConvCplt)
    ADC_DMAError                             0x08000a0b   Thumb Code    30  stm32l4xx_hal_adc.o(i.ADC_DMAError)
    ADC_DMAHalfConvCplt                      0x08000a29   Thumb Code    14  stm32l4xx_hal_adc.o(i.ADC_DMAHalfConvCplt)
    ADC_DMA_Init                             0x08000a39   Thumb Code    48  bsp_adc.o(i.ADC_DMA_Init)
    ADC_Disable                              0x08000a6d   Thumb Code   132  stm32l4xx_hal_adc.o(i.ADC_Disable)
    ADC_Enable                               0x08000af5   Thumb Code   116  stm32l4xx_hal_adc.o(i.ADC_Enable)
    ADC_Init                                 0x08000b6d   Thumb Code    12  bsp_adc.o(i.ADC_Init)
    AT24C02_Init                             0x08000b79   Thumb Code    86  bsp_at24c02.o(i.AT24C02_Init)
    BSP_Inits                                0x08000c05   Thumb Code    40  bsp.o(i.BSP_Inits)
    BoardAddr_Init                           0x08000c35   Thumb Code   270  bsp_gpio.o(i.BoardAddr_Init)
    BusFault_Handler                         0x08000d51   Thumb Code     4  stm32l4xx_it.o(i.BusFault_Handler)
    CURR_calculate                           0x08000d55   Thumb Code   844  monitor.o(i.CURR_calculate)
    DMA1_Channel1_IRQHandler                 0x08001101   Thumb Code    10  stm32l4xx_it.o(i.DMA1_Channel1_IRQHandler)
    DS18B20_GPIO_Config                      0x08001141   Thumb Code    76  bsp_ds18b20.o(i.DS18B20_GPIO_Config)
    DS18B20_Get_Temp                         0x08001195   Thumb Code   150  bsp_ds18b20.o(i.DS18B20_Get_Temp)
    DS18B20_Init                             0x08001235   Thumb Code    16  bsp_ds18b20.o(i.DS18B20_Init)
    DS18B20_Read_Byte                        0x0800132d   Thumb Code    34  bsp_ds18b20.o(i.DS18B20_Read_Byte)
    DS18B20_Write_Byte                       0x08001381   Thumb Code   100  bsp_ds18b20.o(i.DS18B20_Write_Byte)
    DebugMon_Handler                         0x080013e9   Thumb Code     2  stm32l4xx_it.o(i.DebugMon_Handler)
    Get_Board_Temp                           0x080013ed   Thumb Code    72  bsp_ds18b20.o(i.Get_Board_Temp)
    HAL_ADCEx_Calibration_Start              0x08001441   Thumb Code   166  stm32l4xx_hal_adc_ex.o(i.HAL_ADCEx_Calibration_Start)
    HAL_ADCEx_EndOfSamplingCallback          0x080014ed   Thumb Code     2  stm32l4xx_hal_adc_ex.o(i.HAL_ADCEx_EndOfSamplingCallback)
    HAL_ADCEx_InjectedConvCpltCallback       0x080014ef   Thumb Code     2  stm32l4xx_hal_adc_ex.o(i.HAL_ADCEx_InjectedConvCpltCallback)
    HAL_ADCEx_InjectedQueueOverflowCallback  0x080014f1   Thumb Code     2  stm32l4xx_hal_adc_ex.o(i.HAL_ADCEx_InjectedQueueOverflowCallback)
    HAL_ADCEx_LevelOutOfWindow2Callback      0x080014f3   Thumb Code     2  stm32l4xx_hal_adc_ex.o(i.HAL_ADCEx_LevelOutOfWindow2Callback)
    HAL_ADCEx_LevelOutOfWindow3Callback      0x080014f5   Thumb Code     2  stm32l4xx_hal_adc_ex.o(i.HAL_ADCEx_LevelOutOfWindow3Callback)
    HAL_ADC_ConfigChannel                    0x080014f9   Thumb Code  1204  stm32l4xx_hal_adc.o(i.HAL_ADC_ConfigChannel)
    HAL_ADC_ConvCpltCallback                 0x080019cb   Thumb Code     2  bsp.o(i.HAL_ADC_ConvCpltCallback)
    HAL_ADC_ConvHalfCpltCallback             0x080019cd   Thumb Code     2  stm32l4xx_hal_adc.o(i.HAL_ADC_ConvHalfCpltCallback)
    HAL_ADC_ErrorCallback                    0x080019cf   Thumb Code     2  stm32l4xx_hal_adc.o(i.HAL_ADC_ErrorCallback)
    HAL_ADC_IRQHandler                       0x080019d1   Thumb Code   662  stm32l4xx_hal_adc.o(i.HAL_ADC_IRQHandler)
    HAL_ADC_Init                             0x08001c69   Thumb Code   480  stm32l4xx_hal_adc.o(i.HAL_ADC_Init)
    HAL_ADC_LevelOutOfWindowCallback         0x08001e65   Thumb Code     2  stm32l4xx_hal_adc.o(i.HAL_ADC_LevelOutOfWindowCallback)
    HAL_ADC_MspInit                          0x08001e69   Thumb Code   218  bsp_adc.o(i.HAL_ADC_MspInit)
    HAL_ADC_Start_DMA                        0x08001f79   Thumb Code   192  stm32l4xx_hal_adc.o(i.HAL_ADC_Start_DMA)
    HAL_DMA_IRQHandler                       0x08002045   Thumb Code   254  stm32l4xx_hal_dma.o(i.HAL_DMA_IRQHandler)
    HAL_DMA_Init                             0x08002145   Thumb Code   258  stm32l4xx_hal_dma.o(i.HAL_DMA_Init)
    HAL_DMA_Start_IT                         0x08002251   Thumb Code   156  stm32l4xx_hal_dma.o(i.HAL_DMA_Start_IT)
    HAL_Delay                                0x080022ed   Thumb Code    36  stm32l4xx_hal.o(i.HAL_Delay)
    HAL_GPIO_Init                            0x08002315   Thumb Code   428  stm32l4xx_hal_gpio.o(i.HAL_GPIO_Init)
    HAL_GPIO_ReadPin                         0x080024dd   Thumb Code    16  stm32l4xx_hal_gpio.o(i.HAL_GPIO_ReadPin)
    HAL_GPIO_WritePin                        0x080024ed   Thumb Code    10  stm32l4xx_hal_gpio.o(i.HAL_GPIO_WritePin)
    HAL_GetTick                              0x080024f9   Thumb Code     6  stm32l4xx_hal.o(i.HAL_GetTick)
    HAL_I2CEx_ConfigAnalogFilter             0x08002505   Thumb Code   106  stm32l4xx_hal_i2c_ex.o(i.HAL_I2CEx_ConfigAnalogFilter)
    HAL_I2CEx_ConfigDigitalFilter            0x0800256f   Thumb Code   104  stm32l4xx_hal_i2c_ex.o(i.HAL_I2CEx_ConfigDigitalFilter)
    HAL_I2C_GetState                         0x080025d7   Thumb Code     8  stm32l4xx_hal_i2c.o(i.HAL_I2C_GetState)
    HAL_I2C_Init                             0x080025e1   Thumb Code   192  stm32l4xx_hal_i2c.o(i.HAL_I2C_Init)
    HAL_I2C_IsDeviceReady                    0x080026a5   Thumb Code   378  stm32l4xx_hal_i2c.o(i.HAL_I2C_IsDeviceReady)
    HAL_I2C_Mem_Read                         0x08002825   Thumb Code   408  stm32l4xx_hal_i2c.o(i.HAL_I2C_Mem_Read)
    HAL_I2C_Mem_Write                        0x080029cd   Thumb Code   402  stm32l4xx_hal_i2c.o(i.HAL_I2C_Mem_Write)
    HAL_I2C_MspInit                          0x08002b6d   Thumb Code   102  bsp_at24c02.o(i.HAL_I2C_MspInit)
    HAL_IncTick                              0x08002be1   Thumb Code    16  stm32l4xx_hal.o(i.HAL_IncTick)
    HAL_Init                                 0x08002bf9   Thumb Code    30  stm32l4xx_hal.o(i.HAL_Init)
    HAL_InitTick                             0x08002c19   Thumb Code    74  stm32l4xx_hal.o(i.HAL_InitTick)
    HAL_MspInit                              0x08002c71   Thumb Code    58  stm32l4xx_hal_msp.o(i.HAL_MspInit)
    HAL_NVIC_EnableIRQ                       0x08002cb1   Thumb Code    32  stm32l4xx_hal_cortex.o(i.HAL_NVIC_EnableIRQ)
    HAL_NVIC_SetPriority                     0x08002cd1   Thumb Code   124  stm32l4xx_hal_cortex.o(i.HAL_NVIC_SetPriority)
    HAL_NVIC_SetPriorityGrouping             0x08002d55   Thumb Code    32  stm32l4xx_hal_cortex.o(i.HAL_NVIC_SetPriorityGrouping)
    HAL_PWREx_ControlVoltageScaling          0x08002d7d   Thumb Code   128  stm32l4xx_hal_pwr_ex.o(i.HAL_PWREx_ControlVoltageScaling)
    HAL_PWREx_GetVoltageRange                0x08002e09   Thumb Code    10  stm32l4xx_hal_pwr_ex.o(i.HAL_PWREx_GetVoltageRange)
    HAL_RCCEx_PeriphCLKConfig                0x08002e19   Thumb Code   970  stm32l4xx_hal_rcc_ex.o(i.HAL_RCCEx_PeriphCLKConfig)
    HAL_RCC_ClockConfig                      0x080031ed   Thumb Code   360  stm32l4xx_hal_rcc.o(i.HAL_RCC_ClockConfig)
    HAL_RCC_GetHCLKFreq                      0x08003369   Thumb Code     6  stm32l4xx_hal_rcc.o(i.HAL_RCC_GetHCLKFreq)
    HAL_RCC_GetSysClockFreq                  0x08003375   Thumb Code   220  stm32l4xx_hal_rcc.o(i.HAL_RCC_GetSysClockFreq)
    HAL_RCC_OscConfig                        0x08003461   Thumb Code  1878  stm32l4xx_hal_rcc.o(i.HAL_RCC_OscConfig)
    HAL_SPI_Init                             0x08003bc9   Thumb Code   192  stm32l4xx_hal_spi.o(i.HAL_SPI_Init)
    HAL_SPI_MspInit                          0x08003c89   Thumb Code   182  bsp_spi.o(i.HAL_SPI_MspInit)
    HAL_SPI_TransmitReceive                  0x08003d51   Thumb Code   700  stm32l4xx_hal_spi.o(i.HAL_SPI_TransmitReceive)
    HAL_SYSTICK_CLKSourceConfig              0x08004013   Thumb Code    40  stm32l4xx_hal_cortex.o(i.HAL_SYSTICK_CLKSourceConfig)
    HAL_SYSTICK_Config                       0x0800403b   Thumb Code    52  stm32l4xx_hal_cortex.o(i.HAL_SYSTICK_Config)
    HardFault_Handler                        0x0800406f   Thumb Code     4  stm32l4xx_it.o(i.HardFault_Handler)
    I2C_EE_BufferRead                        0x08004075   Thumb Code    38  bsp_at24c02.o(i.I2C_EE_BufferRead)
    I2C_EE_ByteWrite                         0x080040a1   Thumb Code    80  bsp_at24c02.o(i.I2C_EE_ByteWrite)
    IINCHIP_READ                             0x080043f1   Thumb Code    64  w5500_conf.o(i.IINCHIP_READ)
    IINCHIP_READ_TOP                         0x08004435   Thumb Code    64  w5500_conf.o(i.IINCHIP_READ_TOP)
    IINCHIP_WRITE                            0x08004479   Thumb Code    64  w5500_conf.o(i.IINCHIP_WRITE)
    MemManage_Handler                        0x0800457f   Thumb Code     4  stm32l4xx_it.o(i.MemManage_Handler)
    NMI_Handler                              0x08004583   Thumb Code     2  stm32l4xx_it.o(i.NMI_Handler)
    PPT_SW                                   0x08004585   Thumb Code    44  bsp_gpio.o(i.PPT_SW)
    PPT_SW_Init                              0x080045b9   Thumb Code    92  bsp_gpio.o(i.PPT_SW_Init)
    PendSV_Handler                           0x0800461d   Thumb Code     2  stm32l4xx_it.o(i.PendSV_Handler)
    SPI2_Init                                0x08004845   Thumb Code    94  bsp_spi.o(i.SPI2_Init)
    SPI2_SendByte                            0x080048cd   Thumb Code    52  bsp_spi.o(i.SPI2_SendByte)
    SVC_Handler                              0x08004adf   Thumb Code     2  stm32l4xx_it.o(i.SVC_Handler)
    SysTick_Handler                          0x08004ae1   Thumb Code     8  stm32l4xx_it.o(i.SysTick_Handler)
    SystemClock_Config                       0x08004ae9   Thumb Code   218  bsp.o(i.SystemClock_Config)
    SystemInit                               0x08004bd9   Thumb Code    68  system_stm32l4xx.o(i.SystemInit)
    UsageFault_Handler                       0x08004c29   Thumb Code     4  stm32l4xx_it.o(i.UsageFault_Handler)
    _Error_Handler                           0x08004c2d   Thumb Code     4  bsp.o(i._Error_Handler)
    __hardfp_sqrt                            0x08004c69   Thumb Code   122  sqrt.o(i.__hardfp_sqrt)
    __scatterload_copy                       0x08004ce3   Thumb Code    14  handlers.o(i.__scatterload_copy)
    __scatterload_null                       0x08004cf1   Thumb Code     2  handlers.o(i.__scatterload_null)
    __scatterload_zeroinit                   0x08004cf3   Thumb Code    14  handlers.o(i.__scatterload_zeroinit)
    __set_errno                              0x08004d01   Thumb Code     6  errno.o(i.__set_errno)
    bsp_delayus                              0x08004d0d   Thumb Code    90  bsp.o(i.bsp_delayus)
    do_udp                                   0x08004d69   Thumb Code   236  network.o(i.do_udp)
    getGAR                                   0x08004e6d   Thumb Code    16  w5500.o(i.getGAR)
    getIINCHIP_TxMAX                         0x08004e7d   Thumb Code    10  w5500.o(i.getIINCHIP_TxMAX)
    getSIPR                                  0x08004e8d   Thumb Code    18  w5500.o(i.getSIPR)
    getSUBR                                  0x08004e9f   Thumb Code    18  w5500.o(i.getSUBR)
    getSn_IR                                 0x08004eb1   Thumb Code    18  w5500.o(i.getSn_IR)
    getSn_RX_RSR                             0x08004ec3   Thumb Code    84  w5500.o(i.getSn_RX_RSR)
    getSn_SR                                 0x08004f17   Thumb Code    18  w5500.o(i.getSn_SR)
    main                                     0x08004f29   Thumb Code    48  main.o(i.main)
    num_INIT                                 0x08004f59   Thumb Code    40  w5500_conf.o(i.num_INIT)
    read_calibration                         0x08004f8d   Thumb Code    92  settings.o(i.read_calibration)
    recvfrom                                 0x08004ff5   Thumb Code   268  socket.o(i.recvfrom)
    reset_w5500                              0x08005109   Thumb Code    36  w5500_conf.o(i.reset_w5500)
    send_data_processing                     0x08005131   Thumb Code   108  w5500.o(i.send_data_processing)
    sendto                                   0x0800519d   Thumb Code   268  socket.o(i.sendto)
    setGAR                                   0x080052a9   Thumb Code    16  w5500.o(i.setGAR)
    setSHAR                                  0x080052b9   Thumb Code    18  w5500.o(i.setSHAR)
    setSIPR                                  0x080052cb   Thumb Code    18  w5500.o(i.setSIPR)
    setSUBR                                  0x080052dd   Thumb Code    18  w5500.o(i.setSUBR)
    setSn_IR                                 0x080052ef   Thumb Code    22  w5500.o(i.setSn_IR)
    set_data                                 0x08005305   Thumb Code   200  monitor.o(i.set_data)
    set_w5500_ip                             0x080053ed   Thumb Code    88  w5500_conf.o(i.set_w5500_ip)
    set_w5500_mac                            0x0800545d   Thumb Code    20  w5500_conf.o(i.set_w5500_mac)
    socket                                   0x08005479   Thumb Code   232  socket.o(i.socket)
    socket_buf_init                          0x08005565   Thumb Code   128  w5500.o(i.socket_buf_init)
    spi_w5500_config                         0x080055ed   Thumb Code     8  w5500_conf.o(i.spi_w5500_config)
    w5500_init                               0x080055f5   Thumb Code    24  w5500_conf.o(i.w5500_init)
    wiz_read_buf                             0x0800560d   Thumb Code    84  w5500_conf.o(i.wiz_read_buf)
    wiz_read_buf_top                         0x08005665   Thumb Code    84  w5500_conf.o(i.wiz_read_buf_top)
    wiz_write_buf                            0x080056bd   Thumb Code    92  w5500_conf.o(i.wiz_write_buf)
    wiz_write_buf_top                        0x0800571d   Thumb Code    92  w5500_conf.o(i.wiz_write_buf_top)
    AHBPrescTable                            0x0800577c   Data          16  system_stm32l4xx.o(.constdata)
    APBPrescTable                            0x0800578c   Data           8  system_stm32l4xx.o(.constdata)
    MSIRangeTable                            0x08005794   Data          48  system_stm32l4xx.o(.constdata)
    Region$$Table$$Base                      0x080057c4   Number         0  anon$$obj.o(Region$$Table)
    Region$$Table$$Limit                     0x080057e4   Number         0  anon$$obj.o(Region$$Table)
    uwTick                                   0x20000000   Data           4  stm32l4xx_hal.o(.data)
    uwTickPrio                               0x20000004   Data           4  stm32l4xx_hal.o(.data)
    uwTickFreq                               0x20000008   Data           4  stm32l4xx_hal.o(.data)
    SystemCoreClock                          0x2000000c   Data           4  system_stm32l4xx.o(.data)
    Power                                    0x20000010   Data           1  monitor.o(.data)
    Power_V                                  0x20000011   Data           1  monitor.o(.data)
    Power_I                                  0x20000012   Data           1  monitor.o(.data)
    Power_T                                  0x20000013   Data           1  monitor.o(.data)
    Power_VP                                 0x20000014   Data           1  monitor.o(.data)
    Power_VF                                 0x20000015   Data           1  monitor.o(.data)
    Power_ZB                                 0x20000016   Data           1  monitor.o(.data)
    ErrorFlag                                0x20000017   Data           1  monitor.o(.data)
    PowerFlag                                0x20000018   Data           2  monitor.o(.data)
    Alarm_Curr_Value                         0x2000001a   Data           1  monitor.o(.data)
    Alarm_Vswr_Value                         0x2000001b   Data           1  monitor.o(.data)
    Alarm_Pout_Value                         0x2000001c   Data           2  monitor.o(.data)
    Alarm_Temp_Value                         0x2000001e   Data           2  monitor.o(.data)
    VOLT_DEC                                 0x20000020   Data           2  monitor.o(.data)
    Pout                                     0x20000024   Data           4  monitor.o(.data)
    Pfout                                    0x20000028   Data           4  monitor.o(.data)
    ZhuBo                                    0x2000002c   Data           4  monitor.o(.data)
    BasicVF                                  0x20000038   Data           1  settings.o(.data)
    BasicVR                                  0x20000039   Data           1  settings.o(.data)
    K_value                                  0x2000003a   Data           2  settings.o(.data)
    CalibrationFlag                          0x2000003c   Data           1  settings.o(.data)
    CalibrationPower                         0x2000003e   Data           2  settings.o(.data)
    g_usBoardTemp                            0x20000040   Data           2  bsp_ds18b20.o(.data)
    PPT                                      0x20000043   Data           1  bsp_gpio.o(.data)
    NumName                                  0x20000044   Data           1  w5500_conf.o(.data)
    mac                                      0x20000045   Data           6  w5500_conf.o(.data)
    local_ip                                 0x2000004b   Data           4  w5500_conf.o(.data)
    subnet                                   0x2000004f   Data           4  w5500_conf.o(.data)
    gateway                                  0x20000053   Data           4  w5500_conf.o(.data)
    dns_server                               0x20000057   Data           4  w5500_conf.o(.data)
    local_port                               0x2000005c   Data           2  w5500_conf.o(.data)
    remote_ip                                0x2000005e   Data           4  w5500_conf.o(.data)
    remote_port                              0x20000062   Data           2  w5500_conf.o(.data)
    txsize                                   0x20000064   Data           8  w5500.o(.data)
    rxsize                                   0x2000006c   Data           8  w5500.o(.data)
    ADC_AverageValue                         0x20000078   Data          14  monitor.o(.bss)
    Current                                  0x20000086   Data          12  monitor.o(.bss)
    ADC_ConvertedValue                       0x200000dc   Data          14  bsp_adc.o(.bss)
    hadc1                                    0x200000ec   Data         100  bsp_adc.o(.bss)
    hdma_adc1                                0x20000150   Data          72  bsp_adc.o(.bss)
    hi2c1                                    0x20000198   Data          76  bsp_at24c02.o(.bss)
    hspi2                                    0x200001e4   Data         100  bsp_spi.o(.bss)
    ConfigMsg                                0x20000248   Data          26  w5500_conf.o(.bss)
    SSIZE                                    0x20000262   Data          16  w5500.o(.bss)
    RSIZE                                    0x20000272   Data          16  w5500.o(.bss)
    __initial_sp                             0x20000688   Data           0  startup_stm32l433xx.o(STACK)



==============================================================================

Memory Map of the image

  Image Entry point : 0x0800018d

  Load Region LR_IROM1 (Base: 0x08000000, Size: 0x0000585c, Max: 0x00020000, ABSOLUTE)

    Execution Region ER_IROM1 (Exec base: 0x08000000, Load base: 0x08000000, Size: 0x000057e4, Max: 0x00020000, ABSOLUTE)

    Exec Addr    Load Addr    Size         Type   Attr      Idx    E Section Name        Object

    0x08000000   0x08000000   0x0000018c   Data   RO         2987    RESET               startup_stm32l433xx.o
    0x0800018c   0x0800018c   0x00000000   Code   RO         4347  * .ARM.Collect$$$$00000000  mc_w.l(entry.o)
    0x0800018c   0x0800018c   0x00000004   Code   RO         4364    .ARM.Collect$$$$00000001  mc_w.l(entry2.o)
    0x08000190   0x08000190   0x00000004   Code   RO         4367    .ARM.Collect$$$$00000004  mc_w.l(entry5.o)
    0x08000194   0x08000194   0x00000000   Code   RO         4369    .ARM.Collect$$$$00000008  mc_w.l(entry7b.o)
    0x08000194   0x08000194   0x00000000   Code   RO         4371    .ARM.Collect$$$$0000000A  mc_w.l(entry8b.o)
    0x08000194   0x08000194   0x00000008   Code   RO         4372    .ARM.Collect$$$$0000000B  mc_w.l(entry9a.o)
    0x0800019c   0x0800019c   0x00000004   Code   RO         4379    .ARM.Collect$$$$0000000E  mc_w.l(entry12b.o)
    0x080001a0   0x080001a0   0x00000000   Code   RO         4374    .ARM.Collect$$$$0000000F  mc_w.l(entry10a.o)
    0x080001a0   0x080001a0   0x00000000   Code   RO         4376    .ARM.Collect$$$$00000011  mc_w.l(entry11a.o)
    0x080001a0   0x080001a0   0x00000004   Code   RO         4365    .ARM.Collect$$$$00002712  mc_w.l(entry2.o)
    0x080001a4   0x080001a4   0x00000024   Code   RO         2988    .text               startup_stm32l433xx.o
    0x080001c8   0x080001c8   0x00000024   Code   RO         4350    .text               mc_w.l(memseta.o)
    0x080001ec   0x080001ec   0x0000015e   Code   RO         4352    .text               mf_w.l(dadd.o)
    0x0800034a   0x0800034a   0x000000ea   Code   RO         4354    .text               mf_w.l(dmul.o)
    0x08000434   0x08000434   0x000000de   Code   RO         4356    .text               mf_w.l(ddiv.o)
    0x08000512   0x08000512   0x00000022   Code   RO         4358    .text               mf_w.l(dflti.o)
    0x08000534   0x08000534   0x00000026   Code   RO         4360    .text               mf_w.l(f2d.o)
    0x0800055a   0x0800055a   0x00000038   Code   RO         4362    .text               mf_w.l(d2f.o)
    0x08000592   0x08000592   0x0000001e   Code   RO         4380    .text               mc_w.l(llshl.o)
    0x080005b0   0x080005b0   0x00000024   Code   RO         4382    .text               mc_w.l(llsshr.o)
    0x080005d4   0x080005d4   0x00000000   Code   RO         4391    .text               mc_w.l(iusefp.o)
    0x080005d4   0x080005d4   0x0000006e   Code   RO         4392    .text               mf_w.l(fepilogue.o)
    0x08000642   0x08000642   0x000000ba   Code   RO         4394    .text               mf_w.l(depilogue.o)
    0x080006fc   0x080006fc   0x000000a2   Code   RO         4396    .text               mf_w.l(dsqrt.o)
    0x0800079e   0x0800079e   0x00000002   PAD
    0x080007a0   0x080007a0   0x00000024   Code   RO         4400    .text               mc_w.l(init.o)
    0x080007c4   0x080007c4   0x00000020   Code   RO         4402    .text               mc_w.l(llushr.o)
    0x080007e4   0x080007e4   0x00000010   Code   RO         3075    i.ADC1_IRQHandler   stm32l4xx_it.o
    0x080007f4   0x080007f4   0x00000184   Code   RO         3464    i.ADC1_Init         bsp_adc.o
    0x08000978   0x08000978   0x00000092   Code   RO            5    i.ADC_DMAConvCplt   stm32l4xx_hal_adc.o
    0x08000a0a   0x08000a0a   0x0000001e   Code   RO            6    i.ADC_DMAError      stm32l4xx_hal_adc.o
    0x08000a28   0x08000a28   0x0000000e   Code   RO            7    i.ADC_DMAHalfConvCplt  stm32l4xx_hal_adc.o
    0x08000a36   0x08000a36   0x00000002   PAD
    0x08000a38   0x08000a38   0x00000034   Code   RO         3465    i.ADC_DMA_Init      bsp_adc.o
    0x08000a6c   0x08000a6c   0x00000088   Code   RO            8    i.ADC_Disable       stm32l4xx_hal_adc.o
    0x08000af4   0x08000af4   0x00000078   Code   RO            9    i.ADC_Enable        stm32l4xx_hal_adc.o
    0x08000b6c   0x08000b6c   0x0000000c   Code   RO         3466    i.ADC_Init          bsp_adc.o
    0x08000b78   0x08000b78   0x0000008c   Code   RO         3626    i.AT24C02_Init      bsp_at24c02.o
    0x08000c04   0x08000c04   0x00000030   Code   RO         3385    i.BSP_Inits         bsp.o
    0x08000c34   0x08000c34   0x0000011c   Code   RO         3749    i.BoardAddr_Init    bsp_gpio.o
    0x08000d50   0x08000d50   0x00000004   Code   RO         3076    i.BusFault_Handler  stm32l4xx_it.o
    0x08000d54   0x08000d54   0x000003ac   Code   RO         3187    i.CURR_calculate    monitor.o
    0x08001100   0x08001100   0x00000010   Code   RO         3077    i.DMA1_Channel1_IRQHandler  stm32l4xx_it.o
    0x08001110   0x08001110   0x00000030   Code   RO         1903    i.DMA_SetConfig     stm32l4xx_hal_dma.o
    0x08001140   0x08001140   0x00000054   Code   RO         3518    i.DS18B20_GPIO_Config  bsp_ds18b20.o
    0x08001194   0x08001194   0x000000a0   Code   RO         3519    i.DS18B20_Get_Temp  bsp_ds18b20.o
    0x08001234   0x08001234   0x00000010   Code   RO         3520    i.DS18B20_Init      bsp_ds18b20.o
    0x08001244   0x08001244   0x00000024   Code   RO         3521    i.DS18B20_Mode_IPU  bsp_ds18b20.o
    0x08001268   0x08001268   0x00000024   Code   RO         3522    i.DS18B20_Mode_Out_PP  bsp_ds18b20.o
    0x0800128c   0x0800128c   0x0000005c   Code   RO         3523    i.DS18B20_Presence  bsp_ds18b20.o
    0x080012e8   0x080012e8   0x00000044   Code   RO         3525    i.DS18B20_Read_Bit  bsp_ds18b20.o
    0x0800132c   0x0800132c   0x00000022   Code   RO         3526    i.DS18B20_Read_Byte  bsp_ds18b20.o
    0x0800134e   0x0800134e   0x00000002   PAD
    0x08001350   0x08001350   0x00000030   Code   RO         3527    i.DS18B20_Rst       bsp_ds18b20.o
    0x08001380   0x08001380   0x00000068   Code   RO         3528    i.DS18B20_Write_Byte  bsp_ds18b20.o
    0x080013e8   0x080013e8   0x00000002   Code   RO         3078    i.DebugMon_Handler  stm32l4xx_it.o
    0x080013ea   0x080013ea   0x00000002   PAD
    0x080013ec   0x080013ec   0x00000054   Code   RO         3529    i.Get_Board_Temp    bsp_ds18b20.o
    0x08001440   0x08001440   0x000000ac   Code   RO          371    i.HAL_ADCEx_Calibration_Start  stm32l4xx_hal_adc_ex.o
    0x080014ec   0x080014ec   0x00000002   Code   RO          375    i.HAL_ADCEx_EndOfSamplingCallback  stm32l4xx_hal_adc_ex.o
    0x080014ee   0x080014ee   0x00000002   Code   RO          378    i.HAL_ADCEx_InjectedConvCpltCallback  stm32l4xx_hal_adc_ex.o
    0x080014f0   0x080014f0   0x00000002   Code   RO          381    i.HAL_ADCEx_InjectedQueueOverflowCallback  stm32l4xx_hal_adc_ex.o
    0x080014f2   0x080014f2   0x00000002   Code   RO          386    i.HAL_ADCEx_LevelOutOfWindow2Callback  stm32l4xx_hal_adc_ex.o
    0x080014f4   0x080014f4   0x00000002   Code   RO          387    i.HAL_ADCEx_LevelOutOfWindow3Callback  stm32l4xx_hal_adc_ex.o
    0x080014f6   0x080014f6   0x00000002   PAD
    0x080014f8   0x080014f8   0x000004d2   Code   RO           11    i.HAL_ADC_ConfigChannel  stm32l4xx_hal_adc.o
    0x080019ca   0x080019ca   0x00000002   Code   RO         3386    i.HAL_ADC_ConvCpltCallback  bsp.o
    0x080019cc   0x080019cc   0x00000002   Code   RO           13    i.HAL_ADC_ConvHalfCpltCallback  stm32l4xx_hal_adc.o
    0x080019ce   0x080019ce   0x00000002   Code   RO           15    i.HAL_ADC_ErrorCallback  stm32l4xx_hal_adc.o
    0x080019d0   0x080019d0   0x00000296   Code   RO           19    i.HAL_ADC_IRQHandler  stm32l4xx_hal_adc.o
    0x08001c66   0x08001c66   0x00000002   PAD
    0x08001c68   0x08001c68   0x000001fc   Code   RO           20    i.HAL_ADC_Init      stm32l4xx_hal_adc.o
    0x08001e64   0x08001e64   0x00000002   Code   RO           21    i.HAL_ADC_LevelOutOfWindowCallback  stm32l4xx_hal_adc.o
    0x08001e66   0x08001e66   0x00000002   PAD
    0x08001e68   0x08001e68   0x00000110   Code   RO         3468    i.HAL_ADC_MspInit   bsp_adc.o
    0x08001f78   0x08001f78   0x000000cc   Code   RO           27    i.HAL_ADC_Start_DMA  stm32l4xx_hal_adc.o
    0x08002044   0x08002044   0x000000fe   Code   RO         1909    i.HAL_DMA_IRQHandler  stm32l4xx_hal_dma.o
    0x08002142   0x08002142   0x00000002   PAD
    0x08002144   0x08002144   0x0000010c   Code   RO         1910    i.HAL_DMA_Init      stm32l4xx_hal_dma.o
    0x08002250   0x08002250   0x0000009c   Code   RO         1914    i.HAL_DMA_Start_IT  stm32l4xx_hal_dma.o
    0x080022ec   0x080022ec   0x00000028   Code   RO          574    i.HAL_Delay         stm32l4xx_hal.o
    0x08002314   0x08002314   0x000001c8   Code   RO         1840    i.HAL_GPIO_Init     stm32l4xx_hal_gpio.o
    0x080024dc   0x080024dc   0x00000010   Code   RO         1842    i.HAL_GPIO_ReadPin  stm32l4xx_hal_gpio.o
    0x080024ec   0x080024ec   0x0000000a   Code   RO         1844    i.HAL_GPIO_WritePin  stm32l4xx_hal_gpio.o
    0x080024f6   0x080024f6   0x00000002   PAD
    0x080024f8   0x080024f8   0x0000000c   Code   RO          578    i.HAL_GetTick       stm32l4xx_hal.o
    0x08002504   0x08002504   0x0000006a   Code   RO         1266    i.HAL_I2CEx_ConfigAnalogFilter  stm32l4xx_hal_i2c_ex.o
    0x0800256e   0x0800256e   0x00000068   Code   RO         1267    i.HAL_I2CEx_ConfigDigitalFilter  stm32l4xx_hal_i2c_ex.o
    0x080025d6   0x080025d6   0x00000008   Code   RO          814    i.HAL_I2C_GetState  stm32l4xx_hal_i2c.o
    0x080025de   0x080025de   0x00000002   PAD
    0x080025e0   0x080025e0   0x000000c4   Code   RO          815    i.HAL_I2C_Init      stm32l4xx_hal_i2c.o
    0x080026a4   0x080026a4   0x00000180   Code   RO          816    i.HAL_I2C_IsDeviceReady  stm32l4xx_hal_i2c.o
    0x08002824   0x08002824   0x000001a6   Code   RO          833    i.HAL_I2C_Mem_Read  stm32l4xx_hal_i2c.o
    0x080029ca   0x080029ca   0x00000002   PAD
    0x080029cc   0x080029cc   0x0000019e   Code   RO          836    i.HAL_I2C_Mem_Write  stm32l4xx_hal_i2c.o
    0x08002b6a   0x08002b6a   0x00000002   PAD
    0x08002b6c   0x08002b6c   0x00000074   Code   RO         3628    i.HAL_I2C_MspInit   bsp_at24c02.o
    0x08002be0   0x08002be0   0x00000018   Code   RO          584    i.HAL_IncTick       stm32l4xx_hal.o
    0x08002bf8   0x08002bf8   0x0000001e   Code   RO          585    i.HAL_Init          stm32l4xx_hal.o
    0x08002c16   0x08002c16   0x00000002   PAD
    0x08002c18   0x08002c18   0x00000058   Code   RO          586    i.HAL_InitTick      stm32l4xx_hal.o
    0x08002c70   0x08002c70   0x00000040   Code   RO         2995    i.HAL_MspInit       stm32l4xx_hal_msp.o
    0x08002cb0   0x08002cb0   0x00000020   Code   RO         2357    i.HAL_NVIC_EnableIRQ  stm32l4xx_hal_cortex.o
    0x08002cd0   0x08002cd0   0x00000082   Code   RO         2363    i.HAL_NVIC_SetPriority  stm32l4xx_hal_cortex.o
    0x08002d52   0x08002d52   0x00000002   PAD
    0x08002d54   0x08002d54   0x00000028   Code   RO         2364    i.HAL_NVIC_SetPriorityGrouping  stm32l4xx_hal_cortex.o
    0x08002d7c   0x08002d7c   0x0000008c   Code   RO         2131    i.HAL_PWREx_ControlVoltageScaling  stm32l4xx_hal_pwr_ex.o
    0x08002e08   0x08002e08   0x00000010   Code   RO         2158    i.HAL_PWREx_GetVoltageRange  stm32l4xx_hal_pwr_ex.o
    0x08002e18   0x08002e18   0x000003d4   Code   RO         1443    i.HAL_RCCEx_PeriphCLKConfig  stm32l4xx_hal_rcc_ex.o
    0x080031ec   0x080031ec   0x0000017c   Code   RO         1321    i.HAL_RCC_ClockConfig  stm32l4xx_hal_rcc.o
    0x08003368   0x08003368   0x0000000c   Code   RO         1325    i.HAL_RCC_GetHCLKFreq  stm32l4xx_hal_rcc.o
    0x08003374   0x08003374   0x000000ec   Code   RO         1329    i.HAL_RCC_GetSysClockFreq  stm32l4xx_hal_rcc.o
    0x08003460   0x08003460   0x00000768   Code   RO         1332    i.HAL_RCC_OscConfig  stm32l4xx_hal_rcc.o
    0x08003bc8   0x08003bc8   0x000000c0   Code   RO         2575    i.HAL_SPI_Init      stm32l4xx_hal_spi.o
    0x08003c88   0x08003c88   0x000000c8   Code   RO         3693    i.HAL_SPI_MspInit   bsp_spi.o
    0x08003d50   0x08003d50   0x000002c2   Code   RO         2584    i.HAL_SPI_TransmitReceive  stm32l4xx_hal_spi.o
    0x08004012   0x08004012   0x00000028   Code   RO         2366    i.HAL_SYSTICK_CLKSourceConfig  stm32l4xx_hal_cortex.o
    0x0800403a   0x0800403a   0x00000034   Code   RO         2368    i.HAL_SYSTICK_Config  stm32l4xx_hal_cortex.o
    0x0800406e   0x0800406e   0x00000004   Code   RO         3079    i.HardFault_Handler  stm32l4xx_it.o
    0x08004072   0x08004072   0x00000002   PAD
    0x08004074   0x08004074   0x0000002c   Code   RO         3629    i.I2C_EE_BufferRead  bsp_at24c02.o
    0x080040a0   0x080040a0   0x00000054   Code   RO         3631    i.I2C_EE_ByteWrite  bsp_at24c02.o
    0x080040f4   0x080040f4   0x00000028   Code   RO          862    i.I2C_Flush_TXDR    stm32l4xx_hal_i2c.o
    0x0800411c   0x0800411c   0x00000098   Code   RO          870    i.I2C_IsAcknowledgeFailed  stm32l4xx_hal_i2c.o
    0x080041b4   0x080041b4   0x0000007c   Code   RO          873    i.I2C_RequestMemoryRead  stm32l4xx_hal_i2c.o
    0x08004230   0x08004230   0x0000007c   Code   RO          874    i.I2C_RequestMemoryWrite  stm32l4xx_hal_i2c.o
    0x080042ac   0x080042ac   0x00000034   Code   RO          877    i.I2C_TransferConfig  stm32l4xx_hal_i2c.o
    0x080042e0   0x080042e0   0x0000005e   Code   RO          879    i.I2C_WaitOnFlagUntilTimeout  stm32l4xx_hal_i2c.o
    0x0800433e   0x0800433e   0x00000056   Code   RO          881    i.I2C_WaitOnSTOPFlagUntilTimeout  stm32l4xx_hal_i2c.o
    0x08004394   0x08004394   0x0000005a   Code   RO          882    i.I2C_WaitOnTXISFlagUntilTimeout  stm32l4xx_hal_i2c.o
    0x080043ee   0x080043ee   0x00000002   PAD
    0x080043f0   0x080043f0   0x00000044   Code   RO         3808    i.IINCHIP_READ      w5500_conf.o
    0x08004434   0x08004434   0x00000044   Code   RO         3809    i.IINCHIP_READ_TOP  w5500_conf.o
    0x08004478   0x08004478   0x00000044   Code   RO         3810    i.IINCHIP_WRITE     w5500_conf.o
    0x080044bc   0x080044bc   0x00000010   Code   RO           33    i.LL_ADC_Enable     stm32l4xx_hal_adc.o
    0x080044cc   0x080044cc   0x00000012   Code   RO           34    i.LL_ADC_GetOffsetChannel  stm32l4xx_hal_adc.o
    0x080044de   0x080044de   0x0000000a   Code   RO           35    i.LL_ADC_INJ_IsConversionOngoing  stm32l4xx_hal_adc.o
    0x080044e8   0x080044e8   0x0000000a   Code   RO           36    i.LL_ADC_IsDisableOngoing  stm32l4xx_hal_adc.o
    0x080044f2   0x080044f2   0x0000000a   Code   RO           37    i.LL_ADC_IsEnabled  stm32l4xx_hal_adc.o
    0x080044fc   0x080044fc   0x0000000a   Code   RO           38    i.LL_ADC_IsInternalRegulatorEnabled  stm32l4xx_hal_adc.o
    0x08004506   0x08004506   0x0000000a   Code   RO           39    i.LL_ADC_REG_IsConversionOngoing  stm32l4xx_hal_adc.o
    0x08004510   0x08004510   0x00000012   Code   RO           40    i.LL_ADC_REG_IsTriggerSourceSWStart  stm32l4xx_hal_adc.o
    0x08004522   0x08004522   0x00000002   PAD
    0x08004524   0x08004524   0x00000010   Code   RO           41    i.LL_ADC_REG_StartConversion  stm32l4xx_hal_adc.o
    0x08004534   0x08004534   0x00000028   Code   RO           43    i.LL_ADC_SetChannelSamplingTime  stm32l4xx_hal_adc.o
    0x0800455c   0x0800455c   0x0000000c   Code   RO           44    i.LL_ADC_SetCommonPathInternalCh  stm32l4xx_hal_adc.o
    0x08004568   0x08004568   0x00000016   Code   RO           45    i.LL_ADC_SetOffsetState  stm32l4xx_hal_adc.o
    0x0800457e   0x0800457e   0x00000004   Code   RO         3080    i.MemManage_Handler  stm32l4xx_it.o
    0x08004582   0x08004582   0x00000002   Code   RO         3081    i.NMI_Handler       stm32l4xx_it.o
    0x08004584   0x08004584   0x00000034   Code   RO         3750    i.PPT_SW            bsp_gpio.o
    0x080045b8   0x080045b8   0x00000064   Code   RO         3751    i.PPT_SW_Init       bsp_gpio.o
    0x0800461c   0x0800461c   0x00000002   Code   RO         3082    i.PendSV_Handler    stm32l4xx_it.o
    0x0800461e   0x0800461e   0x00000002   PAD
    0x08004620   0x08004620   0x00000188   Code   RO         1447    i.RCCEx_PLLSAI1_Config  stm32l4xx_hal_rcc_ex.o
    0x080047a8   0x080047a8   0x0000009c   Code   RO         1333    i.RCC_SetFlashLatencyFromMSIRange  stm32l4xx_hal_rcc.o
    0x08004844   0x08004844   0x00000088   Code   RO         3694    i.SPI2_Init         bsp_spi.o
    0x080048cc   0x080048cc   0x0000005c   Code   RO         3695    i.SPI2_SendByte     bsp_spi.o
    0x08004928   0x08004928   0x00000064   Code   RO         2613    i.SPI_EndRxTxTransaction  stm32l4xx_hal_spi.o
    0x0800498c   0x0800498c   0x000000aa   Code   RO         2618    i.SPI_WaitFifoStateUntilTimeout  stm32l4xx_hal_spi.o
    0x08004a36   0x08004a36   0x000000a8   Code   RO         2619    i.SPI_WaitFlagStateUntilTimeout  stm32l4xx_hal_spi.o
    0x08004ade   0x08004ade   0x00000002   Code   RO         3083    i.SVC_Handler       stm32l4xx_it.o
    0x08004ae0   0x08004ae0   0x00000008   Code   RO         3084    i.SysTick_Handler   stm32l4xx_it.o
    0x08004ae8   0x08004ae8   0x000000f0   Code   RO         3387    i.SystemClock_Config  bsp.o
    0x08004bd8   0x08004bd8   0x00000050   Code   RO         2952    i.SystemInit        system_stm32l4xx.o
    0x08004c28   0x08004c28   0x00000004   Code   RO         3085    i.UsageFault_Handler  stm32l4xx_it.o
    0x08004c2c   0x08004c2c   0x00000004   Code   RO         3389    i._Error_Handler    bsp.o
    0x08004c30   0x08004c30   0x00000010   Code   RO         2370    i.__NVIC_GetPriorityGrouping  stm32l4xx_hal_cortex.o
    0x08004c40   0x08004c40   0x00000028   Code   RO         2371    i.__NVIC_SetPriority  stm32l4xx_hal_cortex.o
    0x08004c68   0x08004c68   0x0000007a   Code   RO         4335    i.__hardfp_sqrt     m_wm.l(sqrt.o)
    0x08004ce2   0x08004ce2   0x0000000e   Code   RO         4406    i.__scatterload_copy  mc_w.l(handlers.o)
    0x08004cf0   0x08004cf0   0x00000002   Code   RO         4407    i.__scatterload_null  mc_w.l(handlers.o)
    0x08004cf2   0x08004cf2   0x0000000e   Code   RO         4408    i.__scatterload_zeroinit  mc_w.l(handlers.o)
    0x08004d00   0x08004d00   0x0000000c   Code   RO         4386    i.__set_errno       mc_w.l(errno.o)
    0x08004d0c   0x08004d0c   0x0000005a   Code   RO         3390    i.bsp_delayus       bsp.o
    0x08004d66   0x08004d66   0x00000002   PAD
    0x08004d68   0x08004d68   0x00000104   Code   RO         3285    i.do_udp            network.o
    0x08004e6c   0x08004e6c   0x00000010   Code   RO         3955    i.getGAR            w5500.o
    0x08004e7c   0x08004e7c   0x00000010   Code   RO         3957    i.getIINCHIP_TxMAX  w5500.o
    0x08004e8c   0x08004e8c   0x00000012   Code   RO         3960    i.getSIPR           w5500.o
    0x08004e9e   0x08004e9e   0x00000012   Code   RO         3961    i.getSUBR           w5500.o
    0x08004eb0   0x08004eb0   0x00000012   Code   RO         3962    i.getSn_IR          w5500.o
    0x08004ec2   0x08004ec2   0x00000054   Code   RO         3963    i.getSn_RX_RSR      w5500.o
    0x08004f16   0x08004f16   0x00000012   Code   RO         3965    i.getSn_SR          w5500.o
    0x08004f28   0x08004f28   0x00000030   Code   RO         3163    i.main              main.o
    0x08004f58   0x08004f58   0x00000034   Code   RO         3812    i.num_INIT          w5500_conf.o
    0x08004f8c   0x08004f8c   0x00000068   Code   RO         3310    i.read_calibration  settings.o
    0x08004ff4   0x08004ff4   0x00000112   Code   RO         4219    i.recvfrom          socket.o
    0x08005106   0x08005106   0x00000002   PAD
    0x08005108   0x08005108   0x00000028   Code   RO         3813    i.reset_w5500       w5500_conf.o
    0x08005130   0x08005130   0x0000006c   Code   RO         3971    i.send_data_processing  w5500.o
    0x0800519c   0x0800519c   0x0000010c   Code   RO         4223    i.sendto            socket.o
    0x080052a8   0x080052a8   0x00000010   Code   RO         3973    i.setGAR            w5500.o
    0x080052b8   0x080052b8   0x00000012   Code   RO         3977    i.setSHAR           w5500.o
    0x080052ca   0x080052ca   0x00000012   Code   RO         3978    i.setSIPR           w5500.o
    0x080052dc   0x080052dc   0x00000012   Code   RO         3979    i.setSUBR           w5500.o
    0x080052ee   0x080052ee   0x00000016   Code   RO         3980    i.setSn_IR          w5500.o
    0x08005304   0x08005304   0x000000e8   Code   RO         3190    i.set_data          monitor.o
    0x080053ec   0x080053ec   0x00000070   Code   RO         3815    i.set_w5500_ip      w5500_conf.o
    0x0800545c   0x0800545c   0x0000001c   Code   RO         3816    i.set_w5500_mac     w5500_conf.o
    0x08005478   0x08005478   0x000000ec   Code   RO         4225    i.socket            socket.o
    0x08005564   0x08005564   0x00000088   Code   RO         3983    i.socket_buf_init   w5500.o
    0x080055ec   0x080055ec   0x00000008   Code   RO         3817    i.spi_w5500_config  w5500_conf.o
    0x080055f4   0x080055f4   0x00000018   Code   RO         3819    i.w5500_init        w5500_conf.o
    0x0800560c   0x0800560c   0x00000058   Code   RO         3820    i.wiz_read_buf      w5500_conf.o
    0x08005664   0x08005664   0x00000058   Code   RO         3821    i.wiz_read_buf_top  w5500_conf.o
    0x080056bc   0x080056bc   0x00000060   Code   RO         3822    i.wiz_write_buf     w5500_conf.o
    0x0800571c   0x0800571c   0x00000060   Code   RO         3823    i.wiz_write_buf_top  w5500_conf.o
    0x0800577c   0x0800577c   0x00000048   Data   RO         2953    .constdata          system_stm32l4xx.o
    0x080057c4   0x080057c4   0x00000020   Data   RO         4404    Region$$Table       anon$$obj.o


    Execution Region RW_IRAM1 (Exec base: 0x20000000, Load base: 0x080057e4, Size: 0x00000688, Max: 0x00010000, ABSOLUTE)

    Exec Addr    Load Addr    Size         Type   Attr      Idx    E Section Name        Object

    0x20000000   0x080057e4   0x0000000c   Data   RW          602    .data               stm32l4xx_hal.o
    0x2000000c   0x080057f0   0x00000004   Data   RW         2954    .data               system_stm32l4xx.o
    0x20000010   0x080057f4   0x00000026   Data   RW         3192    .data               monitor.o
    0x20000036   0x0800581a   0x00000002   Data   RW         3286    .data               network.o
    0x20000038   0x0800581c   0x00000008   Data   RW         3311    .data               settings.o
    0x20000040   0x08005824   0x00000003   Data   RW         3530    .data               bsp_ds18b20.o
    0x20000043   0x08005827   0x00000001   Data   RW         3752    .data               bsp_gpio.o
    0x20000044   0x08005828   0x00000020   Data   RW         3825    .data               w5500_conf.o
    0x20000064   0x08005848   0x00000010   Data   RW         3986    .data               w5500.o
    0x20000074   0x08005858   0x00000004   Data   RW         4387    .data               mc_w.l(errno.o)
    0x20000078        -       0x00000064   Zero   RW         3191    .bss                monitor.o
    0x200000dc        -       0x000000bc   Zero   RW         3469    .bss                bsp_adc.o
    0x20000198        -       0x0000004c   Zero   RW         3633    .bss                bsp_at24c02.o
    0x200001e4        -       0x00000064   Zero   RW         3698    .bss                bsp_spi.o
    0x20000248        -       0x0000001a   Zero   RW         3824    .bss                w5500_conf.o
    0x20000262        -       0x00000020   Zero   RW         3985    .bss                w5500.o
    0x20000282   0x0800585c   0x00000006   PAD
    0x20000288        -       0x00000400   Zero   RW         2985    STACK               startup_stm32l433xx.o


==============================================================================

Image component sizes


      Code (inc. data)   RO Data    RW Data    ZI Data      Debug   Object Name

       384         30          0          0          0       3363   bsp.o
       724        132          0          0        188       3409   bsp_adc.o
       384         78          0          0         76       3428   bsp_at24c02.o
       762         56          0          3          0       7606   bsp_ds18b20.o
       436         30          0          1          0       2850   bsp_gpio.o
       428        100          0          0        100       2670   bsp_spi.o
        48          0          0          0          0        547   main.o
      1172        116          0         38        100       3868   monitor.o
       260         24          0          2          0        761   network.o
       104         12          0          8          0       1014   settings.o
       778          4          0          0          0       3089   socket.o
        36          8        396          0       1024        852   startup_stm32l433xx.o
       194         32          0         12          0       4485   stm32l4xx_hal.o
      3252        108          0          0          0     766244   stm32l4xx_hal_adc.o
       182          6          0          0          0      55359   stm32l4xx_hal_adc_ex.o
       350         22          0          0          0      35297   stm32l4xx_hal_cortex.o
       726         10          0          0          0       3735   stm32l4xx_hal_dma.o
       482         28          0          0          0       3075   stm32l4xx_hal_gpio.o
      2186         34          0          0          0      13605   stm32l4xx_hal_i2c.o
       210          0          0          0          0       2043   stm32l4xx_hal_i2c_ex.o
        64          6          0          0          0       1562   stm32l4xx_hal_msp.o
       156         18          0          0          0       1414   stm32l4xx_hal_pwr_ex.o
      2680         88          0          0          0       6398   stm32l4xx_hal_rcc.o
      1372         26          0          0          0       3000   stm32l4xx_hal_rcc_ex.o
      1336          0          0          0          0       5753   stm32l4xx_hal_spi.o
        64         12          0          0          0       5459   stm32l4xx_it.o
        80         12         72          4          0       1309   system_stm32l4xx.o
       524         14          0         16         32       9736   w5500.o
       836         76          0         32         26      12506   w5500_conf.o

    ----------------------------------------------------------------------
     20248       1082        500        116       1552     964437   Object Totals
         0          0         32          0          0          0   (incl. Generated)
        38          0          0          0          6          0   (incl. Padding)

    ----------------------------------------------------------------------

      Code (inc. data)   RO Data    RW Data    ZI Data      Debug   Library Member Name

       122          0          0          0          0        148   sqrt.o
         0          0          0          0          0          0   entry.o
         0          0          0          0          0          0   entry10a.o
         0          0          0          0          0          0   entry11a.o
         4          0          0          0          0          0   entry12b.o
         8          4          0          0          0          0   entry2.o
         4          0          0          0          0          0   entry5.o
         0          0          0          0          0          0   entry7b.o
         0          0          0          0          0          0   entry8b.o
         8          4          0          0          0          0   entry9a.o
        12          6          0          4          0         68   errno.o
        30          0          0          0          0          0   handlers.o
        36          8          0          0          0         68   init.o
         0          0          0          0          0          0   iusefp.o
        30          0          0          0          0         68   llshl.o
        36          0          0          0          0         68   llsshr.o
        32          0          0          0          0         68   llushr.o
        36          0          0          0          0        108   memseta.o
        56          0          0          0          0         88   d2f.o
       350          0          0          0          0        148   dadd.o
       222          0          0          0          0        100   ddiv.o
       186          0          0          0          0        176   depilogue.o
        34          0          0          0          0         76   dflti.o
       234          0          0          0          0         96   dmul.o
       162          0          0          0          0        100   dsqrt.o
        38          0          0          0          0         68   f2d.o
       110          0          0          0          0        168   fepilogue.o

    ----------------------------------------------------------------------
      1752         22          0          4          0       1616   Library Totals
         2          0          0          0          0          0   (incl. Padding)

    ----------------------------------------------------------------------

      Code (inc. data)   RO Data    RW Data    ZI Data      Debug   Library Name

       122          0          0          0          0        148   m_wm.l
       236         22          0          4          0        448   mc_w.l
      1392          0          0          0          0       1020   mf_w.l

    ----------------------------------------------------------------------
      1752         22          0          4          0       1616   Library Totals

    ----------------------------------------------------------------------

==============================================================================


      Code (inc. data)   RO Data    RW Data    ZI Data      Debug   

     22000       1104        500        120       1552     950733   Grand Totals
     22000       1104        500        120       1552     950733   ELF Image Totals
     22000       1104        500        120          0          0   ROM Totals

==============================================================================

    Total RO  Size (Code + RO Data)                22500 (  21.97kB)
    Total RW  Size (RW Data + ZI Data)              1672 (   1.63kB)
    Total ROM Size (Code + RO Data + RW Data)      22620 (  22.09kB)

==============================================================================

