Component: ARM Compiler 5.06 update 7 (build 960) Tool: armlink [4d3601]

==============================================================================

Section Cross References

    startup_stm32f10x_hd.o(RESET) refers to startup_stm32f10x_hd.o(STACK) for __initial_sp
    startup_stm32f10x_hd.o(RESET) refers to startup_stm32f10x_hd.o(.text) for Reset_Handler
    startup_stm32f10x_hd.o(RESET) refers to stm32f10x_it.o(.text) for NMI_Handler
    startup_stm32f10x_hd.o(.text) refers to system_stm32f10x.o(.text) for SystemInit
    startup_stm32f10x_hd.o(.text) refers to entry.o(.ARM.Collect$$$$00000000) for __main
    system_stm32f10x.o(.text) refers to system_stm32f10x.o(.data) for SystemCoreClock
    stm32f10x_bkp.o(.text) refers to stm32f10x_rcc.o(.text) for RCC_BackupResetCmd
    stm32f10x_gpio.o(.text) refers to stm32f10x_rcc.o(.text) for RCC_APB2PeriphResetCmd
    stm32f10x_rcc.o(.text) refers to stm32f10x_rcc.o(.data) for APBAHBPrescTable
    stm32f10x_spi.o(.text) refers to stm32f10x_rcc.o(.text) for RCC_APB2PeriphResetCmd
    stm32f10x_tim.o(.text) refers to stm32f10x_rcc.o(.text) for RCC_APB2PeriphResetCmd
    stm32f10x_usart.o(.text) refers to stm32f10x_rcc.o(.text) for RCC_APB2PeriphResetCmd
    stm32f10x_adc.o(.text) refers to stm32f10x_rcc.o(.text) for RCC_APB2PeriphResetCmd
    stm32f10x_i2c.o(.text) refers to stm32f10x_rcc.o(.text) for RCC_APB1PeriphResetCmd
    stm32f10x_can.o(.text) refers to stm32f10x_rcc.o(.text) for RCC_APB1PeriphResetCmd
    main.o(.text) refers to utility.o(.text) for systick_init
    main.o(.text) refers to bsp_gpio.o(.text) for PPT_SW_init
    main.o(.text) refers to bsp_adc.o(.text) for ADC1_Init
    main.o(.text) refers to bsp_24c02.o(.text) for AT24CXX_Init
    main.o(.text) refers to ds18b20.o(.text) for DS18B20_Init
    main.o(.text) refers to gpio.o(.text) for Addr_Init
    main.o(.text) refers to w5500_conf.o(.text) for w5500_init
    main.o(.text) refers to w5500.o(.text) for socket_buf_init
    main.o(.text) refers to calibration.o(.text) for POWER_calculate
    main.o(.text) refers to udp.o(.text) for do_udp
    main.o(.text) refers to w5500.o(.data) for rxsize
    udp.o(.text) refers to w5500.o(.text) for getSn_SR
    udp.o(.text) refers to socket.o(.text) for socket
    udp.o(.text) refers to gpio.o(.text) for LED_COML
    udp.o(.text) refers to stm32f10x_gpio.o(.text) for GPIO_SetBits
    udp.o(.text) refers to bsp_24c02.o(.text) for AT24CXX_WriteLenByte
    udp.o(.text) refers to calibration.o(.bss) for System
    udp.o(.text) refers to udp.o(.data) for PowerFlag
    udp.o(.text) refers to udp.o(.bss) for Tx_buff
    udp.o(.text) refers to w5500_conf.o(.data) for local_port
    memory.o(.text) refers to bsp_24c02.o(.text) for AT24CXX_ReadLenByte
    memory.o(.text) refers to calibration.o(.bss) for System
    gpio.o(.text) refers to stm32f10x_rcc.o(.text) for RCC_APB2PeriphClockCmd
    gpio.o(.text) refers to stm32f10x_gpio.o(.text) for GPIO_Init
    gpio.o(.text) refers to calibration.o(.bss) for System
    ds18b20.o(.text) refers to stm32f10x_gpio.o(.text) for GPIO_Init
    ds18b20.o(.text) refers to utility.o(.text) for delay_us
    ds18b20.o(.text) refers to bsp_ds18b20.o(.text) for DS18B20_GPIO_Config
    ds18b20.o(.text) refers to dflti.o(.text) for __aeabi_i2d
    ds18b20.o(.text) refers to dmul.o(.text) for __aeabi_dmul
    ds18b20.o(.text) refers to d2f.o(.text) for __aeabi_d2f
    calibration.o(.text) refers to fflti.o(.text) for __aeabi_i2f
    calibration.o(.text) refers to dfltui.o(.text) for __aeabi_ui2d
    calibration.o(.text) refers to f2d.o(.text) for __aeabi_f2d
    calibration.o(.text) refers to dmul.o(.text) for __aeabi_dmul
    calibration.o(.text) refers to dadd.o(.text) for __aeabi_dadd
    calibration.o(.text) refers to ddiv.o(.text) for __aeabi_ddiv
    calibration.o(.text) refers to dfixui.o(.text) for __aeabi_d2uiz
    calibration.o(.text) refers to cfrcmple.o(.text) for __aeabi_cfrcmple
    calibration.o(.text) refers to cfcmple.o(.text) for __aeabi_cfcmpeq
    calibration.o(.text) refers to fdiv.o(.text) for __aeabi_fdiv
    calibration.o(.text) refers to ds18b20.o(.text) for DS18B20_Get_Temp
    calibration.o(.text) refers to ffixui.o(.text) for __aeabi_f2uiz
    calibration.o(.text) refers to calibration.o(.bss) for System
    calibration.o(.text) refers to bsp_adc.o(.bss) for ADC_Value_Power
    calibration.o(.text) refers to calibration.o(.data) for power_max
    w5500.o(.text) refers to w5500_conf.o(.text) for IINCHIP_WRITE
    w5500.o(.text) refers to w5500.o(.bss) for RSIZE
    w5500_conf.o(.text) refers to w5500.o(.text) for setSUBR
    w5500_conf.o(.text) refers to stm32f10x_rcc.o(.text) for RCC_APB2PeriphClockCmd
    w5500_conf.o(.text) refers to stm32f10x_gpio.o(.text) for GPIO_Init
    w5500_conf.o(.text) refers to stm32f10x_spi.o(.text) for SPI_Init
    w5500_conf.o(.text) refers to utility.o(.text) for delay_ms
    w5500_conf.o(.text) refers to calibration.o(.bss) for System
    w5500_conf.o(.text) refers to w5500_conf.o(.data) for mac
    w5500_conf.o(.text) refers to w5500_conf.o(.bss) for ConfigMsg
    socket.o(.text) refers to w5500_conf.o(.text) for IINCHIP_WRITE
    socket.o(.text) refers to w5500.o(.text) for getSn_IR
    socket.o(.text) refers to w5500_conf.o(.data) for local_port
    utility.o(.text) refers to memseta.o(.text) for __aeabi_memset
    utility.o(.text) refers to strstr.o(.text) for strstr
    utility.o(.text) refers to strlen.o(.text) for strlen
    utility.o(.text) refers to strncpy.o(.text) for strncpy
    utility.o(.text) refers to strcpy.o(.text) for strcpy
    utility.o(.text) refers to strtok.o(.text) for strtok
    utility.o(.text) refers to w5500_conf.o(.text) for IINCHIP_READ
    utility.o(.text) refers to utility.o(.data) for fac_us
    utility.o(.text) refers to utility.o(.bss) for addr_str
    bsp_gpio.o(.text) refers to stm32f10x_rcc.o(.text) for RCC_APB2PeriphClockCmd
    bsp_gpio.o(.text) refers to stm32f10x_gpio.o(.text) for GPIO_Init
    bsp_gpio.o(.text) refers to gpio.o(.text) for LED_ON
    bsp_ds18b20.o(.text) refers to stm32f10x_rcc.o(.text) for RCC_APB2PeriphClockCmd
    bsp_ds18b20.o(.text) refers to stm32f10x_gpio.o(.text) for GPIO_Init
    bsp_adc.o(.text) refers to stm32f10x_rcc.o(.text) for RCC_AHBPeriphClockCmd
    bsp_adc.o(.text) refers to stm32f10x_gpio.o(.text) for GPIO_Init
    bsp_adc.o(.text) refers to stm32f10x_dma.o(.text) for DMA_DeInit
    bsp_adc.o(.text) refers to stm32f10x_adc.o(.text) for ADC_Init
    bsp_adc.o(.text) refers to bsp_adc.o(.bss) for ADC_Value_Power
    bsp_24c02.o(.text) refers to stm32f10x_rcc.o(.text) for RCC_APB2PeriphClockCmd
    bsp_24c02.o(.text) refers to stm32f10x_gpio.o(.text) for GPIO_Init
    bsp_24c02.o(.text) refers to utility.o(.text) for delay_us
    entry.o(.ARM.Collect$$$$00000000) refers (Special) to entry10a.o(.ARM.Collect$$$$0000000F) for __rt_final_cpp
    entry.o(.ARM.Collect$$$$00000000) refers (Special) to entry11a.o(.ARM.Collect$$$$00000011) for __rt_final_exit
    entry.o(.ARM.Collect$$$$00000000) refers (Special) to entry12b.o(.ARM.Collect$$$$0000000E) for __rt_lib_shutdown_fini
    entry.o(.ARM.Collect$$$$00000000) refers (Special) to entry7b.o(.ARM.Collect$$$$00000008) for _main_clock
    entry.o(.ARM.Collect$$$$00000000) refers (Special) to entry8b.o(.ARM.Collect$$$$0000000A) for _main_cpp_init
    entry.o(.ARM.Collect$$$$00000000) refers (Special) to entry9a.o(.ARM.Collect$$$$0000000B) for _main_init
    entry.o(.ARM.Collect$$$$00000000) refers (Special) to entry5.o(.ARM.Collect$$$$00000004) for _main_scatterload
    entry.o(.ARM.Collect$$$$00000000) refers (Special) to entry2.o(.ARM.Collect$$$$00000001) for _main_stk
    strtok.o(.text) refers to strtok.o(.data) for .data
    strtok_r.o(.text) refers to strtok_r.o(.data) for .data
    fdiv.o(.text) refers (Special) to iusefp.o(.text) for __I$use$fp
    fdiv.o(.text) refers to fepilogue.o(.text) for _float_round
    dadd.o(.text) refers (Special) to iusefp.o(.text) for __I$use$fp
    dadd.o(.text) refers to llshl.o(.text) for __aeabi_llsl
    dadd.o(.text) refers to llsshr.o(.text) for __aeabi_lasr
    dadd.o(.text) refers to depilogue.o(.text) for _double_epilogue
    dmul.o(.text) refers (Special) to iusefp.o(.text) for __I$use$fp
    dmul.o(.text) refers to depilogue.o(.text) for _double_epilogue
    ddiv.o(.text) refers (Special) to iusefp.o(.text) for __I$use$fp
    ddiv.o(.text) refers to depilogue.o(.text) for _double_round
    fflti.o(.text) refers (Special) to iusefp.o(.text) for __I$use$fp
    fflti.o(.text) refers to fepilogue.o(.text) for _float_epilogue
    dflti.o(.text) refers (Special) to iusefp.o(.text) for __I$use$fp
    dflti.o(.text) refers to depilogue.o(.text) for _double_epilogue
    dfltui.o(.text) refers (Special) to iusefp.o(.text) for __I$use$fp
    dfltui.o(.text) refers to depilogue.o(.text) for _double_epilogue
    ffixui.o(.text) refers (Special) to iusefp.o(.text) for __I$use$fp
    dfixui.o(.text) refers (Special) to iusefp.o(.text) for __I$use$fp
    dfixui.o(.text) refers to llushr.o(.text) for __aeabi_llsr
    f2d.o(.text) refers (Special) to iusefp.o(.text) for __I$use$fp
    d2f.o(.text) refers (Special) to iusefp.o(.text) for __I$use$fp
    d2f.o(.text) refers to fepilogue.o(.text) for _float_round
    cfcmple.o(.text) refers (Special) to iusefp.o(.text) for __I$use$fp
    cfrcmple.o(.text) refers (Special) to iusefp.o(.text) for __I$use$fp
    entry2.o(.ARM.Collect$$$$00000001) refers to entry2.o(.ARM.Collect$$$$00002712) for __lit__00000000
    entry2.o(.ARM.Collect$$$$00002712) refers to startup_stm32f10x_hd.o(STACK) for __initial_sp
    entry2.o(__vectab_stack_and_reset_area) refers to startup_stm32f10x_hd.o(STACK) for __initial_sp
    entry2.o(__vectab_stack_and_reset_area) refers to entry.o(.ARM.Collect$$$$00000000) for __main
    entry5.o(.ARM.Collect$$$$00000004) refers to init.o(.text) for __scatterload
    entry9a.o(.ARM.Collect$$$$0000000B) refers to main.o(.text) for main
    entry9b.o(.ARM.Collect$$$$0000000C) refers to main.o(.text) for main
    depilogue.o(.text) refers to llshl.o(.text) for __aeabi_llsl
    depilogue.o(.text) refers to llushr.o(.text) for __aeabi_llsr
    init.o(.text) refers to entry5.o(.ARM.Collect$$$$00000004) for __main_after_scatterload


==============================================================================

Removing Unused input sections from the image.

    Removing startup_stm32f10x_hd.o(HEAP), (512 bytes).
    Removing core_cm3.o(.emb_text), (32 bytes).
    Removing misc.o(.text), (236 bytes).
    Removing stm32f10x_bkp.o(.text), (196 bytes).
    Removing stm32f10x_exti.o(.text), (284 bytes).
    Removing stm32f10x_flash.o(.text), (1468 bytes).
    Removing stm32f10x_tim.o(.text), (3610 bytes).
    Removing stm32f10x_usart.o(.text), (1032 bytes).
    Removing stm32f10x_i2c.o(.text), (1028 bytes).
    Removing stm32f10x_can.o(.text), (2544 bytes).
    Removing stm32f10x_iwdg.o(.text), (64 bytes).
    Removing memory.o(.text), (100 bytes).

12 unused section(s) (total 11106 bytes) removed from the image.

==============================================================================

Image Symbol Table

    Local Symbols

    Symbol Name                              Value     Ov Type        Size  Object(Section)

    ../clib/microlib/init/entry.s            0x00000000   Number         0  entry9a.o ABSOLUTE
    ../clib/microlib/init/entry.s            0x00000000   Number         0  entry11b.o ABSOLUTE
    ../clib/microlib/init/entry.s            0x00000000   Number         0  entry11a.o ABSOLUTE
    ../clib/microlib/init/entry.s            0x00000000   Number         0  entry.o ABSOLUTE
    ../clib/microlib/init/entry.s            0x00000000   Number         0  entry9b.o ABSOLUTE
    ../clib/microlib/init/entry.s            0x00000000   Number         0  entry10b.o ABSOLUTE
    ../clib/microlib/init/entry.s            0x00000000   Number         0  entry10a.o ABSOLUTE
    ../clib/microlib/init/entry.s            0x00000000   Number         0  entry8a.o ABSOLUTE
    ../clib/microlib/init/entry.s            0x00000000   Number         0  entry8b.o ABSOLUTE
    ../clib/microlib/init/entry.s            0x00000000   Number         0  entry12b.o ABSOLUTE
    ../clib/microlib/init/entry.s            0x00000000   Number         0  entry12a.o ABSOLUTE
    ../clib/microlib/init/entry.s            0x00000000   Number         0  entry7b.o ABSOLUTE
    ../clib/microlib/init/entry.s            0x00000000   Number         0  entry7a.o ABSOLUTE
    ../clib/microlib/init/entry.s            0x00000000   Number         0  entry5.o ABSOLUTE
    ../clib/microlib/init/entry.s            0x00000000   Number         0  entry2.o ABSOLUTE
    ../clib/microlib/longlong.c              0x00000000   Number         0  llsshr.o ABSOLUTE
    ../clib/microlib/longlong.c              0x00000000   Number         0  llushr.o ABSOLUTE
    ../clib/microlib/longlong.c              0x00000000   Number         0  llshl.o ABSOLUTE
    ../clib/microlib/string/memset.c         0x00000000   Number         0  memseta.o ABSOLUTE
    ../clib/microlib/string/strcpy.c         0x00000000   Number         0  strcpy.o ABSOLUTE
    ../clib/microlib/string/strlen.c         0x00000000   Number         0  strlen.o ABSOLUTE
    ../clib/microlib/string/strncpy.c        0x00000000   Number         0  strncpy.o ABSOLUTE
    ../clib/microlib/string/strstr.c         0x00000000   Number         0  strstr.o ABSOLUTE
    ../clib/microlib/string/strtok.c         0x00000000   Number         0  strtok.o ABSOLUTE
    ../clib/microlib/string/strtok.c         0x00000000   Number         0  strtok_r.o ABSOLUTE
    ../clib/microlib/stubs.s                 0x00000000   Number         0  iusefp.o ABSOLUTE
    ../fplib/microlib/d2f.c                  0x00000000   Number         0  d2f.o ABSOLUTE
    ../fplib/microlib/f2d.c                  0x00000000   Number         0  f2d.o ABSOLUTE
    ../fplib/microlib/fpadd.c                0x00000000   Number         0  dadd.o ABSOLUTE
    ../fplib/microlib/fpdiv.c                0x00000000   Number         0  fdiv.o ABSOLUTE
    ../fplib/microlib/fpdiv.c                0x00000000   Number         0  ddiv.o ABSOLUTE
    ../fplib/microlib/fpepilogue.c           0x00000000   Number         0  depilogue.o ABSOLUTE
    ../fplib/microlib/fpepilogue.c           0x00000000   Number         0  fepilogue.o ABSOLUTE
    ../fplib/microlib/fpfix.c                0x00000000   Number         0  dfixui.o ABSOLUTE
    ../fplib/microlib/fpfix.c                0x00000000   Number         0  ffixui.o ABSOLUTE
    ../fplib/microlib/fpflt.c                0x00000000   Number         0  dflti.o ABSOLUTE
    ../fplib/microlib/fpflt.c                0x00000000   Number         0  dfltui.o ABSOLUTE
    ../fplib/microlib/fpflt.c                0x00000000   Number         0  fflti.o ABSOLUTE
    ../fplib/microlib/fpmul.c                0x00000000   Number         0  dmul.o ABSOLUTE
    ..\..\Libraries\CMSIS\core_cm3.c         0x00000000   Number         0  core_cm3.o ABSOLUTE
    ..\..\Libraries\CMSIS\startup\startup_stm32f10x_hd.s 0x00000000   Number         0  startup_stm32f10x_hd.o ABSOLUTE
    ..\..\Libraries\CMSIS\system_stm32f10x.c 0x00000000   Number         0  system_stm32f10x.o ABSOLUTE
    ..\..\Libraries\FWlib\src\misc.c         0x00000000   Number         0  misc.o ABSOLUTE
    ..\..\Libraries\FWlib\src\stm32f10x_adc.c 0x00000000   Number         0  stm32f10x_adc.o ABSOLUTE
    ..\..\Libraries\FWlib\src\stm32f10x_bkp.c 0x00000000   Number         0  stm32f10x_bkp.o ABSOLUTE
    ..\..\Libraries\FWlib\src\stm32f10x_can.c 0x00000000   Number         0  stm32f10x_can.o ABSOLUTE
    ..\..\Libraries\FWlib\src\stm32f10x_dma.c 0x00000000   Number         0  stm32f10x_dma.o ABSOLUTE
    ..\..\Libraries\FWlib\src\stm32f10x_exti.c 0x00000000   Number         0  stm32f10x_exti.o ABSOLUTE
    ..\..\Libraries\FWlib\src\stm32f10x_flash.c 0x00000000   Number         0  stm32f10x_flash.o ABSOLUTE
    ..\..\Libraries\FWlib\src\stm32f10x_gpio.c 0x00000000   Number         0  stm32f10x_gpio.o ABSOLUTE
    ..\..\Libraries\FWlib\src\stm32f10x_i2c.c 0x00000000   Number         0  stm32f10x_i2c.o ABSOLUTE
    ..\..\Libraries\FWlib\src\stm32f10x_iwdg.c 0x00000000   Number         0  stm32f10x_iwdg.o ABSOLUTE
    ..\..\Libraries\FWlib\src\stm32f10x_rcc.c 0x00000000   Number         0  stm32f10x_rcc.o ABSOLUTE
    ..\..\Libraries\FWlib\src\stm32f10x_spi.c 0x00000000   Number         0  stm32f10x_spi.o ABSOLUTE
    ..\..\Libraries\FWlib\src\stm32f10x_tim.c 0x00000000   Number         0  stm32f10x_tim.o ABSOLUTE
    ..\..\Libraries\FWlib\src\stm32f10x_usart.c 0x00000000   Number         0  stm32f10x_usart.o ABSOLUTE
    ..\..\User\W5500\socket.c                0x00000000   Number         0  socket.o ABSOLUTE
    ..\..\User\W5500\utility.c               0x00000000   Number         0  utility.o ABSOLUTE
    ..\..\User\W5500\w5500.c                 0x00000000   Number         0  w5500.o ABSOLUTE
    ..\..\User\W5500\w5500_conf.c            0x00000000   Number         0  w5500_conf.o ABSOLUTE
    ..\..\User\app\calibration.c             0x00000000   Number         0  calibration.o ABSOLUTE
    ..\..\User\app\ds18b20.c                 0x00000000   Number         0  ds18b20.o ABSOLUTE
    ..\..\User\app\gpio.c                    0x00000000   Number         0  gpio.o ABSOLUTE
    ..\..\User\app\memory.c                  0x00000000   Number         0  memory.o ABSOLUTE
    ..\..\User\app\udp.c                     0x00000000   Number         0  udp.o ABSOLUTE
    ..\..\User\bsp\bsp_24c02.c               0x00000000   Number         0  bsp_24c02.o ABSOLUTE
    ..\..\User\bsp\bsp_adc.c                 0x00000000   Number         0  bsp_adc.o ABSOLUTE
    ..\..\User\bsp\bsp_ds18b20.c             0x00000000   Number         0  bsp_ds18b20.o ABSOLUTE
    ..\..\User\bsp\bsp_gpio.c                0x00000000   Number         0  bsp_gpio.o ABSOLUTE
    ..\..\User\main.c                        0x00000000   Number         0  main.o ABSOLUTE
    ..\..\User\stm32f10x_it.c                0x00000000   Number         0  stm32f10x_it.o ABSOLUTE
    ..\\..\\Libraries\\CMSIS\\core_cm3.c     0x00000000   Number         0  core_cm3.o ABSOLUTE
    cfcmple.s                                0x00000000   Number         0  cfcmple.o ABSOLUTE
    cfrcmple.s                               0x00000000   Number         0  cfrcmple.o ABSOLUTE
    dc.s                                     0x00000000   Number         0  dc.o ABSOLUTE
    handlers.s                               0x00000000   Number         0  handlers.o ABSOLUTE
    init.s                                   0x00000000   Number         0  init.o ABSOLUTE
    RESET                                    0x08000000   Section      304  startup_stm32f10x_hd.o(RESET)
    .ARM.Collect$$$$00000000                 0x08000130   Section        0  entry.o(.ARM.Collect$$$$00000000)
    .ARM.Collect$$$$00000001                 0x08000130   Section        4  entry2.o(.ARM.Collect$$$$00000001)
    .ARM.Collect$$$$00000004                 0x08000134   Section        4  entry5.o(.ARM.Collect$$$$00000004)
    .ARM.Collect$$$$00000008                 0x08000138   Section        0  entry7b.o(.ARM.Collect$$$$00000008)
    .ARM.Collect$$$$0000000A                 0x08000138   Section        0  entry8b.o(.ARM.Collect$$$$0000000A)
    .ARM.Collect$$$$0000000B                 0x08000138   Section        8  entry9a.o(.ARM.Collect$$$$0000000B)
    .ARM.Collect$$$$0000000E                 0x08000140   Section        4  entry12b.o(.ARM.Collect$$$$0000000E)
    .ARM.Collect$$$$0000000F                 0x08000144   Section        0  entry10a.o(.ARM.Collect$$$$0000000F)
    .ARM.Collect$$$$00000011                 0x08000144   Section        0  entry11a.o(.ARM.Collect$$$$00000011)
    .ARM.Collect$$$$00002712                 0x08000144   Section        4  entry2.o(.ARM.Collect$$$$00002712)
    __lit__00000000                          0x08000144   Data           4  entry2.o(.ARM.Collect$$$$00002712)
    .text                                    0x08000148   Section       36  startup_stm32f10x_hd.o(.text)
    .text                                    0x0800016c   Section        0  system_stm32f10x.o(.text)
    SetSysClockTo72                          0x0800016d   Thumb Code   214  system_stm32f10x.o(.text)
    SetSysClock                              0x08000243   Thumb Code     8  system_stm32f10x.o(.text)
    .text                                    0x0800034c   Section        0  stm32f10x_gpio.o(.text)
    .text                                    0x080006a8   Section        0  stm32f10x_rcc.o(.text)
    .text                                    0x08000a4c   Section        0  stm32f10x_spi.o(.text)
    .text                                    0x08000d58   Section        0  stm32f10x_dma.o(.text)
    .text                                    0x08000fac   Section        0  stm32f10x_adc.o(.text)
    .text                                    0x080013fc   Section        0  main.o(.text)
    .text                                    0x08001440   Section        0  stm32f10x_it.o(.text)
    .text                                    0x0800145c   Section        0  udp.o(.text)
    .text                                    0x08001760   Section        0  gpio.o(.text)
    .text                                    0x0800196c   Section        0  ds18b20.o(.text)
    DS18B20_Mode_IPU                         0x0800196d   Thumb Code    84  ds18b20.o(.text)
    DS18B20_Mode_Out_PP                      0x080019c1   Thumb Code    84  ds18b20.o(.text)
    DS18B20_Rst                              0x08001aa1   Thumb Code    40  ds18b20.o(.text)
    DS18B20_Presence                         0x08001ac9   Thumb Code    80  ds18b20.o(.text)
    DS18B20_Read_Bit                         0x08001b19   Thumb Code    58  ds18b20.o(.text)
    .text                                    0x08001cdc   Section        0  calibration.o(.text)
    .text                                    0x080021b4   Section        0  w5500.o(.text)
    .text                                    0x08002538   Section        0  w5500_conf.o(.text)
    .text                                    0x08002940   Section        0  socket.o(.text)
    .text                                    0x08002f9c   Section        0  utility.o(.text)
    .text                                    0x0800339c   Section        0  bsp_gpio.o(.text)
    .text                                    0x08003444   Section        0  bsp_ds18b20.o(.text)
    .text                                    0x080034c8   Section        0  bsp_adc.o(.text)
    .text                                    0x08003680   Section        0  bsp_24c02.o(.text)
    .text                                    0x08003ab6   Section        0  memseta.o(.text)
    .text                                    0x08003ada   Section        0  strstr.o(.text)
    .text                                    0x08003afe   Section        0  strncpy.o(.text)
    .text                                    0x08003b16   Section        0  strlen.o(.text)
    .text                                    0x08003b24   Section        0  strcpy.o(.text)
    .text                                    0x08003b38   Section        0  strtok.o(.text)
    .text                                    0x08003b7c   Section        0  fdiv.o(.text)
    .text                                    0x08003bf8   Section        0  dadd.o(.text)
    .text                                    0x08003d46   Section        0  dmul.o(.text)
    .text                                    0x08003e2a   Section        0  ddiv.o(.text)
    .text                                    0x08003f08   Section        0  fflti.o(.text)
    .text                                    0x08003f1a   Section        0  dflti.o(.text)
    .text                                    0x08003f3c   Section        0  dfltui.o(.text)
    .text                                    0x08003f56   Section        0  ffixui.o(.text)
    .text                                    0x08003f7e   Section        0  dfixui.o(.text)
    .text                                    0x08003fb0   Section        0  f2d.o(.text)
    .text                                    0x08003fd6   Section        0  d2f.o(.text)
    .text                                    0x08004010   Section       20  cfcmple.o(.text)
    .text                                    0x08004024   Section       20  cfrcmple.o(.text)
    .text                                    0x08004038   Section        0  llshl.o(.text)
    .text                                    0x08004056   Section        0  llushr.o(.text)
    .text                                    0x08004076   Section        0  llsshr.o(.text)
    .text                                    0x0800409a   Section        0  fepilogue.o(.text)
    .text                                    0x0800409a   Section        0  iusefp.o(.text)
    .text                                    0x08004108   Section        0  depilogue.o(.text)
    .text                                    0x080041c4   Section       36  init.o(.text)
    i.__scatterload_copy                     0x080041e8   Section       14  handlers.o(i.__scatterload_copy)
    i.__scatterload_null                     0x080041f6   Section        2  handlers.o(i.__scatterload_null)
    i.__scatterload_zeroinit                 0x080041f8   Section       14  handlers.o(i.__scatterload_zeroinit)
    .data                                    0x20000000   Section       20  system_stm32f10x.o(.data)
    .data                                    0x20000014   Section       20  stm32f10x_rcc.o(.data)
    APBAHBPrescTable                         0x20000014   Data          16  stm32f10x_rcc.o(.data)
    ADCPrescTable                            0x20000024   Data           4  stm32f10x_rcc.o(.data)
    .data                                    0x20000028   Section        4  udp.o(.data)
    time                                     0x2000002a   Data           2  udp.o(.data)
    .data                                    0x2000002c   Section       22  calibration.o(.data)
    t                                        0x2000002e   Data           2  calibration.o(.data)
    i                                        0x20000030   Data           2  calibration.o(.data)
    c                                        0x20000032   Data           2  calibration.o(.data)
    power_max                                0x20000034   Data           2  calibration.o(.data)
    powerR_max                               0x20000036   Data           2  calibration.o(.data)
    powerR_add                               0x20000038   Data           4  calibration.o(.data)
    power_add                                0x2000003c   Data           4  calibration.o(.data)
    Num                                      0x20000040   Data           2  calibration.o(.data)
    .data                                    0x20000042   Section       16  w5500.o(.data)
    .data                                    0x20000052   Section       30  w5500_conf.o(.data)
    .data                                    0x20000070   Section        4  utility.o(.data)
    fac_us                                   0x20000070   Data           1  utility.o(.data)
    fac_ms                                   0x20000072   Data           2  utility.o(.data)
    .data                                    0x20000074   Section        4  strtok.o(.data)
    state                                    0x20000074   Data           4  strtok.o(.data)
    .bss                                     0x20000078   Section       72  udp.o(.bss)
    .bss                                     0x200000c0   Section       60  calibration.o(.bss)
    max                                      0x200000f2   Data          10  calibration.o(.bss)
    .bss                                     0x200000fc   Section       32  w5500.o(.bss)
    .bss                                     0x2000011c   Section       26  w5500_conf.o(.bss)
    .bss                                     0x20000136   Section       48  utility.o(.bss)
    addr_str                                 0x20000136   Data          32  utility.o(.bss)
    addr_str                                 0x20000156   Data          16  utility.o(.bss)
    .bss                                     0x20000166   Section       18  bsp_adc.o(.bss)
    STACK                                    0x20000178   Section     1024  startup_stm32f10x_hd.o(STACK)

    Global Symbols

    Symbol Name                              Value     Ov Type        Size  Object(Section)

    BuildAttributes$$THM_ISAv4$P$D$K$B$S$PE$A:L22UL41UL21$X:L11$S22US41US21$IEEE1$IW$USESV6$~STKCKD$USESV7$~SHL$OTIME$ROPI$EBA8$MICROLIB$REQ8$PRES8$EABIv2 0x00000000   Number         0  anon$$obj.o ABSOLUTE
    __ARM_use_no_argv                        0x00000000   Number         0  main.o ABSOLUTE
    __arm_fini_                               - Undefined Weak Reference
    __cpp_initialize__aeabi_                  - Undefined Weak Reference
    __cxa_finalize                            - Undefined Weak Reference
    __decompress                              - Undefined Weak Reference
    _clock_init                               - Undefined Weak Reference
    _microlib_exit                            - Undefined Weak Reference
    __Vectors_Size                           0x00000130   Number         0  startup_stm32f10x_hd.o ABSOLUTE
    __Vectors                                0x08000000   Data           4  startup_stm32f10x_hd.o(RESET)
    __Vectors_End                            0x08000130   Data           0  startup_stm32f10x_hd.o(RESET)
    __main                                   0x08000131   Thumb Code     0  entry.o(.ARM.Collect$$$$00000000)
    _main_stk                                0x08000131   Thumb Code     0  entry2.o(.ARM.Collect$$$$00000001)
    _main_scatterload                        0x08000135   Thumb Code     0  entry5.o(.ARM.Collect$$$$00000004)
    __main_after_scatterload                 0x08000139   Thumb Code     0  entry5.o(.ARM.Collect$$$$00000004)
    _main_clock                              0x08000139   Thumb Code     0  entry7b.o(.ARM.Collect$$$$00000008)
    _main_cpp_init                           0x08000139   Thumb Code     0  entry8b.o(.ARM.Collect$$$$0000000A)
    _main_init                               0x08000139   Thumb Code     0  entry9a.o(.ARM.Collect$$$$0000000B)
    __rt_lib_shutdown_fini                   0x08000141   Thumb Code     0  entry12b.o(.ARM.Collect$$$$0000000E)
    __rt_final_cpp                           0x08000145   Thumb Code     0  entry10a.o(.ARM.Collect$$$$0000000F)
    __rt_final_exit                          0x08000145   Thumb Code     0  entry11a.o(.ARM.Collect$$$$00000011)
    Reset_Handler                            0x08000149   Thumb Code     8  startup_stm32f10x_hd.o(.text)
    ADC1_2_IRQHandler                        0x08000163   Thumb Code     0  startup_stm32f10x_hd.o(.text)
    ADC3_IRQHandler                          0x08000163   Thumb Code     0  startup_stm32f10x_hd.o(.text)
    CAN1_RX1_IRQHandler                      0x08000163   Thumb Code     0  startup_stm32f10x_hd.o(.text)
    CAN1_SCE_IRQHandler                      0x08000163   Thumb Code     0  startup_stm32f10x_hd.o(.text)
    DMA1_Channel1_IRQHandler                 0x08000163   Thumb Code     0  startup_stm32f10x_hd.o(.text)
    DMA1_Channel2_IRQHandler                 0x08000163   Thumb Code     0  startup_stm32f10x_hd.o(.text)
    DMA1_Channel3_IRQHandler                 0x08000163   Thumb Code     0  startup_stm32f10x_hd.o(.text)
    DMA1_Channel4_IRQHandler                 0x08000163   Thumb Code     0  startup_stm32f10x_hd.o(.text)
    DMA1_Channel5_IRQHandler                 0x08000163   Thumb Code     0  startup_stm32f10x_hd.o(.text)
    DMA1_Channel6_IRQHandler                 0x08000163   Thumb Code     0  startup_stm32f10x_hd.o(.text)
    DMA1_Channel7_IRQHandler                 0x08000163   Thumb Code     0  startup_stm32f10x_hd.o(.text)
    DMA2_Channel1_IRQHandler                 0x08000163   Thumb Code     0  startup_stm32f10x_hd.o(.text)
    DMA2_Channel2_IRQHandler                 0x08000163   Thumb Code     0  startup_stm32f10x_hd.o(.text)
    DMA2_Channel3_IRQHandler                 0x08000163   Thumb Code     0  startup_stm32f10x_hd.o(.text)
    DMA2_Channel4_5_IRQHandler               0x08000163   Thumb Code     0  startup_stm32f10x_hd.o(.text)
    EXTI0_IRQHandler                         0x08000163   Thumb Code     0  startup_stm32f10x_hd.o(.text)
    EXTI15_10_IRQHandler                     0x08000163   Thumb Code     0  startup_stm32f10x_hd.o(.text)
    EXTI1_IRQHandler                         0x08000163   Thumb Code     0  startup_stm32f10x_hd.o(.text)
    EXTI2_IRQHandler                         0x08000163   Thumb Code     0  startup_stm32f10x_hd.o(.text)
    EXTI3_IRQHandler                         0x08000163   Thumb Code     0  startup_stm32f10x_hd.o(.text)
    EXTI4_IRQHandler                         0x08000163   Thumb Code     0  startup_stm32f10x_hd.o(.text)
    EXTI9_5_IRQHandler                       0x08000163   Thumb Code     0  startup_stm32f10x_hd.o(.text)
    FLASH_IRQHandler                         0x08000163   Thumb Code     0  startup_stm32f10x_hd.o(.text)
    FSMC_IRQHandler                          0x08000163   Thumb Code     0  startup_stm32f10x_hd.o(.text)
    I2C1_ER_IRQHandler                       0x08000163   Thumb Code     0  startup_stm32f10x_hd.o(.text)
    I2C1_EV_IRQHandler                       0x08000163   Thumb Code     0  startup_stm32f10x_hd.o(.text)
    I2C2_ER_IRQHandler                       0x08000163   Thumb Code     0  startup_stm32f10x_hd.o(.text)
    I2C2_EV_IRQHandler                       0x08000163   Thumb Code     0  startup_stm32f10x_hd.o(.text)
    PVD_IRQHandler                           0x08000163   Thumb Code     0  startup_stm32f10x_hd.o(.text)
    RCC_IRQHandler                           0x08000163   Thumb Code     0  startup_stm32f10x_hd.o(.text)
    RTCAlarm_IRQHandler                      0x08000163   Thumb Code     0  startup_stm32f10x_hd.o(.text)
    RTC_IRQHandler                           0x08000163   Thumb Code     0  startup_stm32f10x_hd.o(.text)
    SDIO_IRQHandler                          0x08000163   Thumb Code     0  startup_stm32f10x_hd.o(.text)
    SPI1_IRQHandler                          0x08000163   Thumb Code     0  startup_stm32f10x_hd.o(.text)
    SPI2_IRQHandler                          0x08000163   Thumb Code     0  startup_stm32f10x_hd.o(.text)
    SPI3_IRQHandler                          0x08000163   Thumb Code     0  startup_stm32f10x_hd.o(.text)
    TAMPER_IRQHandler                        0x08000163   Thumb Code     0  startup_stm32f10x_hd.o(.text)
    TIM1_BRK_IRQHandler                      0x08000163   Thumb Code     0  startup_stm32f10x_hd.o(.text)
    TIM1_CC_IRQHandler                       0x08000163   Thumb Code     0  startup_stm32f10x_hd.o(.text)
    TIM1_TRG_COM_IRQHandler                  0x08000163   Thumb Code     0  startup_stm32f10x_hd.o(.text)
    TIM1_UP_IRQHandler                       0x08000163   Thumb Code     0  startup_stm32f10x_hd.o(.text)
    TIM2_IRQHandler                          0x08000163   Thumb Code     0  startup_stm32f10x_hd.o(.text)
    TIM3_IRQHandler                          0x08000163   Thumb Code     0  startup_stm32f10x_hd.o(.text)
    TIM4_IRQHandler                          0x08000163   Thumb Code     0  startup_stm32f10x_hd.o(.text)
    TIM5_IRQHandler                          0x08000163   Thumb Code     0  startup_stm32f10x_hd.o(.text)
    TIM6_IRQHandler                          0x08000163   Thumb Code     0  startup_stm32f10x_hd.o(.text)
    TIM7_IRQHandler                          0x08000163   Thumb Code     0  startup_stm32f10x_hd.o(.text)
    TIM8_BRK_IRQHandler                      0x08000163   Thumb Code     0  startup_stm32f10x_hd.o(.text)
    TIM8_CC_IRQHandler                       0x08000163   Thumb Code     0  startup_stm32f10x_hd.o(.text)
    TIM8_TRG_COM_IRQHandler                  0x08000163   Thumb Code     0  startup_stm32f10x_hd.o(.text)
    TIM8_UP_IRQHandler                       0x08000163   Thumb Code     0  startup_stm32f10x_hd.o(.text)
    UART4_IRQHandler                         0x08000163   Thumb Code     0  startup_stm32f10x_hd.o(.text)
    UART5_IRQHandler                         0x08000163   Thumb Code     0  startup_stm32f10x_hd.o(.text)
    USART1_IRQHandler                        0x08000163   Thumb Code     0  startup_stm32f10x_hd.o(.text)
    USART2_IRQHandler                        0x08000163   Thumb Code     0  startup_stm32f10x_hd.o(.text)
    USART3_IRQHandler                        0x08000163   Thumb Code     0  startup_stm32f10x_hd.o(.text)
    USBWakeUp_IRQHandler                     0x08000163   Thumb Code     0  startup_stm32f10x_hd.o(.text)
    USB_HP_CAN1_TX_IRQHandler                0x08000163   Thumb Code     0  startup_stm32f10x_hd.o(.text)
    USB_LP_CAN1_RX0_IRQHandler               0x08000163   Thumb Code     0  startup_stm32f10x_hd.o(.text)
    WWDG_IRQHandler                          0x08000163   Thumb Code     0  startup_stm32f10x_hd.o(.text)
    SystemInit                               0x0800024b   Thumb Code    78  system_stm32f10x.o(.text)
    SystemCoreClockUpdate                    0x08000299   Thumb Code   142  system_stm32f10x.o(.text)
    GPIO_DeInit                              0x0800034d   Thumb Code   172  stm32f10x_gpio.o(.text)
    GPIO_AFIODeInit                          0x080003f9   Thumb Code    20  stm32f10x_gpio.o(.text)
    GPIO_Init                                0x0800040d   Thumb Code   278  stm32f10x_gpio.o(.text)
    GPIO_StructInit                          0x08000523   Thumb Code    16  stm32f10x_gpio.o(.text)
    GPIO_ReadInputDataBit                    0x08000533   Thumb Code    18  stm32f10x_gpio.o(.text)
    GPIO_ReadInputData                       0x08000545   Thumb Code     8  stm32f10x_gpio.o(.text)
    GPIO_ReadOutputDataBit                   0x0800054d   Thumb Code    18  stm32f10x_gpio.o(.text)
    GPIO_ReadOutputData                      0x0800055f   Thumb Code     8  stm32f10x_gpio.o(.text)
    GPIO_SetBits                             0x08000567   Thumb Code     4  stm32f10x_gpio.o(.text)
    GPIO_ResetBits                           0x0800056b   Thumb Code     4  stm32f10x_gpio.o(.text)
    GPIO_WriteBit                            0x0800056f   Thumb Code    10  stm32f10x_gpio.o(.text)
    GPIO_Write                               0x08000579   Thumb Code     4  stm32f10x_gpio.o(.text)
    GPIO_PinLockConfig                       0x0800057d   Thumb Code    18  stm32f10x_gpio.o(.text)
    GPIO_EventOutputConfig                   0x0800058f   Thumb Code    26  stm32f10x_gpio.o(.text)
    GPIO_EventOutputCmd                      0x080005a9   Thumb Code     6  stm32f10x_gpio.o(.text)
    GPIO_PinRemapConfig                      0x080005af   Thumb Code   138  stm32f10x_gpio.o(.text)
    GPIO_EXTILineConfig                      0x08000639   Thumb Code    66  stm32f10x_gpio.o(.text)
    GPIO_ETH_MediaInterfaceConfig            0x0800067b   Thumb Code     8  stm32f10x_gpio.o(.text)
    RCC_DeInit                               0x080006a9   Thumb Code    64  stm32f10x_rcc.o(.text)
    RCC_HSEConfig                            0x080006e9   Thumb Code    70  stm32f10x_rcc.o(.text)
    RCC_GetFlagStatus                        0x0800072f   Thumb Code    56  stm32f10x_rcc.o(.text)
    RCC_WaitForHSEStartUp                    0x08000767   Thumb Code    56  stm32f10x_rcc.o(.text)
    RCC_AdjustHSICalibrationValue            0x0800079f   Thumb Code    20  stm32f10x_rcc.o(.text)
    RCC_HSICmd                               0x080007b3   Thumb Code     6  stm32f10x_rcc.o(.text)
    RCC_PLLConfig                            0x080007b9   Thumb Code    24  stm32f10x_rcc.o(.text)
    RCC_PLLCmd                               0x080007d1   Thumb Code     6  stm32f10x_rcc.o(.text)
    RCC_SYSCLKConfig                         0x080007d7   Thumb Code    18  stm32f10x_rcc.o(.text)
    RCC_GetSYSCLKSource                      0x080007e9   Thumb Code    10  stm32f10x_rcc.o(.text)
    RCC_HCLKConfig                           0x080007f3   Thumb Code    18  stm32f10x_rcc.o(.text)
    RCC_PCLK1Config                          0x08000805   Thumb Code    18  stm32f10x_rcc.o(.text)
    RCC_PCLK2Config                          0x08000817   Thumb Code    20  stm32f10x_rcc.o(.text)
    RCC_ITConfig                             0x0800082b   Thumb Code    26  stm32f10x_rcc.o(.text)
    RCC_USBCLKConfig                         0x08000845   Thumb Code     8  stm32f10x_rcc.o(.text)
    RCC_ADCCLKConfig                         0x0800084d   Thumb Code    18  stm32f10x_rcc.o(.text)
    RCC_LSEConfig                            0x0800085f   Thumb Code    50  stm32f10x_rcc.o(.text)
    RCC_LSICmd                               0x08000891   Thumb Code     6  stm32f10x_rcc.o(.text)
    RCC_RTCCLKConfig                         0x08000897   Thumb Code    12  stm32f10x_rcc.o(.text)
    RCC_RTCCLKCmd                            0x080008a3   Thumb Code     8  stm32f10x_rcc.o(.text)
    RCC_GetClocksFreq                        0x080008ab   Thumb Code   192  stm32f10x_rcc.o(.text)
    RCC_AHBPeriphClockCmd                    0x0800096b   Thumb Code    26  stm32f10x_rcc.o(.text)
    RCC_APB2PeriphClockCmd                   0x08000985   Thumb Code    26  stm32f10x_rcc.o(.text)
    RCC_APB1PeriphClockCmd                   0x0800099f   Thumb Code    26  stm32f10x_rcc.o(.text)
    RCC_APB2PeriphResetCmd                   0x080009b9   Thumb Code    26  stm32f10x_rcc.o(.text)
    RCC_APB1PeriphResetCmd                   0x080009d3   Thumb Code    26  stm32f10x_rcc.o(.text)
    RCC_BackupResetCmd                       0x080009ed   Thumb Code     8  stm32f10x_rcc.o(.text)
    RCC_ClockSecuritySystemCmd               0x080009f5   Thumb Code     6  stm32f10x_rcc.o(.text)
    RCC_MCOConfig                            0x080009fb   Thumb Code     6  stm32f10x_rcc.o(.text)
    RCC_ClearFlag                            0x08000a01   Thumb Code    14  stm32f10x_rcc.o(.text)
    RCC_GetITStatus                          0x08000a0f   Thumb Code    20  stm32f10x_rcc.o(.text)
    RCC_ClearITPendingBit                    0x08000a23   Thumb Code     6  stm32f10x_rcc.o(.text)
    SPI_I2S_DeInit                           0x08000a4d   Thumb Code    76  stm32f10x_spi.o(.text)
    SPI_Init                                 0x08000a99   Thumb Code    60  stm32f10x_spi.o(.text)
    I2S_Init                                 0x08000ad5   Thumb Code   226  stm32f10x_spi.o(.text)
    SPI_StructInit                           0x08000bb7   Thumb Code    24  stm32f10x_spi.o(.text)
    I2S_StructInit                           0x08000bcf   Thumb Code    20  stm32f10x_spi.o(.text)
    SPI_Cmd                                  0x08000be3   Thumb Code    24  stm32f10x_spi.o(.text)
    I2S_Cmd                                  0x08000bfb   Thumb Code    24  stm32f10x_spi.o(.text)
    SPI_I2S_ITConfig                         0x08000c13   Thumb Code    32  stm32f10x_spi.o(.text)
    SPI_I2S_DMACmd                           0x08000c33   Thumb Code    18  stm32f10x_spi.o(.text)
    SPI_I2S_SendData                         0x08000c45   Thumb Code     4  stm32f10x_spi.o(.text)
    SPI_I2S_ReceiveData                      0x08000c49   Thumb Code     6  stm32f10x_spi.o(.text)
    SPI_NSSInternalSoftwareConfig            0x08000c4f   Thumb Code    30  stm32f10x_spi.o(.text)
    SPI_SSOutputCmd                          0x08000c6d   Thumb Code    24  stm32f10x_spi.o(.text)
    SPI_DataSizeConfig                       0x08000c85   Thumb Code    18  stm32f10x_spi.o(.text)
    SPI_TransmitCRC                          0x08000c97   Thumb Code    10  stm32f10x_spi.o(.text)
    SPI_CalculateCRC                         0x08000ca1   Thumb Code    24  stm32f10x_spi.o(.text)
    SPI_GetCRC                               0x08000cb9   Thumb Code    16  stm32f10x_spi.o(.text)
    SPI_GetCRCPolynomial                     0x08000cc9   Thumb Code     6  stm32f10x_spi.o(.text)
    SPI_BiDirectionalLineConfig              0x08000ccf   Thumb Code    28  stm32f10x_spi.o(.text)
    SPI_I2S_GetFlagStatus                    0x08000ceb   Thumb Code    18  stm32f10x_spi.o(.text)
    SPI_I2S_ClearFlag                        0x08000cfd   Thumb Code     6  stm32f10x_spi.o(.text)
    SPI_I2S_GetITStatus                      0x08000d03   Thumb Code    52  stm32f10x_spi.o(.text)
    SPI_I2S_ClearITPendingBit                0x08000d37   Thumb Code    20  stm32f10x_spi.o(.text)
    DMA_DeInit                               0x08000d59   Thumb Code   324  stm32f10x_dma.o(.text)
    DMA_Init                                 0x08000e9d   Thumb Code    60  stm32f10x_dma.o(.text)
    DMA_StructInit                           0x08000ed9   Thumb Code    26  stm32f10x_dma.o(.text)
    DMA_Cmd                                  0x08000ef3   Thumb Code    24  stm32f10x_dma.o(.text)
    DMA_ITConfig                             0x08000f0b   Thumb Code    18  stm32f10x_dma.o(.text)
    DMA_SetCurrDataCounter                   0x08000f1d   Thumb Code     4  stm32f10x_dma.o(.text)
    DMA_GetCurrDataCounter                   0x08000f21   Thumb Code     8  stm32f10x_dma.o(.text)
    DMA_GetFlagStatus                        0x08000f29   Thumb Code    40  stm32f10x_dma.o(.text)
    DMA_ClearFlag                            0x08000f51   Thumb Code    22  stm32f10x_dma.o(.text)
    DMA_GetITStatus                          0x08000f67   Thumb Code    40  stm32f10x_dma.o(.text)
    DMA_ClearITPendingBit                    0x08000f8f   Thumb Code    22  stm32f10x_dma.o(.text)
    ADC_DeInit                               0x08000fad   Thumb Code    78  stm32f10x_adc.o(.text)
    ADC_Init                                 0x08000ffb   Thumb Code    70  stm32f10x_adc.o(.text)
    ADC_StructInit                           0x08001041   Thumb Code    18  stm32f10x_adc.o(.text)
    ADC_Cmd                                  0x08001053   Thumb Code    22  stm32f10x_adc.o(.text)
    ADC_DMACmd                               0x08001069   Thumb Code    22  stm32f10x_adc.o(.text)
    ADC_ITConfig                             0x0800107f   Thumb Code    24  stm32f10x_adc.o(.text)
    ADC_ResetCalibration                     0x08001097   Thumb Code    10  stm32f10x_adc.o(.text)
    ADC_GetResetCalibrationStatus            0x080010a1   Thumb Code    20  stm32f10x_adc.o(.text)
    ADC_StartCalibration                     0x080010b5   Thumb Code    10  stm32f10x_adc.o(.text)
    ADC_GetCalibrationStatus                 0x080010bf   Thumb Code    20  stm32f10x_adc.o(.text)
    ADC_SoftwareStartConvCmd                 0x080010d3   Thumb Code    22  stm32f10x_adc.o(.text)
    ADC_GetSoftwareStartConvStatus           0x080010e9   Thumb Code    20  stm32f10x_adc.o(.text)
    ADC_DiscModeChannelCountConfig           0x080010fd   Thumb Code    24  stm32f10x_adc.o(.text)
    ADC_DiscModeCmd                          0x08001115   Thumb Code    22  stm32f10x_adc.o(.text)
    ADC_RegularChannelConfig                 0x0800112b   Thumb Code   184  stm32f10x_adc.o(.text)
    ADC_ExternalTrigConvCmd                  0x080011e3   Thumb Code    22  stm32f10x_adc.o(.text)
    ADC_GetConversionValue                   0x080011f9   Thumb Code     8  stm32f10x_adc.o(.text)
    ADC_GetDualModeConversionValue           0x08001201   Thumb Code     8  stm32f10x_adc.o(.text)
    ADC_AutoInjectedConvCmd                  0x08001209   Thumb Code    22  stm32f10x_adc.o(.text)
    ADC_InjectedDiscModeCmd                  0x0800121f   Thumb Code    22  stm32f10x_adc.o(.text)
    ADC_ExternalTrigInjectedConvConfig       0x08001235   Thumb Code    16  stm32f10x_adc.o(.text)
    ADC_ExternalTrigInjectedConvCmd          0x08001245   Thumb Code    22  stm32f10x_adc.o(.text)
    ADC_SoftwareStartInjectedConvCmd         0x0800125b   Thumb Code    22  stm32f10x_adc.o(.text)
    ADC_GetSoftwareStartInjectedConvCmdStatus 0x08001271   Thumb Code    20  stm32f10x_adc.o(.text)
    ADC_InjectedChannelConfig                0x08001285   Thumb Code   130  stm32f10x_adc.o(.text)
    ADC_InjectedSequencerLengthConfig        0x08001307   Thumb Code    24  stm32f10x_adc.o(.text)
    ADC_SetInjectedOffset                    0x0800131f   Thumb Code    20  stm32f10x_adc.o(.text)
    ADC_GetInjectedConversionValue           0x08001333   Thumb Code    28  stm32f10x_adc.o(.text)
    ADC_AnalogWatchdogCmd                    0x0800134f   Thumb Code    16  stm32f10x_adc.o(.text)
    ADC_AnalogWatchdogThresholdsConfig       0x0800135f   Thumb Code     6  stm32f10x_adc.o(.text)
    ADC_AnalogWatchdogSingleChannelConfig    0x08001365   Thumb Code    16  stm32f10x_adc.o(.text)
    ADC_TempSensorVrefintCmd                 0x08001375   Thumb Code    64  stm32f10x_adc.o(.text)
    ADC_GetFlagStatus                        0x080013b5   Thumb Code    18  stm32f10x_adc.o(.text)
    ADC_ClearFlag                            0x080013c7   Thumb Code     6  stm32f10x_adc.o(.text)
    ADC_GetITStatus                          0x080013cd   Thumb Code    36  stm32f10x_adc.o(.text)
    ADC_ClearITPendingBit                    0x080013f1   Thumb Code    10  stm32f10x_adc.o(.text)
    main                                     0x080013fd   Thumb Code    58  main.o(.text)
    NMI_Handler                              0x08001441   Thumb Code     2  stm32f10x_it.o(.text)
    HardFault_Handler                        0x08001443   Thumb Code     4  stm32f10x_it.o(.text)
    MemManage_Handler                        0x08001447   Thumb Code     4  stm32f10x_it.o(.text)
    BusFault_Handler                         0x0800144b   Thumb Code     4  stm32f10x_it.o(.text)
    UsageFault_Handler                       0x0800144f   Thumb Code     4  stm32f10x_it.o(.text)
    SVC_Handler                              0x08001453   Thumb Code     2  stm32f10x_it.o(.text)
    DebugMon_Handler                         0x08001455   Thumb Code     2  stm32f10x_it.o(.text)
    PendSV_Handler                           0x08001457   Thumb Code     2  stm32f10x_it.o(.text)
    SysTick_Handler                          0x08001459   Thumb Code     2  stm32f10x_it.o(.text)
    set_data                                 0x0800145d   Thumb Code   302  udp.o(.text)
    do_udp                                   0x0800158b   Thumb Code   430  udp.o(.text)
    Addr_Init                                0x08001761   Thumb Code   206  gpio.o(.text)
    PPT_SW                                   0x0800182f   Thumb Code   102  gpio.o(.text)
    LED_ON                                   0x08001895   Thumb Code    86  gpio.o(.text)
    LED_OFF                                  0x080018eb   Thumb Code    86  gpio.o(.text)
    LED_COML                                 0x08001941   Thumb Code    28  gpio.o(.text)
    DS18B20_DATA_OUT                         0x08001a15   Thumb Code    70  ds18b20.o(.text)
    DS18B20_DATA_IN                          0x08001a5b   Thumb Code    70  ds18b20.o(.text)
    DS18B20_Read_Byte                        0x08001b53   Thumb Code    42  ds18b20.o(.text)
    DS18B20_Write_Byte                       0x08001b7d   Thumb Code    94  ds18b20.o(.text)
    DS18B20_Init                             0x08001bdb   Thumb Code    56  ds18b20.o(.text)
    DS18B20_Get_Temp                         0x08001c13   Thumb Code   148  ds18b20.o(.text)
    DS18B20_ReadId                           0x08001ca7   Thumb Code    36  ds18b20.o(.text)
    adc_data                                 0x08001cdd   Thumb Code   568  calibration.o(.text)
    POWER_calculate                          0x08001f15   Thumb Code   482  calibration.o(.text)
    Get_Temp                                 0x080020f7   Thumb Code   186  calibration.o(.text)
    setMR                                    0x080021b5   Thumb Code    14  w5500.o(.text)
    iinchip_init                             0x080021c3   Thumb Code    10  w5500.o(.text)
    getIINCHIP_RxMAX                         0x080021cd   Thumb Code    10  w5500.o(.text)
    getIINCHIP_TxMAX                         0x080021d7   Thumb Code    10  w5500.o(.text)
    setGAR                                   0x080021e1   Thumb Code    16  w5500.o(.text)
    getGAR                                   0x080021f1   Thumb Code    16  w5500.o(.text)
    setSUBR                                  0x08002201   Thumb Code    18  w5500.o(.text)
    setSHAR                                  0x08002213   Thumb Code    18  w5500.o(.text)
    setSIPR                                  0x08002225   Thumb Code    18  w5500.o(.text)
    getSUBR                                  0x08002237   Thumb Code    18  w5500.o(.text)
    getSHAR                                  0x08002249   Thumb Code    18  w5500.o(.text)
    getSIPR                                  0x0800225b   Thumb Code    18  w5500.o(.text)
    getIR                                    0x0800226d   Thumb Code    12  w5500.o(.text)
    setRTR                                   0x08002279   Thumb Code    26  w5500.o(.text)
    setRCR                                   0x08002293   Thumb Code    16  w5500.o(.text)
    clearIR                                  0x080022a3   Thumb Code    26  w5500.o(.text)
    setSn_MSS                                0x080022bd   Thumb Code    36  w5500.o(.text)
    setSn_TTL                                0x080022e1   Thumb Code    22  w5500.o(.text)
    getSn_IR                                 0x080022f7   Thumb Code    18  w5500.o(.text)
    setSn_IR                                 0x08002309   Thumb Code    22  w5500.o(.text)
    getSn_SR                                 0x0800231f   Thumb Code    18  w5500.o(.text)
    getSn_TX_FSR                             0x08002331   Thumb Code    84  w5500.o(.text)
    getSn_RX_RSR                             0x08002385   Thumb Code    84  w5500.o(.text)
    send_data_processing                     0x080023d9   Thumb Code   108  w5500.o(.text)
    recv_data_processing                     0x08002445   Thumb Code   108  w5500.o(.text)
    socket_buf_init                          0x080024b1   Thumb Code   128  w5500.o(.text)
    Set_IP                                   0x08002539   Thumb Code   262  w5500_conf.o(.text)
    set_w5500_ip                             0x0800263f   Thumb Code    88  w5500_conf.o(.text)
    set_w5500_mac                            0x08002697   Thumb Code    20  w5500_conf.o(.text)
    spi_w5500_config                         0x080026ab   Thumb Code   188  w5500_conf.o(.text)
    SPI_FLASH_SendByte                       0x08002767   Thumb Code    50  w5500_conf.o(.text)
    reset_w5500                              0x08002799   Thumb Code    38  w5500_conf.o(.text)
    IINCHIP_SpiSendData                      0x080027bf   Thumb Code    12  w5500_conf.o(.text)
    IINCHIP_WRITE                            0x080027cb   Thumb Code    62  w5500_conf.o(.text)
    IINCHIP_READ                             0x08002809   Thumb Code    62  w5500_conf.o(.text)
    wiz_write_buf                            0x08002847   Thumb Code    90  w5500_conf.o(.text)
    wiz_read_buf                             0x080028a1   Thumb Code    82  w5500_conf.o(.text)
    reboot                                   0x080028f3   Thumb Code    12  w5500_conf.o(.text)
    w5500_init                               0x080028ff   Thumb Code    66  w5500_conf.o(.text)
    close                                    0x08002941   Thumb Code    52  socket.o(.text)
    socket                                   0x08002975   Thumb Code   192  socket.o(.text)
    listen                                   0x08002a35   Thumb Code    62  socket.o(.text)
    connect                                  0x08002a73   Thumb Code   248  socket.o(.text)
    disconnect                               0x08002b6b   Thumb Code    38  socket.o(.text)
    send                                     0x08002b91   Thumb Code   210  socket.o(.text)
    recv                                     0x08002c63   Thumb Code    66  socket.o(.text)
    sendto                                   0x08002ca5   Thumb Code   268  socket.o(.text)
    recvfrom                                 0x08002db1   Thumb Code   492  socket.o(.text)
    systick_init                             0x08002f9d   Thumb Code    56  utility.o(.text)
    delay_ms                                 0x08002fd5   Thumb Code    56  utility.o(.text)
    delay_s                                  0x0800300d   Thumb Code    22  utility.o(.text)
    delay_us                                 0x08003023   Thumb Code    56  utility.o(.text)
    c2d                                      0x0800305b   Thumb Code    54  utility.o(.text)
    atoi16                                   0x08003091   Thumb Code    32  utility.o(.text)
    atoi32                                   0x080030b1   Thumb Code    32  utility.o(.text)
    itoa                                     0x080030d1   Thumb Code    64  utility.o(.text)
    validatoi                                0x08003111   Thumb Code    72  utility.o(.text)
    replacetochar                            0x08003159   Thumb Code    26  utility.o(.text)
    swaps                                    0x08003173   Thumb Code    14  utility.o(.text)
    swapl                                    0x08003181   Thumb Code    28  utility.o(.text)
    mid                                      0x0800319d   Thumb Code    68  utility.o(.text)
    inet_addr_                               0x080031e1   Thumb Code    90  utility.o(.text)
    inet_ntoa                                0x0800323b   Thumb Code    16  utility.o(.text)
    inet_ntoa_pad                            0x0800324b   Thumb Code    16  utility.o(.text)
    verify_ip_address                        0x0800325b   Thumb Code   116  utility.o(.text)
    htons                                    0x080032cf   Thumb Code    12  utility.o(.text)
    htonl                                    0x080032db   Thumb Code    12  utility.o(.text)
    ntohs                                    0x080032e7   Thumb Code    12  utility.o(.text)
    ntohl                                    0x080032f3   Thumb Code    12  utility.o(.text)
    checksum                                 0x080032ff   Thumb Code    76  utility.o(.text)
    check_dest_in_local                      0x0800334b   Thumb Code    62  utility.o(.text)
    LED_Init                                 0x0800339d   Thumb Code    44  bsp_gpio.o(.text)
    PPT_SW_init                              0x080033c9   Thumb Code   110  bsp_gpio.o(.text)
    DS18B20_GPIO_Config                      0x08003445   Thumb Code   120  bsp_ds18b20.o(.text)
    ADC1_GPIO_Config                         0x080034c9   Thumb Code    82  bsp_adc.o(.text)
    ADC1_Mode_Config                         0x0800351b   Thumb Code   322  bsp_adc.o(.text)
    ADC1_Init                                0x0800365d   Thumb Code    12  bsp_adc.o(.text)
    IIC_Init                                 0x08003681   Thumb Code    46  bsp_24c02.o(.text)
    IIC_Start                                0x080036af   Thumb Code    78  bsp_24c02.o(.text)
    IIC_Stop                                 0x080036fd   Thumb Code    78  bsp_24c02.o(.text)
    IIC_Wait_Ack                             0x0800374b   Thumb Code   102  bsp_24c02.o(.text)
    IIC_Ack                                  0x080037b1   Thumb Code    78  bsp_24c02.o(.text)
    IIC_NAck                                 0x080037ff   Thumb Code    78  bsp_24c02.o(.text)
    IIC_Send_Byte                            0x0800384d   Thumb Code   104  bsp_24c02.o(.text)
    IIC_Read_Byte                            0x080038b5   Thumb Code   106  bsp_24c02.o(.text)
    AT24CXX_Init                             0x0800391f   Thumb Code     8  bsp_24c02.o(.text)
    AT24CXX_ReadOneByte                      0x08003927   Thumb Code    88  bsp_24c02.o(.text)
    AT24CXX_WriteOneByte                     0x0800397f   Thumb Code    80  bsp_24c02.o(.text)
    AT24CXX_WriteLenByte                     0x080039cf   Thumb Code    42  bsp_24c02.o(.text)
    AT24CXX_ReadLenByte                      0x080039f9   Thumb Code    44  bsp_24c02.o(.text)
    AT24CXX_Check                            0x08003a25   Thumb Code    46  bsp_24c02.o(.text)
    AT24CXX_Read                             0x08003a53   Thumb Code    34  bsp_24c02.o(.text)
    AT24CXX_Write                            0x08003a75   Thumb Code    42  bsp_24c02.o(.text)
    AT24CXX_WriteTwoByte                     0x08003a9f   Thumb Code    24  bsp_24c02.o(.text)
    __aeabi_memset                           0x08003ab7   Thumb Code    14  memseta.o(.text)
    __aeabi_memset4                          0x08003ab7   Thumb Code     0  memseta.o(.text)
    __aeabi_memset8                          0x08003ab7   Thumb Code     0  memseta.o(.text)
    __aeabi_memclr                           0x08003ac5   Thumb Code     4  memseta.o(.text)
    __aeabi_memclr4                          0x08003ac5   Thumb Code     0  memseta.o(.text)
    __aeabi_memclr8                          0x08003ac5   Thumb Code     0  memseta.o(.text)
    _memset$wrapper                          0x08003ac9   Thumb Code    18  memseta.o(.text)
    strstr                                   0x08003adb   Thumb Code    36  strstr.o(.text)
    strncpy                                  0x08003aff   Thumb Code    24  strncpy.o(.text)
    strlen                                   0x08003b17   Thumb Code    14  strlen.o(.text)
    strcpy                                   0x08003b25   Thumb Code    18  strcpy.o(.text)
    strtok                                   0x08003b39   Thumb Code    62  strtok.o(.text)
    __aeabi_fdiv                             0x08003b7d   Thumb Code   124  fdiv.o(.text)
    __aeabi_dadd                             0x08003bf9   Thumb Code   322  dadd.o(.text)
    __aeabi_dsub                             0x08003d3b   Thumb Code     6  dadd.o(.text)
    __aeabi_drsub                            0x08003d41   Thumb Code     6  dadd.o(.text)
    __aeabi_dmul                             0x08003d47   Thumb Code   228  dmul.o(.text)
    __aeabi_ddiv                             0x08003e2b   Thumb Code   222  ddiv.o(.text)
    __aeabi_i2f                              0x08003f09   Thumb Code    18  fflti.o(.text)
    __aeabi_i2d                              0x08003f1b   Thumb Code    34  dflti.o(.text)
    __aeabi_ui2d                             0x08003f3d   Thumb Code    26  dfltui.o(.text)
    __aeabi_f2uiz                            0x08003f57   Thumb Code    40  ffixui.o(.text)
    __aeabi_d2uiz                            0x08003f7f   Thumb Code    50  dfixui.o(.text)
    __aeabi_f2d                              0x08003fb1   Thumb Code    38  f2d.o(.text)
    __aeabi_d2f                              0x08003fd7   Thumb Code    56  d2f.o(.text)
    __aeabi_cfcmpeq                          0x08004011   Thumb Code     0  cfcmple.o(.text)
    __aeabi_cfcmple                          0x08004011   Thumb Code    20  cfcmple.o(.text)
    __aeabi_cfrcmple                         0x08004025   Thumb Code    20  cfrcmple.o(.text)
    __aeabi_llsl                             0x08004039   Thumb Code    30  llshl.o(.text)
    _ll_shift_l                              0x08004039   Thumb Code     0  llshl.o(.text)
    __aeabi_llsr                             0x08004057   Thumb Code    32  llushr.o(.text)
    _ll_ushift_r                             0x08004057   Thumb Code     0  llushr.o(.text)
    __aeabi_lasr                             0x08004077   Thumb Code    36  llsshr.o(.text)
    _ll_sshift_r                             0x08004077   Thumb Code     0  llsshr.o(.text)
    __I$use$fp                               0x0800409b   Thumb Code     0  iusefp.o(.text)
    _float_round                             0x0800409b   Thumb Code    18  fepilogue.o(.text)
    _float_epilogue                          0x080040ad   Thumb Code    92  fepilogue.o(.text)
    _double_round                            0x08004109   Thumb Code    30  depilogue.o(.text)
    _double_epilogue                         0x08004127   Thumb Code   156  depilogue.o(.text)
    __scatterload                            0x080041c5   Thumb Code    28  init.o(.text)
    __scatterload_rt2                        0x080041c5   Thumb Code     0  init.o(.text)
    __scatterload_copy                       0x080041e9   Thumb Code    14  handlers.o(i.__scatterload_copy)
    __scatterload_null                       0x080041f7   Thumb Code     2  handlers.o(i.__scatterload_null)
    __scatterload_zeroinit                   0x080041f9   Thumb Code    14  handlers.o(i.__scatterload_zeroinit)
    Region$$Table$$Base                      0x08004208   Number         0  anon$$obj.o(Region$$Table)
    Region$$Table$$Limit                     0x08004228   Number         0  anon$$obj.o(Region$$Table)
    SystemCoreClock                          0x20000000   Data           4  system_stm32f10x.o(.data)
    AHBPrescTable                            0x20000004   Data          16  system_stm32f10x.o(.data)
    PowerFlag                                0x20000028   Data           1  udp.o(.data)
    AlarmFlag                                0x2000002c   Data           2  calibration.o(.data)
    txsize                                   0x20000042   Data           8  w5500.o(.data)
    rxsize                                   0x2000004a   Data           8  w5500.o(.data)
    mac                                      0x20000052   Data           6  w5500_conf.o(.data)
    local_ip                                 0x20000058   Data           4  w5500_conf.o(.data)
    subnet                                   0x2000005c   Data           4  w5500_conf.o(.data)
    gateway                                  0x20000060   Data           4  w5500_conf.o(.data)
    dns_server                               0x20000064   Data           4  w5500_conf.o(.data)
    local_port                               0x20000068   Data           2  w5500_conf.o(.data)
    remote_ip                                0x2000006a   Data           4  w5500_conf.o(.data)
    remote_port                              0x2000006e   Data           2  w5500_conf.o(.data)
    Rx_buff                                  0x20000078   Data          32  udp.o(.bss)
    Tx_buff                                  0x20000098   Data          40  udp.o(.bss)
    System                                   0x200000c0   Data          50  calibration.o(.bss)
    SSIZE                                    0x200000fc   Data          16  w5500.o(.bss)
    RSIZE                                    0x2000010c   Data          16  w5500.o(.bss)
    ConfigMsg                                0x2000011c   Data          26  w5500_conf.o(.bss)
    ADC_Value_Power                          0x20000166   Data          18  bsp_adc.o(.bss)
    __initial_sp                             0x20000578   Data           0  startup_stm32f10x_hd.o(STACK)



==============================================================================

Memory Map of the image

  Image Entry point : 0x08000131

  Load Region LR_IROM1 (Base: 0x08000000, Size: 0x000042a0, Max: 0x00080000, ABSOLUTE)

    Execution Region ER_IROM1 (Exec base: 0x08000000, Load base: 0x08000000, Size: 0x00004228, Max: 0x00080000, ABSOLUTE)

    Exec Addr    Load Addr    Size         Type   Attr      Idx    E Section Name        Object

    0x08000000   0x08000000   0x00000130   Data   RO            3    RESET               startup_stm32f10x_hd.o
    0x08000130   0x08000130   0x00000000   Code   RO          639  * .ARM.Collect$$$$00000000  mc_w.l(entry.o)
    0x08000130   0x08000130   0x00000004   Code   RO          684    .ARM.Collect$$$$00000001  mc_w.l(entry2.o)
    0x08000134   0x08000134   0x00000004   Code   RO          687    .ARM.Collect$$$$00000004  mc_w.l(entry5.o)
    0x08000138   0x08000138   0x00000000   Code   RO          689    .ARM.Collect$$$$00000008  mc_w.l(entry7b.o)
    0x08000138   0x08000138   0x00000000   Code   RO          691    .ARM.Collect$$$$0000000A  mc_w.l(entry8b.o)
    0x08000138   0x08000138   0x00000008   Code   RO          692    .ARM.Collect$$$$0000000B  mc_w.l(entry9a.o)
    0x08000140   0x08000140   0x00000004   Code   RO          699    .ARM.Collect$$$$0000000E  mc_w.l(entry12b.o)
    0x08000144   0x08000144   0x00000000   Code   RO          694    .ARM.Collect$$$$0000000F  mc_w.l(entry10a.o)
    0x08000144   0x08000144   0x00000000   Code   RO          696    .ARM.Collect$$$$00000011  mc_w.l(entry11a.o)
    0x08000144   0x08000144   0x00000004   Code   RO          685    .ARM.Collect$$$$00002712  mc_w.l(entry2.o)
    0x08000148   0x08000148   0x00000024   Code   RO            4    .text               startup_stm32f10x_hd.o
    0x0800016c   0x0800016c   0x000001e0   Code   RO           24    .text               system_stm32f10x.o
    0x0800034c   0x0800034c   0x0000035c   Code   RO          177    .text               stm32f10x_gpio.o
    0x080006a8   0x080006a8   0x000003a4   Code   RO          189    .text               stm32f10x_rcc.o
    0x08000a4c   0x08000a4c   0x0000030c   Code   RO          203    .text               stm32f10x_spi.o
    0x08000d58   0x08000d58   0x00000254   Code   RO          239    .text               stm32f10x_dma.o
    0x08000fac   0x08000fac   0x0000044e   Code   RO          251    .text               stm32f10x_adc.o
    0x080013fa   0x080013fa   0x00000002   PAD
    0x080013fc   0x080013fc   0x00000044   Code   RO          299    .text               main.o
    0x08001440   0x08001440   0x0000001a   Code   RO          370    .text               stm32f10x_it.o
    0x0800145a   0x0800145a   0x00000002   PAD
    0x0800145c   0x0800145c   0x00000304   Code   RO          392    .text               udp.o
    0x08001760   0x08001760   0x0000020c   Code   RO          433    .text               gpio.o
    0x0800196c   0x0800196c   0x00000370   Code   RO          448    .text               ds18b20.o
    0x08001cdc   0x08001cdc   0x000004d8   Code   RO          460    .text               calibration.o
    0x080021b4   0x080021b4   0x00000384   Code   RO          479    .text               w5500.o
    0x08002538   0x08002538   0x00000408   Code   RO          498    .text               w5500_conf.o
    0x08002940   0x08002940   0x0000065c   Code   RO          518    .text               socket.o
    0x08002f9c   0x08002f9c   0x00000400   Code   RO          530    .text               utility.o
    0x0800339c   0x0800339c   0x000000a8   Code   RO          566    .text               bsp_gpio.o
    0x08003444   0x08003444   0x00000084   Code   RO          594    .text               bsp_ds18b20.o
    0x080034c8   0x080034c8   0x000001b8   Code   RO          609    .text               bsp_adc.o
    0x08003680   0x08003680   0x00000436   Code   RO          627    .text               bsp_24c02.o
    0x08003ab6   0x08003ab6   0x00000024   Code   RO          642    .text               mc_w.l(memseta.o)
    0x08003ada   0x08003ada   0x00000024   Code   RO          644    .text               mc_w.l(strstr.o)
    0x08003afe   0x08003afe   0x00000018   Code   RO          646    .text               mc_w.l(strncpy.o)
    0x08003b16   0x08003b16   0x0000000e   Code   RO          648    .text               mc_w.l(strlen.o)
    0x08003b24   0x08003b24   0x00000012   Code   RO          650    .text               mc_w.l(strcpy.o)
    0x08003b36   0x08003b36   0x00000002   PAD
    0x08003b38   0x08003b38   0x00000044   Code   RO          652    .text               mc_w.l(strtok.o)
    0x08003b7c   0x08003b7c   0x0000007c   Code   RO          658    .text               mf_w.l(fdiv.o)
    0x08003bf8   0x08003bf8   0x0000014e   Code   RO          660    .text               mf_w.l(dadd.o)
    0x08003d46   0x08003d46   0x000000e4   Code   RO          662    .text               mf_w.l(dmul.o)
    0x08003e2a   0x08003e2a   0x000000de   Code   RO          664    .text               mf_w.l(ddiv.o)
    0x08003f08   0x08003f08   0x00000012   Code   RO          666    .text               mf_w.l(fflti.o)
    0x08003f1a   0x08003f1a   0x00000022   Code   RO          668    .text               mf_w.l(dflti.o)
    0x08003f3c   0x08003f3c   0x0000001a   Code   RO          670    .text               mf_w.l(dfltui.o)
    0x08003f56   0x08003f56   0x00000028   Code   RO          672    .text               mf_w.l(ffixui.o)
    0x08003f7e   0x08003f7e   0x00000032   Code   RO          674    .text               mf_w.l(dfixui.o)
    0x08003fb0   0x08003fb0   0x00000026   Code   RO          676    .text               mf_w.l(f2d.o)
    0x08003fd6   0x08003fd6   0x00000038   Code   RO          678    .text               mf_w.l(d2f.o)
    0x0800400e   0x0800400e   0x00000002   PAD
    0x08004010   0x08004010   0x00000014   Code   RO          680    .text               mf_w.l(cfcmple.o)
    0x08004024   0x08004024   0x00000014   Code   RO          682    .text               mf_w.l(cfrcmple.o)
    0x08004038   0x08004038   0x0000001e   Code   RO          700    .text               mc_w.l(llshl.o)
    0x08004056   0x08004056   0x00000020   Code   RO          702    .text               mc_w.l(llushr.o)
    0x08004076   0x08004076   0x00000024   Code   RO          704    .text               mc_w.l(llsshr.o)
    0x0800409a   0x0800409a   0x00000000   Code   RO          706    .text               mc_w.l(iusefp.o)
    0x0800409a   0x0800409a   0x0000006e   Code   RO          707    .text               mf_w.l(fepilogue.o)
    0x08004108   0x08004108   0x000000ba   Code   RO          709    .text               mf_w.l(depilogue.o)
    0x080041c2   0x080041c2   0x00000002   PAD
    0x080041c4   0x080041c4   0x00000024   Code   RO          711    .text               mc_w.l(init.o)
    0x080041e8   0x080041e8   0x0000000e   Code   RO          715    i.__scatterload_copy  mc_w.l(handlers.o)
    0x080041f6   0x080041f6   0x00000002   Code   RO          716    i.__scatterload_null  mc_w.l(handlers.o)
    0x080041f8   0x080041f8   0x0000000e   Code   RO          717    i.__scatterload_zeroinit  mc_w.l(handlers.o)
    0x08004206   0x08004206   0x00000002   PAD
    0x08004208   0x08004208   0x00000020   Data   RO          713    Region$$Table       anon$$obj.o


    Execution Region RW_IRAM1 (Exec base: 0x20000000, Load base: 0x08004228, Size: 0x00000578, Max: 0x00010000, ABSOLUTE)

    Exec Addr    Load Addr    Size         Type   Attr      Idx    E Section Name        Object

    0x20000000   0x08004228   0x00000014   Data   RW           25    .data               system_stm32f10x.o
    0x20000014   0x0800423c   0x00000014   Data   RW          190    .data               stm32f10x_rcc.o
    0x20000028   0x08004250   0x00000004   Data   RW          394    .data               udp.o
    0x2000002c   0x08004254   0x00000016   Data   RW          462    .data               calibration.o
    0x20000042   0x0800426a   0x00000010   Data   RW          481    .data               w5500.o
    0x20000052   0x0800427a   0x0000001e   Data   RW          500    .data               w5500_conf.o
    0x20000070   0x08004298   0x00000004   Data   RW          532    .data               utility.o
    0x20000074   0x0800429c   0x00000004   Data   RW          653    .data               mc_w.l(strtok.o)
    0x20000078        -       0x00000048   Zero   RW          393    .bss                udp.o
    0x200000c0        -       0x0000003c   Zero   RW          461    .bss                calibration.o
    0x200000fc        -       0x00000020   Zero   RW          480    .bss                w5500.o
    0x2000011c        -       0x0000001a   Zero   RW          499    .bss                w5500_conf.o
    0x20000136        -       0x00000030   Zero   RW          531    .bss                utility.o
    0x20000166        -       0x00000012   Zero   RW          610    .bss                bsp_adc.o
    0x20000178        -       0x00000400   Zero   RW            1    STACK               startup_stm32f10x_hd.o


==============================================================================

Image component sizes


      Code (inc. data)   RO Data    RW Data    ZI Data      Debug   Object Name

      1078          6          0          0          0       4629   bsp_24c02.o
       440         24          0          0         18       1664   bsp_adc.o
       132         12          0          0          0        578   bsp_ds18b20.o
       168         14          0          0          0        711   bsp_gpio.o
      1240        140          0         22         60       2567   calibration.o
         0          0          0          0          0       4508   core_cm3.o
       880         18          0          0          0       3625   ds18b20.o
       524         32          0          0          0       1335   gpio.o
        68         10          0          0          0       1187   main.o
      1628          4          0          0          0       4111   socket.o
        36          8        304          0       1024        888   startup_stm32f10x_hd.o
      1102         26          0          0          0      11105   stm32f10x_adc.o
       596          8          0          0          0       4430   stm32f10x_dma.o
       860         38          0          0          0       5793   stm32f10x_gpio.o
        26          0          0          0          0       1238   stm32f10x_it.o
       932         36          0         20          0       9000   stm32f10x_rcc.o
       780         14          0          0          0       6682   stm32f10x_spi.o
       480         38          0         20          0     248199   system_stm32f10x.o
       772         40          0          4         72       1674   udp.o
      1024         20          0          4         48       7742   utility.o
       900          8          0         16         32       6172   w5500.o
      1032         60          0         30         26       5010   w5500_conf.o

    ----------------------------------------------------------------------
     14702        556        336        116       1280     332848   Object Totals
         0          0         32          0          0          0   (incl. Generated)
         4          0          0          0          0          0   (incl. Padding)

    ----------------------------------------------------------------------

      Code (inc. data)   RO Data    RW Data    ZI Data      Debug   Library Member Name

         0          0          0          0          0          0   entry.o
         0          0          0          0          0          0   entry10a.o
         0          0          0          0          0          0   entry11a.o
         4          0          0          0          0          0   entry12b.o
         8          4          0          0          0          0   entry2.o
         4          0          0          0          0          0   entry5.o
         0          0          0          0          0          0   entry7b.o
         0          0          0          0          0          0   entry8b.o
         8          4          0          0          0          0   entry9a.o
        30          0          0          0          0          0   handlers.o
        36          8          0          0          0         68   init.o
         0          0          0          0          0          0   iusefp.o
        30          0          0          0          0         68   llshl.o
        36          0          0          0          0         68   llsshr.o
        32          0          0          0          0         68   llushr.o
        36          0          0          0          0        108   memseta.o
        18          0          0          0          0         68   strcpy.o
        14          0          0          0          0         68   strlen.o
        24          0          0          0          0         76   strncpy.o
        36          0          0          0          0         80   strstr.o
        68          6          0          4          0         80   strtok.o
        20          0          0          0          0         68   cfcmple.o
        20          0          0          0          0         68   cfrcmple.o
        56          0          0          0          0         88   d2f.o
       334          0          0          0          0        148   dadd.o
       222          0          0          0          0        100   ddiv.o
       186          0          0          0          0        176   depilogue.o
        50          0          0          0          0         76   dfixui.o
        34          0          0          0          0         76   dflti.o
        26          0          0          0          0         76   dfltui.o
       228          0          0          0          0         96   dmul.o
        38          0          0          0          0         68   f2d.o
       124          0          0          0          0         88   fdiv.o
       110          0          0          0          0        168   fepilogue.o
        40          0          0          0          0         68   ffixui.o
        18          0          0          0          0         68   fflti.o

    ----------------------------------------------------------------------
      1898         22          0          4          0       2184   Library Totals
         8          0          0          0          0          0   (incl. Padding)

    ----------------------------------------------------------------------

      Code (inc. data)   RO Data    RW Data    ZI Data      Debug   Library Name

       384         22          0          4          0        752   mc_w.l
      1506          0          0          0          0       1432   mf_w.l

    ----------------------------------------------------------------------
      1898         22          0          4          0       2184   Library Totals

    ----------------------------------------------------------------------

==============================================================================


      Code (inc. data)   RO Data    RW Data    ZI Data      Debug   

     16600        578        336        120       1280     332324   Grand Totals
     16600        578        336        120       1280     332324   ELF Image Totals
     16600        578        336        120          0          0   ROM Totals

==============================================================================

    Total RO  Size (Code + RO Data)                16936 (  16.54kB)
    Total RW  Size (RW Data + ZI Data)              1400 (   1.37kB)
    Total ROM Size (Code + RO Data + RW Data)      17056 (  16.66kB)

==============================================================================

