Component: ARM Compiler 5.05 update 1 (build 106) Tool: armlink [4d0efa]

==============================================================================

Section Cross References

    startup_stm32f10x_hd.o(RESET) refers to startup_stm32f10x_hd.o(STACK) for __initial_sp
    startup_stm32f10x_hd.o(RESET) refers to startup_stm32f10x_hd.o(.text) for Reset_Handler
    startup_stm32f10x_hd.o(RESET) refers to stm32f10x_it.o(.text) for NMI_Handler
    startup_stm32f10x_hd.o(RESET) refers to adc.o(.text) for DMA1_Channel1_IRQHandler
    startup_stm32f10x_hd.o(RESET) refers to timer.o(.text) for TIM2_IRQHandler
    startup_stm32f10x_hd.o(RESET) refers to rs485.o(.text) for USART1_IRQHandler
    startup_stm32f10x_hd.o(RESET) refers to usart.o(.text) for USART2_IRQHandler
    startup_stm32f10x_hd.o(.text) refers to system_stm32f10x.o(.text) for SystemInit
    startup_stm32f10x_hd.o(.text) refers to entry.o(.ARM.Collect$$$$00000000) for __main
    system_stm32f10x.o(.text) refers to system_stm32f10x.o(.data) for SystemCoreClock
    stm32f10x_bkp.o(.text) refers to stm32f10x_rcc.o(.text) for RCC_BackupResetCmd
    stm32f10x_gpio.o(.text) refers to stm32f10x_rcc.o(.text) for RCC_APB2PeriphResetCmd
    stm32f10x_rcc.o(.text) refers to stm32f10x_rcc.o(.data) for APBAHBPrescTable
    stm32f10x_spi.o(.text) refers to stm32f10x_rcc.o(.text) for RCC_APB2PeriphResetCmd
    stm32f10x_tim.o(.text) refers to stm32f10x_rcc.o(.text) for RCC_APB2PeriphResetCmd
    stm32f10x_usart.o(.text) refers to stm32f10x_rcc.o(.text) for RCC_APB2PeriphResetCmd
    stm32f10x_adc.o(.text) refers to stm32f10x_rcc.o(.text) for RCC_APB2PeriphResetCmd
    stm32f10x_i2c.o(.text) refers to stm32f10x_rcc.o(.text) for RCC_APB1PeriphResetCmd
    stm32f10x_can.o(.text) refers to stm32f10x_rcc.o(.text) for RCC_APB1PeriphResetCmd
    main.o(.text) refers to led.o(.text) for LED_ON
    main.o(.text) refers to cfrcmple.o(.text) for __aeabi_cfrcmple
    main.o(.text) refers to ffixui.o(.text) for __aeabi_f2uiz
    main.o(.text) refers to w5500.o(.text) for getSn_SR
    main.o(.text) refers to socket.o(.text) for socket
    main.o(.text) refers to 24c02.o(.text) for AT24CXX_WriteOneByte
    main.o(.text) refers to utility.o(.text) for delay_ms
    main.o(.text) refers to misc.o(.text) for NVIC_SeytemReset
    main.o(.text) refers to stm32f10x_gpio.o(.text) for GPIO_ReadOutputDataBit
    main.o(.text) refers to usart.o(.text) for USART_Configuration
    main.o(.text) refers to timer.o(.text) for TIM2_Configuration
    main.o(.text) refers to rs485.o(.text) for RS485_Init
    main.o(.text) refers to adc.o(.text) for ADC1_Init
    main.o(.text) refers to ds18b20.o(.text) for DS18B20_Init
    main.o(.text) refers to w5500_conf.o(.text) for w5500_init
    main.o(.text) refers to calibration.o(.text) for read_calibration
    main.o(.text) refers to main.o(.data) for Power
    main.o(.text) refers to adc.o(.data) for VOLT_DEC
    main.o(.text) refers to main.o(.bss) for num
    main.o(.text) refers to adc.o(.bss) for Current
    main.o(.text) refers to w5500_conf.o(.data) for local_port
    main.o(.text) refers to calibration.o(.data) for CalibrationFlag
    main.o(.text) refers to w5500.o(.data) for rxsize
    usart.o(.text) refers to stm32f10x_rcc.o(.text) for RCC_APB2PeriphClockCmd
    usart.o(.text) refers to stm32f10x_gpio.o(.text) for GPIO_Init
    usart.o(.text) refers to stm32f10x_usart.o(.text) for USART_Init
    usart.o(.text) refers to stm32f10x_dma.o(.text) for DMA_DeInit
    usart.o(.text) refers to misc.o(.text) for NVIC_PriorityGroupConfig
    usart.o(.text) refers to usart.o(.bss) for USART2_RECEIVE_DATA
    adc.o(.text) refers to stm32f10x_rcc.o(.text) for RCC_AHBPeriphClockCmd
    adc.o(.text) refers to stm32f10x_gpio.o(.text) for GPIO_Init
    adc.o(.text) refers to stm32f10x_dma.o(.text) for DMA_DeInit
    adc.o(.text) refers to stm32f10x_adc.o(.text) for ADC_Init
    adc.o(.text) refers to ffltui.o(.text) for __aeabi_ui2f
    adc.o(.text) refers to fdiv.o(.text) for __aeabi_fdiv
    adc.o(.text) refers to f2d.o(.text) for __aeabi_f2d
    adc.o(.text) refers to dmul.o(.text) for __aeabi_dmul
    adc.o(.text) refers to d2f.o(.text) for __aeabi_d2f
    adc.o(.text) refers to fmul.o(.text) for __aeabi_fmul
    adc.o(.text) refers to ffixui.o(.text) for __aeabi_f2uiz
    adc.o(.text) refers to ddiv.o(.text) for __aeabi_ddiv
    adc.o(.text) refers to dfixui.o(.text) for __aeabi_d2uiz
    adc.o(.text) refers to calibration.o(.text) for calibration_task
    adc.o(.text) refers to fflti.o(.text) for __aeabi_i2f
    adc.o(.text) refers to fadd.o(.text) for __aeabi_frsub
    adc.o(.text) refers to cfcmple.o(.text) for __aeabi_cfcmple
    adc.o(.text) refers to adc.o(.bss) for ADC_Value
    adc.o(.text) refers to adc.o(.data) for t
    adc.o(.text) refers to calibration.o(.data) for BasicVF
    adc.o(.text) refers to cfrcmple.o(.text) for __aeabi_cfrcmple
    can.o(.text) refers to stm32f10x_rcc.o(.text) for RCC_APB2PeriphClockCmd
    can.o(.text) refers to stm32f10x_gpio.o(.text) for GPIO_PinRemapConfig
    can.o(.text) refers to stm32f10x_can.o(.text) for CAN_ITConfig
    can.o(.text) refers to misc.o(.text) for NVIC_PriorityGroupConfig
    can.o(.text) refers to can.o(.bss) for TxMessage
    can.o(.text) refers to can.o(.data) for Can_Rseve_Flag
    rs485.o(.text) refers to stm32f10x_rcc.o(.text) for RCC_APB2PeriphClockCmd
    rs485.o(.text) refers to stm32f10x_gpio.o(.text) for GPIO_Init
    rs485.o(.text) refers to stm32f10x_usart.o(.text) for USART_Init
    rs485.o(.text) refers to stm32f10x_dma.o(.text) for DMA_DeInit
    rs485.o(.text) refers to rs485.o(.bss) for USART1_RECEIVE_DATA
    rs485.o(.text) refers to calibration.o(.data) for CalibrationFlag
    timer.o(.text) refers to stm32f10x_rcc.o(.text) for RCC_APB1PeriphClockCmd
    timer.o(.text) refers to stm32f10x_tim.o(.text) for TIM_TimeBaseInit
    timer.o(.text) refers to adc.o(.text) for adc_date_dispose
    timer.o(.text) refers to ds18b20.o(.text) for DS18B20_Get_Temp
    timer.o(.text) refers to timer.o(.data) for timenum
    timer.o(.text) refers to main.o(.data) for temp
    wdg.o(.text) refers to stm32f10x_iwdg.o(.text) for IWDG_WriteAccessCmd
    w5500.o(.text) refers to w5500_conf.o(.text) for IINCHIP_WRITE
    w5500.o(.text) refers to w5500.o(.bss) for RSIZE
    w5500_conf.o(.text) refers to w5500.o(.text) for setSUBR
    w5500_conf.o(.text) refers to stm32f10x_rcc.o(.text) for RCC_APB2PeriphClockCmd
    w5500_conf.o(.text) refers to stm32f10x_gpio.o(.text) for GPIO_Init
    w5500_conf.o(.text) refers to stm32f10x_spi.o(.text) for SPI_Init
    w5500_conf.o(.text) refers to utility.o(.text) for delay_ms
    w5500_conf.o(.text) refers to w5500_conf.o(.bss) for ConfigMsg
    w5500_conf.o(.text) refers to w5500_conf.o(.data) for mac
    socket.o(.text) refers to w5500_conf.o(.text) for IINCHIP_WRITE
    socket.o(.text) refers to w5500.o(.text) for getSn_IR
    socket.o(.text) refers to w5500_conf.o(.data) for local_port
    utility.o(.text) refers to memseta.o(.text) for __aeabi_memset
    utility.o(.text) refers to strstr.o(.text) for strstr
    utility.o(.text) refers to strlen.o(.text) for strlen
    utility.o(.text) refers to strncpy.o(.text) for strncpy
    utility.o(.text) refers to strcpy.o(.text) for strcpy
    utility.o(.text) refers to strtok.o(.text) for strtok
    utility.o(.text) refers to w5500_conf.o(.text) for IINCHIP_READ
    utility.o(.text) refers to utility.o(.data) for fac_us
    utility.o(.text) refers to utility.o(.bss) for addr_str
    24c02.o(.text) refers to stm32f10x_rcc.o(.text) for RCC_APB2PeriphClockCmd
    24c02.o(.text) refers to stm32f10x_gpio.o(.text) for GPIO_Init
    24c02.o(.text) refers to utility.o(.text) for delay_us
    led.o(.text) refers to stm32f10x_rcc.o(.text) for RCC_APB2PeriphClockCmd
    led.o(.text) refers to stm32f10x_gpio.o(.text) for GPIO_Init
    ds18b20.o(.text) refers to stm32f10x_rcc.o(.text) for RCC_APB2PeriphClockCmd
    ds18b20.o(.text) refers to stm32f10x_gpio.o(.text) for GPIO_Init
    ds18b20.o(.text) refers to utility.o(.text) for delay_us
    ds18b20.o(.text) refers to dflti.o(.text) for __aeabi_i2d
    ds18b20.o(.text) refers to dmul.o(.text) for __aeabi_dmul
    ds18b20.o(.text) refers to d2f.o(.text) for __aeabi_d2f
    ds18b20.o(.text) refers to ffixui.o(.text) for __aeabi_f2uiz
    calibration.o(.text) refers to 24c02.o(.text) for AT24CXX_Read
    calibration.o(.text) refers to calibration.o(.data) for BasicVF
    calibration.o(.text) refers to adc.o(.bss) for ADC_AverageValue
    entry.o(.ARM.Collect$$$$00000000) refers (Special) to entry10a.o(.ARM.Collect$$$$0000000D) for __rt_final_cpp
    entry.o(.ARM.Collect$$$$00000000) refers (Special) to entry11a.o(.ARM.Collect$$$$0000000F) for __rt_final_exit
    entry.o(.ARM.Collect$$$$00000000) refers (Special) to entry7b.o(.ARM.Collect$$$$00000008) for _main_clock
    entry.o(.ARM.Collect$$$$00000000) refers (Special) to entry8b.o(.ARM.Collect$$$$0000000A) for _main_cpp_init
    entry.o(.ARM.Collect$$$$00000000) refers (Special) to entry9a.o(.ARM.Collect$$$$0000000B) for _main_init
    entry.o(.ARM.Collect$$$$00000000) refers (Special) to entry5.o(.ARM.Collect$$$$00000004) for _main_scatterload
    entry.o(.ARM.Collect$$$$00000000) refers (Special) to entry2.o(.ARM.Collect$$$$00000001) for _main_stk
    strtok.o(.text) refers to strtok.o(.data) for .data
    strtok_r.o(.text) refers to strtok_r.o(.data) for .data
    fadd.o(.text) refers (Special) to iusefp.o(.text) for __I$use$fp
    fadd.o(.text) refers to fepilogue.o(.text) for _float_epilogue
    fmul.o(.text) refers (Special) to iusefp.o(.text) for __I$use$fp
    fdiv.o(.text) refers (Special) to iusefp.o(.text) for __I$use$fp
    fdiv.o(.text) refers to fepilogue.o(.text) for _float_round
    dmul.o(.text) refers (Special) to iusefp.o(.text) for __I$use$fp
    dmul.o(.text) refers to depilogue.o(.text) for _double_epilogue
    ddiv.o(.text) refers (Special) to iusefp.o(.text) for __I$use$fp
    ddiv.o(.text) refers to depilogue.o(.text) for _double_round
    fflti.o(.text) refers (Special) to iusefp.o(.text) for __I$use$fp
    fflti.o(.text) refers to fepilogue.o(.text) for _float_epilogue
    ffltui.o(.text) refers (Special) to iusefp.o(.text) for __I$use$fp
    ffltui.o(.text) refers to fepilogue.o(.text) for _float_epilogue
    dflti.o(.text) refers (Special) to iusefp.o(.text) for __I$use$fp
    dflti.o(.text) refers to depilogue.o(.text) for _double_epilogue
    ffixui.o(.text) refers (Special) to iusefp.o(.text) for __I$use$fp
    dfixui.o(.text) refers (Special) to iusefp.o(.text) for __I$use$fp
    dfixui.o(.text) refers to llushr.o(.text) for __aeabi_llsr
    f2d.o(.text) refers (Special) to iusefp.o(.text) for __I$use$fp
    d2f.o(.text) refers (Special) to iusefp.o(.text) for __I$use$fp
    d2f.o(.text) refers to fepilogue.o(.text) for _float_round
    cfcmple.o(.text) refers (Special) to iusefp.o(.text) for __I$use$fp
    cfrcmple.o(.text) refers (Special) to iusefp.o(.text) for __I$use$fp
    entry2.o(.ARM.Collect$$$$00000001) refers to entry2.o(.ARM.Collect$$$$00002712) for __lit__00000000
    entry2.o(.ARM.Collect$$$$00002712) refers to startup_stm32f10x_hd.o(STACK) for __initial_sp
    entry2.o(__vectab_stack_and_reset_area) refers to startup_stm32f10x_hd.o(STACK) for __initial_sp
    entry2.o(__vectab_stack_and_reset_area) refers to entry.o(.ARM.Collect$$$$00000000) for __main
    entry5.o(.ARM.Collect$$$$00000004) refers to init.o(.text) for __scatterload
    entry9a.o(.ARM.Collect$$$$0000000B) refers to main.o(.text) for main
    entry9b.o(.ARM.Collect$$$$0000000C) refers to main.o(.text) for main
    depilogue.o(.text) refers to llshl.o(.text) for __aeabi_llsl
    depilogue.o(.text) refers to llushr.o(.text) for __aeabi_llsr
    init.o(.text) refers to entry5.o(.ARM.Collect$$$$00000004) for __main_after_scatterload


==============================================================================

Removing Unused input sections from the image.

    Removing startup_stm32f10x_hd.o(HEAP), (512 bytes).
    Removing core_cm3.o(.emb_text), (32 bytes).
    Removing stm32f10x_bkp.o(.text), (196 bytes).
    Removing stm32f10x_exti.o(.text), (284 bytes).
    Removing stm32f10x_flash.o(.text), (1468 bytes).
    Removing stm32f10x_i2c.o(.text), (1028 bytes).
    Removing stm32f10x_can.o(.text), (2544 bytes).
    Removing stm32f10x_iwdg.o(.text), (64 bytes).
    Removing can.o(.text), (424 bytes).
    Removing can.o(.bss), (40 bytes).
    Removing can.o(.data), (1 bytes).
    Removing wdg.o(.text), (44 bytes).

12 unused section(s) (total 6637 bytes) removed from the image.

==============================================================================

Image Symbol Table

    Local Symbols

    Symbol Name                              Value     Ov Type        Size  Object(Section)

    ../clib/microlib/init/entry.s            0x00000000   Number         0  entry10b.o ABSOLUTE
    ../clib/microlib/init/entry.s            0x00000000   Number         0  entry11b.o ABSOLUTE
    ../clib/microlib/init/entry.s            0x00000000   Number         0  entry11a.o ABSOLUTE
    ../clib/microlib/init/entry.s            0x00000000   Number         0  entry.o ABSOLUTE
    ../clib/microlib/init/entry.s            0x00000000   Number         0  entry10a.o ABSOLUTE
    ../clib/microlib/init/entry.s            0x00000000   Number         0  entry9b.o ABSOLUTE
    ../clib/microlib/init/entry.s            0x00000000   Number         0  entry9a.o ABSOLUTE
    ../clib/microlib/init/entry.s            0x00000000   Number         0  entry8b.o ABSOLUTE
    ../clib/microlib/init/entry.s            0x00000000   Number         0  entry8a.o ABSOLUTE
    ../clib/microlib/init/entry.s            0x00000000   Number         0  entry7b.o ABSOLUTE
    ../clib/microlib/init/entry.s            0x00000000   Number         0  entry7a.o ABSOLUTE
    ../clib/microlib/init/entry.s            0x00000000   Number         0  entry5.o ABSOLUTE
    ../clib/microlib/init/entry.s            0x00000000   Number         0  entry2.o ABSOLUTE
    ../clib/microlib/longlong.c              0x00000000   Number         0  llushr.o ABSOLUTE
    ../clib/microlib/longlong.c              0x00000000   Number         0  llshl.o ABSOLUTE
    ../clib/microlib/string/memset.c         0x00000000   Number         0  memseta.o ABSOLUTE
    ../clib/microlib/string/strcpy.c         0x00000000   Number         0  strcpy.o ABSOLUTE
    ../clib/microlib/string/strlen.c         0x00000000   Number         0  strlen.o ABSOLUTE
    ../clib/microlib/string/strncpy.c        0x00000000   Number         0  strncpy.o ABSOLUTE
    ../clib/microlib/string/strstr.c         0x00000000   Number         0  strstr.o ABSOLUTE
    ../clib/microlib/string/strtok.c         0x00000000   Number         0  strtok_r.o ABSOLUTE
    ../clib/microlib/string/strtok.c         0x00000000   Number         0  strtok.o ABSOLUTE
    ../clib/microlib/stubs.s                 0x00000000   Number         0  iusefp.o ABSOLUTE
    ../fplib/microlib/d2f.c                  0x00000000   Number         0  d2f.o ABSOLUTE
    ../fplib/microlib/f2d.c                  0x00000000   Number         0  f2d.o ABSOLUTE
    ../fplib/microlib/fpadd.c                0x00000000   Number         0  fadd.o ABSOLUTE
    ../fplib/microlib/fpdiv.c                0x00000000   Number         0  ddiv.o ABSOLUTE
    ../fplib/microlib/fpdiv.c                0x00000000   Number         0  fdiv.o ABSOLUTE
    ../fplib/microlib/fpepilogue.c           0x00000000   Number         0  depilogue.o ABSOLUTE
    ../fplib/microlib/fpepilogue.c           0x00000000   Number         0  fepilogue.o ABSOLUTE
    ../fplib/microlib/fpfix.c                0x00000000   Number         0  dfixui.o ABSOLUTE
    ../fplib/microlib/fpfix.c                0x00000000   Number         0  ffixui.o ABSOLUTE
    ../fplib/microlib/fpflt.c                0x00000000   Number         0  ffltui.o ABSOLUTE
    ../fplib/microlib/fpflt.c                0x00000000   Number         0  fflti.o ABSOLUTE
    ../fplib/microlib/fpflt.c                0x00000000   Number         0  dflti.o ABSOLUTE
    ../fplib/microlib/fpmul.c                0x00000000   Number         0  dmul.o ABSOLUTE
    ../fplib/microlib/fpmul.c                0x00000000   Number         0  fmul.o ABSOLUTE
    ..\..\Libraries\CMSIS\core_cm3.c         0x00000000   Number         0  core_cm3.o ABSOLUTE
    ..\..\Libraries\CMSIS\startup\startup_stm32f10x_hd.s 0x00000000   Number         0  startup_stm32f10x_hd.o ABSOLUTE
    ..\..\Libraries\CMSIS\system_stm32f10x.c 0x00000000   Number         0  system_stm32f10x.o ABSOLUTE
    ..\..\Libraries\FWlib\src\misc.c         0x00000000   Number         0  misc.o ABSOLUTE
    ..\..\Libraries\FWlib\src\stm32f10x_adc.c 0x00000000   Number         0  stm32f10x_adc.o ABSOLUTE
    ..\..\Libraries\FWlib\src\stm32f10x_bkp.c 0x00000000   Number         0  stm32f10x_bkp.o ABSOLUTE
    ..\..\Libraries\FWlib\src\stm32f10x_can.c 0x00000000   Number         0  stm32f10x_can.o ABSOLUTE
    ..\..\Libraries\FWlib\src\stm32f10x_dma.c 0x00000000   Number         0  stm32f10x_dma.o ABSOLUTE
    ..\..\Libraries\FWlib\src\stm32f10x_exti.c 0x00000000   Number         0  stm32f10x_exti.o ABSOLUTE
    ..\..\Libraries\FWlib\src\stm32f10x_flash.c 0x00000000   Number         0  stm32f10x_flash.o ABSOLUTE
    ..\..\Libraries\FWlib\src\stm32f10x_gpio.c 0x00000000   Number         0  stm32f10x_gpio.o ABSOLUTE
    ..\..\Libraries\FWlib\src\stm32f10x_i2c.c 0x00000000   Number         0  stm32f10x_i2c.o ABSOLUTE
    ..\..\Libraries\FWlib\src\stm32f10x_iwdg.c 0x00000000   Number         0  stm32f10x_iwdg.o ABSOLUTE
    ..\..\Libraries\FWlib\src\stm32f10x_rcc.c 0x00000000   Number         0  stm32f10x_rcc.o ABSOLUTE
    ..\..\Libraries\FWlib\src\stm32f10x_spi.c 0x00000000   Number         0  stm32f10x_spi.o ABSOLUTE
    ..\..\Libraries\FWlib\src\stm32f10x_tim.c 0x00000000   Number         0  stm32f10x_tim.o ABSOLUTE
    ..\..\Libraries\FWlib\src\stm32f10x_usart.c 0x00000000   Number         0  stm32f10x_usart.o ABSOLUTE
    ..\..\User\W5500\socket.c                0x00000000   Number         0  socket.o ABSOLUTE
    ..\..\User\W5500\utility.c               0x00000000   Number         0  utility.o ABSOLUTE
    ..\..\User\W5500\w5500.c                 0x00000000   Number         0  w5500.o ABSOLUTE
    ..\..\User\W5500\w5500_conf.c            0x00000000   Number         0  w5500_conf.o ABSOLUTE
    ..\..\User\app\24c02.c                   0x00000000   Number         0  24c02.o ABSOLUTE
    ..\..\User\app\adc.c                     0x00000000   Number         0  adc.o ABSOLUTE
    ..\..\User\app\calibration.c             0x00000000   Number         0  calibration.o ABSOLUTE
    ..\..\User\app\can.c                     0x00000000   Number         0  can.o ABSOLUTE
    ..\..\User\app\ds18b20.c                 0x00000000   Number         0  ds18b20.o ABSOLUTE
    ..\..\User\app\led.c                     0x00000000   Number         0  led.o ABSOLUTE
    ..\..\User\app\rs485.c                   0x00000000   Number         0  rs485.o ABSOLUTE
    ..\..\User\app\timer.c                   0x00000000   Number         0  timer.o ABSOLUTE
    ..\..\User\app\usart.c                   0x00000000   Number         0  usart.o ABSOLUTE
    ..\..\User\app\wdg.c                     0x00000000   Number         0  wdg.o ABSOLUTE
    ..\..\User\main.c                        0x00000000   Number         0  main.o ABSOLUTE
    ..\..\User\stm32f10x_it.c                0x00000000   Number         0  stm32f10x_it.o ABSOLUTE
    ..\\..\\Libraries\\CMSIS\\core_cm3.c     0x00000000   Number         0  core_cm3.o ABSOLUTE
    cfcmple.s                                0x00000000   Number         0  cfcmple.o ABSOLUTE
    cfrcmple.s                               0x00000000   Number         0  cfrcmple.o ABSOLUTE
    dc.s                                     0x00000000   Number         0  dc.o ABSOLUTE
    handlers.s                               0x00000000   Number         0  handlers.o ABSOLUTE
    init.s                                   0x00000000   Number         0  init.o ABSOLUTE
    RESET                                    0x08000000   Section      304  startup_stm32f10x_hd.o(RESET)
    .ARM.Collect$$$$00000000                 0x08000130   Section        0  entry.o(.ARM.Collect$$$$00000000)
    .ARM.Collect$$$$00000001                 0x08000130   Section        4  entry2.o(.ARM.Collect$$$$00000001)
    .ARM.Collect$$$$00000004                 0x08000134   Section        4  entry5.o(.ARM.Collect$$$$00000004)
    .ARM.Collect$$$$00000008                 0x08000138   Section        0  entry7b.o(.ARM.Collect$$$$00000008)
    .ARM.Collect$$$$0000000A                 0x08000138   Section        0  entry8b.o(.ARM.Collect$$$$0000000A)
    .ARM.Collect$$$$0000000B                 0x08000138   Section        8  entry9a.o(.ARM.Collect$$$$0000000B)
    .ARM.Collect$$$$0000000D                 0x08000140   Section        0  entry10a.o(.ARM.Collect$$$$0000000D)
    .ARM.Collect$$$$0000000F                 0x08000140   Section        0  entry11a.o(.ARM.Collect$$$$0000000F)
    .ARM.Collect$$$$00002712                 0x08000140   Section        4  entry2.o(.ARM.Collect$$$$00002712)
    __lit__00000000                          0x08000140   Data           4  entry2.o(.ARM.Collect$$$$00002712)
    .text                                    0x08000144   Section       36  startup_stm32f10x_hd.o(.text)
    .text                                    0x08000168   Section        0  system_stm32f10x.o(.text)
    SetSysClockTo72                          0x08000169   Thumb Code   214  system_stm32f10x.o(.text)
    SetSysClock                              0x0800023f   Thumb Code     8  system_stm32f10x.o(.text)
    .text                                    0x08000348   Section        0  misc.o(.text)
    .text                                    0x08000434   Section        0  stm32f10x_gpio.o(.text)
    .text                                    0x08000790   Section        0  stm32f10x_rcc.o(.text)
    .text                                    0x08000b34   Section        0  stm32f10x_spi.o(.text)
    .text                                    0x08000e40   Section        0  stm32f10x_tim.o(.text)
    TI4_Config                               0x080012e7   Thumb Code   130  stm32f10x_tim.o(.text)
    TI3_Config                               0x0800137b   Thumb Code   122  stm32f10x_tim.o(.text)
    TI2_Config                               0x0800140f   Thumb Code   130  stm32f10x_tim.o(.text)
    TI1_Config                               0x080014a3   Thumb Code   108  stm32f10x_tim.o(.text)
    .text                                    0x08001c5c   Section        0  stm32f10x_usart.o(.text)
    .text                                    0x08002064   Section        0  stm32f10x_dma.o(.text)
    .text                                    0x080022b8   Section        0  stm32f10x_adc.o(.text)
    .text                                    0x08002708   Section        0  main.o(.text)
    .text                                    0x08002b90   Section        0  stm32f10x_it.o(.text)
    .text                                    0x08002bac   Section        0  usart.o(.text)
    .text                                    0x08002e2c   Section        0  adc.o(.text)
    .text                                    0x0800333c   Section        0  rs485.o(.text)
    .text                                    0x08003528   Section        0  timer.o(.text)
    .text                                    0x08003644   Section        0  w5500.o(.text)
    .text                                    0x080039c8   Section        0  w5500_conf.o(.text)
    .text                                    0x08003cb8   Section        0  socket.o(.text)
    .text                                    0x08004314   Section        0  utility.o(.text)
    .text                                    0x08004714   Section        0  24c02.o(.text)
    .text                                    0x08004b04   Section        0  led.o(.text)
    .text                                    0x08004c50   Section        0  ds18b20.o(.text)
    DS18B20_GPIO_Config                      0x08004c51   Thumb Code    46  ds18b20.o(.text)
    DS18B20_Mode_IPU                         0x08004c7f   Thumb Code    24  ds18b20.o(.text)
    DS18B20_Mode_Out_PP                      0x08004c97   Thumb Code    30  ds18b20.o(.text)
    DS18B20_Rst                              0x08004cb5   Thumb Code    38  ds18b20.o(.text)
    DS18B20_Presence                         0x08004cdb   Thumb Code    82  ds18b20.o(.text)
    DS18B20_Read_Bit                         0x08004d2d   Thumb Code    52  ds18b20.o(.text)
    .text                                    0x08004e90   Section        0  calibration.o(.text)
    .text                                    0x08004fac   Section        0  memseta.o(.text)
    .text                                    0x08004fd0   Section        0  strstr.o(.text)
    .text                                    0x08004ff4   Section        0  strncpy.o(.text)
    .text                                    0x0800500c   Section        0  strlen.o(.text)
    .text                                    0x0800501a   Section        0  strcpy.o(.text)
    .text                                    0x0800502c   Section        0  strtok.o(.text)
    .text                                    0x08005070   Section        0  fadd.o(.text)
    .text                                    0x08005120   Section        0  fmul.o(.text)
    .text                                    0x0800518c   Section        0  fdiv.o(.text)
    .text                                    0x0800520c   Section        0  dmul.o(.text)
    .text                                    0x080052f0   Section        0  ddiv.o(.text)
    .text                                    0x080053ce   Section        0  fflti.o(.text)
    .text                                    0x080053e0   Section        0  ffltui.o(.text)
    .text                                    0x080053ea   Section        0  dflti.o(.text)
    .text                                    0x0800540c   Section        0  ffixui.o(.text)
    .text                                    0x08005434   Section        0  dfixui.o(.text)
    .text                                    0x08005466   Section        0  f2d.o(.text)
    .text                                    0x0800548c   Section        0  d2f.o(.text)
    .text                                    0x080054c4   Section       20  cfcmple.o(.text)
    .text                                    0x080054d8   Section       20  cfrcmple.o(.text)
    .text                                    0x080054ec   Section        0  llushr.o(.text)
    .text                                    0x0800550c   Section        0  fepilogue.o(.text)
    .text                                    0x0800550c   Section        0  iusefp.o(.text)
    .text                                    0x08005578   Section        0  depilogue.o(.text)
    .text                                    0x08005638   Section       36  init.o(.text)
    .text                                    0x0800565c   Section        0  llshl.o(.text)
    i.__scatterload_copy                     0x0800567a   Section       14  handlers.o(i.__scatterload_copy)
    i.__scatterload_null                     0x08005688   Section        2  handlers.o(i.__scatterload_null)
    i.__scatterload_zeroinit                 0x0800568a   Section       14  handlers.o(i.__scatterload_zeroinit)
    .data                                    0x20000000   Section       20  system_stm32f10x.o(.data)
    .data                                    0x20000014   Section       20  stm32f10x_rcc.o(.data)
    APBAHBPrescTable                         0x20000014   Data          16  stm32f10x_rcc.o(.data)
    ADCPrescTable                            0x20000024   Data           4  stm32f10x_rcc.o(.data)
    .data                                    0x20000028   Section       18  main.o(.data)
    num2                                     0x20000034   Data           2  main.o(.data)
    time                                     0x20000036   Data           2  main.o(.data)
    time2                                    0x20000038   Data           2  main.o(.data)
    .data                                    0x2000003c   Section       17  adc.o(.data)
    t                                        0x2000004c   Data           1  adc.o(.data)
    .data                                    0x2000004e   Section        2  timer.o(.data)
    .data                                    0x20000050   Section       16  w5500.o(.data)
    .data                                    0x20000060   Section       30  w5500_conf.o(.data)
    .data                                    0x2000007e   Section        4  utility.o(.data)
    fac_us                                   0x2000007e   Data           1  utility.o(.data)
    fac_ms                                   0x20000080   Data           2  utility.o(.data)
    .data                                    0x20000082   Section        8  calibration.o(.data)
    .data                                    0x2000008c   Section        4  strtok.o(.data)
    state                                    0x2000008c   Data           4  strtok.o(.data)
    .bss                                     0x20000090   Section      106  main.o(.bss)
    num                                      0x200000f0   Data          10  main.o(.bss)
    .bss                                     0x200000fa   Section      128  usart.o(.bss)
    .bss                                     0x2000017a   Section      102  adc.o(.bss)
    max                                      0x200001aa   Data          18  adc.o(.bss)
    min                                      0x200001bc   Data          18  adc.o(.bss)
    sum                                      0x200001ce   Data          18  adc.o(.bss)
    .bss                                     0x200001e0   Section      128  rs485.o(.bss)
    .bss                                     0x20000260   Section       32  w5500.o(.bss)
    .bss                                     0x20000280   Section       26  w5500_conf.o(.bss)
    .bss                                     0x2000029a   Section       48  utility.o(.bss)
    addr_str                                 0x2000029a   Data          32  utility.o(.bss)
    addr_str                                 0x200002ba   Data          16  utility.o(.bss)
    STACK                                    0x200002d0   Section     1024  startup_stm32f10x_hd.o(STACK)

    Global Symbols

    Symbol Name                              Value     Ov Type        Size  Object(Section)

    BuildAttributes$$THM_ISAv4$P$D$K$B$S$PE$A:L22UL41UL21$X:L11$S22US41US21$IEEE1$IW$USESV6$~STKCKD$USESV7$~SHL$OTIME$ROPI$EBA8$MICROLIB$REQ8$PRES8$EABIv2 0x00000000   Number         0  anon$$obj.o ABSOLUTE
    __ARM_use_no_argv                        0x00000000   Number         0  main.o ABSOLUTE
    __cpp_initialize__aeabi_                  - Undefined Weak Reference
    __cxa_finalize                            - Undefined Weak Reference
    __decompress                              - Undefined Weak Reference
    _clock_init                               - Undefined Weak Reference
    _microlib_exit                            - Undefined Weak Reference
    __Vectors_Size                           0x00000130   Number         0  startup_stm32f10x_hd.o ABSOLUTE
    __Vectors                                0x08000000   Data           4  startup_stm32f10x_hd.o(RESET)
    __Vectors_End                            0x08000130   Data           0  startup_stm32f10x_hd.o(RESET)
    __main                                   0x08000131   Thumb Code     0  entry.o(.ARM.Collect$$$$00000000)
    _main_stk                                0x08000131   Thumb Code     0  entry2.o(.ARM.Collect$$$$00000001)
    _main_scatterload                        0x08000135   Thumb Code     0  entry5.o(.ARM.Collect$$$$00000004)
    __main_after_scatterload                 0x08000139   Thumb Code     0  entry5.o(.ARM.Collect$$$$00000004)
    _main_clock                              0x08000139   Thumb Code     0  entry7b.o(.ARM.Collect$$$$00000008)
    _main_cpp_init                           0x08000139   Thumb Code     0  entry8b.o(.ARM.Collect$$$$0000000A)
    _main_init                               0x08000139   Thumb Code     0  entry9a.o(.ARM.Collect$$$$0000000B)
    __rt_final_cpp                           0x08000141   Thumb Code     0  entry10a.o(.ARM.Collect$$$$0000000D)
    __rt_final_exit                          0x08000141   Thumb Code     0  entry11a.o(.ARM.Collect$$$$0000000F)
    Reset_Handler                            0x08000145   Thumb Code     8  startup_stm32f10x_hd.o(.text)
    ADC1_2_IRQHandler                        0x0800015f   Thumb Code     0  startup_stm32f10x_hd.o(.text)
    ADC3_IRQHandler                          0x0800015f   Thumb Code     0  startup_stm32f10x_hd.o(.text)
    CAN1_RX1_IRQHandler                      0x0800015f   Thumb Code     0  startup_stm32f10x_hd.o(.text)
    CAN1_SCE_IRQHandler                      0x0800015f   Thumb Code     0  startup_stm32f10x_hd.o(.text)
    DMA1_Channel2_IRQHandler                 0x0800015f   Thumb Code     0  startup_stm32f10x_hd.o(.text)
    DMA1_Channel3_IRQHandler                 0x0800015f   Thumb Code     0  startup_stm32f10x_hd.o(.text)
    DMA1_Channel4_IRQHandler                 0x0800015f   Thumb Code     0  startup_stm32f10x_hd.o(.text)
    DMA1_Channel5_IRQHandler                 0x0800015f   Thumb Code     0  startup_stm32f10x_hd.o(.text)
    DMA1_Channel6_IRQHandler                 0x0800015f   Thumb Code     0  startup_stm32f10x_hd.o(.text)
    DMA1_Channel7_IRQHandler                 0x0800015f   Thumb Code     0  startup_stm32f10x_hd.o(.text)
    DMA2_Channel1_IRQHandler                 0x0800015f   Thumb Code     0  startup_stm32f10x_hd.o(.text)
    DMA2_Channel2_IRQHandler                 0x0800015f   Thumb Code     0  startup_stm32f10x_hd.o(.text)
    DMA2_Channel3_IRQHandler                 0x0800015f   Thumb Code     0  startup_stm32f10x_hd.o(.text)
    DMA2_Channel4_5_IRQHandler               0x0800015f   Thumb Code     0  startup_stm32f10x_hd.o(.text)
    EXTI0_IRQHandler                         0x0800015f   Thumb Code     0  startup_stm32f10x_hd.o(.text)
    EXTI15_10_IRQHandler                     0x0800015f   Thumb Code     0  startup_stm32f10x_hd.o(.text)
    EXTI1_IRQHandler                         0x0800015f   Thumb Code     0  startup_stm32f10x_hd.o(.text)
    EXTI2_IRQHandler                         0x0800015f   Thumb Code     0  startup_stm32f10x_hd.o(.text)
    EXTI3_IRQHandler                         0x0800015f   Thumb Code     0  startup_stm32f10x_hd.o(.text)
    EXTI4_IRQHandler                         0x0800015f   Thumb Code     0  startup_stm32f10x_hd.o(.text)
    EXTI9_5_IRQHandler                       0x0800015f   Thumb Code     0  startup_stm32f10x_hd.o(.text)
    FLASH_IRQHandler                         0x0800015f   Thumb Code     0  startup_stm32f10x_hd.o(.text)
    FSMC_IRQHandler                          0x0800015f   Thumb Code     0  startup_stm32f10x_hd.o(.text)
    I2C1_ER_IRQHandler                       0x0800015f   Thumb Code     0  startup_stm32f10x_hd.o(.text)
    I2C1_EV_IRQHandler                       0x0800015f   Thumb Code     0  startup_stm32f10x_hd.o(.text)
    I2C2_ER_IRQHandler                       0x0800015f   Thumb Code     0  startup_stm32f10x_hd.o(.text)
    I2C2_EV_IRQHandler                       0x0800015f   Thumb Code     0  startup_stm32f10x_hd.o(.text)
    PVD_IRQHandler                           0x0800015f   Thumb Code     0  startup_stm32f10x_hd.o(.text)
    RCC_IRQHandler                           0x0800015f   Thumb Code     0  startup_stm32f10x_hd.o(.text)
    RTCAlarm_IRQHandler                      0x0800015f   Thumb Code     0  startup_stm32f10x_hd.o(.text)
    RTC_IRQHandler                           0x0800015f   Thumb Code     0  startup_stm32f10x_hd.o(.text)
    SDIO_IRQHandler                          0x0800015f   Thumb Code     0  startup_stm32f10x_hd.o(.text)
    SPI1_IRQHandler                          0x0800015f   Thumb Code     0  startup_stm32f10x_hd.o(.text)
    SPI2_IRQHandler                          0x0800015f   Thumb Code     0  startup_stm32f10x_hd.o(.text)
    SPI3_IRQHandler                          0x0800015f   Thumb Code     0  startup_stm32f10x_hd.o(.text)
    TAMPER_IRQHandler                        0x0800015f   Thumb Code     0  startup_stm32f10x_hd.o(.text)
    TIM1_BRK_IRQHandler                      0x0800015f   Thumb Code     0  startup_stm32f10x_hd.o(.text)
    TIM1_CC_IRQHandler                       0x0800015f   Thumb Code     0  startup_stm32f10x_hd.o(.text)
    TIM1_TRG_COM_IRQHandler                  0x0800015f   Thumb Code     0  startup_stm32f10x_hd.o(.text)
    TIM1_UP_IRQHandler                       0x0800015f   Thumb Code     0  startup_stm32f10x_hd.o(.text)
    TIM3_IRQHandler                          0x0800015f   Thumb Code     0  startup_stm32f10x_hd.o(.text)
    TIM5_IRQHandler                          0x0800015f   Thumb Code     0  startup_stm32f10x_hd.o(.text)
    TIM6_IRQHandler                          0x0800015f   Thumb Code     0  startup_stm32f10x_hd.o(.text)
    TIM7_IRQHandler                          0x0800015f   Thumb Code     0  startup_stm32f10x_hd.o(.text)
    TIM8_BRK_IRQHandler                      0x0800015f   Thumb Code     0  startup_stm32f10x_hd.o(.text)
    TIM8_CC_IRQHandler                       0x0800015f   Thumb Code     0  startup_stm32f10x_hd.o(.text)
    TIM8_TRG_COM_IRQHandler                  0x0800015f   Thumb Code     0  startup_stm32f10x_hd.o(.text)
    TIM8_UP_IRQHandler                       0x0800015f   Thumb Code     0  startup_stm32f10x_hd.o(.text)
    UART4_IRQHandler                         0x0800015f   Thumb Code     0  startup_stm32f10x_hd.o(.text)
    UART5_IRQHandler                         0x0800015f   Thumb Code     0  startup_stm32f10x_hd.o(.text)
    USART3_IRQHandler                        0x0800015f   Thumb Code     0  startup_stm32f10x_hd.o(.text)
    USBWakeUp_IRQHandler                     0x0800015f   Thumb Code     0  startup_stm32f10x_hd.o(.text)
    USB_HP_CAN1_TX_IRQHandler                0x0800015f   Thumb Code     0  startup_stm32f10x_hd.o(.text)
    USB_LP_CAN1_RX0_IRQHandler               0x0800015f   Thumb Code     0  startup_stm32f10x_hd.o(.text)
    WWDG_IRQHandler                          0x0800015f   Thumb Code     0  startup_stm32f10x_hd.o(.text)
    SystemInit                               0x08000247   Thumb Code    78  system_stm32f10x.o(.text)
    SystemCoreClockUpdate                    0x08000295   Thumb Code   142  system_stm32f10x.o(.text)
    NVIC_PriorityGroupConfig                 0x08000349   Thumb Code    10  misc.o(.text)
    NVIC_SeytemReset                         0x08000353   Thumb Code    18  misc.o(.text)
    NVIC_Init                                0x08000365   Thumb Code   100  misc.o(.text)
    NVIC_SetVectorTable                      0x080003c9   Thumb Code    14  misc.o(.text)
    NVIC_SystemLPConfig                      0x080003d7   Thumb Code    34  misc.o(.text)
    SysTick_CLKSourceConfig                  0x080003f9   Thumb Code    40  misc.o(.text)
    GPIO_DeInit                              0x08000435   Thumb Code   172  stm32f10x_gpio.o(.text)
    GPIO_AFIODeInit                          0x080004e1   Thumb Code    20  stm32f10x_gpio.o(.text)
    GPIO_Init                                0x080004f5   Thumb Code   278  stm32f10x_gpio.o(.text)
    GPIO_StructInit                          0x0800060b   Thumb Code    16  stm32f10x_gpio.o(.text)
    GPIO_ReadInputDataBit                    0x0800061b   Thumb Code    18  stm32f10x_gpio.o(.text)
    GPIO_ReadInputData                       0x0800062d   Thumb Code     8  stm32f10x_gpio.o(.text)
    GPIO_ReadOutputDataBit                   0x08000635   Thumb Code    18  stm32f10x_gpio.o(.text)
    GPIO_ReadOutputData                      0x08000647   Thumb Code     8  stm32f10x_gpio.o(.text)
    GPIO_SetBits                             0x0800064f   Thumb Code     4  stm32f10x_gpio.o(.text)
    GPIO_ResetBits                           0x08000653   Thumb Code     4  stm32f10x_gpio.o(.text)
    GPIO_WriteBit                            0x08000657   Thumb Code    10  stm32f10x_gpio.o(.text)
    GPIO_Write                               0x08000661   Thumb Code     4  stm32f10x_gpio.o(.text)
    GPIO_PinLockConfig                       0x08000665   Thumb Code    18  stm32f10x_gpio.o(.text)
    GPIO_EventOutputConfig                   0x08000677   Thumb Code    26  stm32f10x_gpio.o(.text)
    GPIO_EventOutputCmd                      0x08000691   Thumb Code     6  stm32f10x_gpio.o(.text)
    GPIO_PinRemapConfig                      0x08000697   Thumb Code   138  stm32f10x_gpio.o(.text)
    GPIO_EXTILineConfig                      0x08000721   Thumb Code    66  stm32f10x_gpio.o(.text)
    GPIO_ETH_MediaInterfaceConfig            0x08000763   Thumb Code     8  stm32f10x_gpio.o(.text)
    RCC_DeInit                               0x08000791   Thumb Code    64  stm32f10x_rcc.o(.text)
    RCC_HSEConfig                            0x080007d1   Thumb Code    70  stm32f10x_rcc.o(.text)
    RCC_GetFlagStatus                        0x08000817   Thumb Code    56  stm32f10x_rcc.o(.text)
    RCC_WaitForHSEStartUp                    0x0800084f   Thumb Code    56  stm32f10x_rcc.o(.text)
    RCC_AdjustHSICalibrationValue            0x08000887   Thumb Code    20  stm32f10x_rcc.o(.text)
    RCC_HSICmd                               0x0800089b   Thumb Code     6  stm32f10x_rcc.o(.text)
    RCC_PLLConfig                            0x080008a1   Thumb Code    24  stm32f10x_rcc.o(.text)
    RCC_PLLCmd                               0x080008b9   Thumb Code     6  stm32f10x_rcc.o(.text)
    RCC_SYSCLKConfig                         0x080008bf   Thumb Code    18  stm32f10x_rcc.o(.text)
    RCC_GetSYSCLKSource                      0x080008d1   Thumb Code    10  stm32f10x_rcc.o(.text)
    RCC_HCLKConfig                           0x080008db   Thumb Code    18  stm32f10x_rcc.o(.text)
    RCC_PCLK1Config                          0x080008ed   Thumb Code    18  stm32f10x_rcc.o(.text)
    RCC_PCLK2Config                          0x080008ff   Thumb Code    20  stm32f10x_rcc.o(.text)
    RCC_ITConfig                             0x08000913   Thumb Code    26  stm32f10x_rcc.o(.text)
    RCC_USBCLKConfig                         0x0800092d   Thumb Code     8  stm32f10x_rcc.o(.text)
    RCC_ADCCLKConfig                         0x08000935   Thumb Code    18  stm32f10x_rcc.o(.text)
    RCC_LSEConfig                            0x08000947   Thumb Code    50  stm32f10x_rcc.o(.text)
    RCC_LSICmd                               0x08000979   Thumb Code     6  stm32f10x_rcc.o(.text)
    RCC_RTCCLKConfig                         0x0800097f   Thumb Code    12  stm32f10x_rcc.o(.text)
    RCC_RTCCLKCmd                            0x0800098b   Thumb Code     8  stm32f10x_rcc.o(.text)
    RCC_GetClocksFreq                        0x08000993   Thumb Code   192  stm32f10x_rcc.o(.text)
    RCC_AHBPeriphClockCmd                    0x08000a53   Thumb Code    26  stm32f10x_rcc.o(.text)
    RCC_APB2PeriphClockCmd                   0x08000a6d   Thumb Code    26  stm32f10x_rcc.o(.text)
    RCC_APB1PeriphClockCmd                   0x08000a87   Thumb Code    26  stm32f10x_rcc.o(.text)
    RCC_APB2PeriphResetCmd                   0x08000aa1   Thumb Code    26  stm32f10x_rcc.o(.text)
    RCC_APB1PeriphResetCmd                   0x08000abb   Thumb Code    26  stm32f10x_rcc.o(.text)
    RCC_BackupResetCmd                       0x08000ad5   Thumb Code     8  stm32f10x_rcc.o(.text)
    RCC_ClockSecuritySystemCmd               0x08000add   Thumb Code     6  stm32f10x_rcc.o(.text)
    RCC_MCOConfig                            0x08000ae3   Thumb Code     6  stm32f10x_rcc.o(.text)
    RCC_ClearFlag                            0x08000ae9   Thumb Code    14  stm32f10x_rcc.o(.text)
    RCC_GetITStatus                          0x08000af7   Thumb Code    20  stm32f10x_rcc.o(.text)
    RCC_ClearITPendingBit                    0x08000b0b   Thumb Code     6  stm32f10x_rcc.o(.text)
    SPI_I2S_DeInit                           0x08000b35   Thumb Code    76  stm32f10x_spi.o(.text)
    SPI_Init                                 0x08000b81   Thumb Code    60  stm32f10x_spi.o(.text)
    I2S_Init                                 0x08000bbd   Thumb Code   226  stm32f10x_spi.o(.text)
    SPI_StructInit                           0x08000c9f   Thumb Code    24  stm32f10x_spi.o(.text)
    I2S_StructInit                           0x08000cb7   Thumb Code    20  stm32f10x_spi.o(.text)
    SPI_Cmd                                  0x08000ccb   Thumb Code    24  stm32f10x_spi.o(.text)
    I2S_Cmd                                  0x08000ce3   Thumb Code    24  stm32f10x_spi.o(.text)
    SPI_I2S_ITConfig                         0x08000cfb   Thumb Code    32  stm32f10x_spi.o(.text)
    SPI_I2S_DMACmd                           0x08000d1b   Thumb Code    18  stm32f10x_spi.o(.text)
    SPI_I2S_SendData                         0x08000d2d   Thumb Code     4  stm32f10x_spi.o(.text)
    SPI_I2S_ReceiveData                      0x08000d31   Thumb Code     6  stm32f10x_spi.o(.text)
    SPI_NSSInternalSoftwareConfig            0x08000d37   Thumb Code    30  stm32f10x_spi.o(.text)
    SPI_SSOutputCmd                          0x08000d55   Thumb Code    24  stm32f10x_spi.o(.text)
    SPI_DataSizeConfig                       0x08000d6d   Thumb Code    18  stm32f10x_spi.o(.text)
    SPI_TransmitCRC                          0x08000d7f   Thumb Code    10  stm32f10x_spi.o(.text)
    SPI_CalculateCRC                         0x08000d89   Thumb Code    24  stm32f10x_spi.o(.text)
    SPI_GetCRC                               0x08000da1   Thumb Code    16  stm32f10x_spi.o(.text)
    SPI_GetCRCPolynomial                     0x08000db1   Thumb Code     6  stm32f10x_spi.o(.text)
    SPI_BiDirectionalLineConfig              0x08000db7   Thumb Code    28  stm32f10x_spi.o(.text)
    SPI_I2S_GetFlagStatus                    0x08000dd3   Thumb Code    18  stm32f10x_spi.o(.text)
    SPI_I2S_ClearFlag                        0x08000de5   Thumb Code     6  stm32f10x_spi.o(.text)
    SPI_I2S_GetITStatus                      0x08000deb   Thumb Code    52  stm32f10x_spi.o(.text)
    SPI_I2S_ClearITPendingBit                0x08000e1f   Thumb Code    20  stm32f10x_spi.o(.text)
    TIM_DeInit                               0x08000e41   Thumb Code   424  stm32f10x_tim.o(.text)
    TIM_TimeBaseInit                         0x08000fe9   Thumb Code   122  stm32f10x_tim.o(.text)
    TIM_OC1Init                              0x08001063   Thumb Code   132  stm32f10x_tim.o(.text)
    TIM_OC2Init                              0x080010e7   Thumb Code   154  stm32f10x_tim.o(.text)
    TIM_OC3Init                              0x08001181   Thumb Code   150  stm32f10x_tim.o(.text)
    TIM_OC4Init                              0x08001217   Thumb Code   182  stm32f10x_tim.o(.text)
    TIM_SetIC4Prescaler                      0x080012cd   Thumb Code    26  stm32f10x_tim.o(.text)
    TIM_SetIC3Prescaler                      0x08001369   Thumb Code    18  stm32f10x_tim.o(.text)
    TIM_SetIC2Prescaler                      0x080013f5   Thumb Code    26  stm32f10x_tim.o(.text)
    TIM_SetIC1Prescaler                      0x08001491   Thumb Code    18  stm32f10x_tim.o(.text)
    TIM_ICInit                               0x0800150f   Thumb Code   150  stm32f10x_tim.o(.text)
    TIM_PWMIConfig                           0x080015a5   Thumb Code   124  stm32f10x_tim.o(.text)
    TIM_BDTRConfig                           0x08001621   Thumb Code    32  stm32f10x_tim.o(.text)
    TIM_TimeBaseStructInit                   0x08001641   Thumb Code    18  stm32f10x_tim.o(.text)
    TIM_OCStructInit                         0x08001653   Thumb Code    20  stm32f10x_tim.o(.text)
    TIM_ICStructInit                         0x08001667   Thumb Code    18  stm32f10x_tim.o(.text)
    TIM_BDTRStructInit                       0x08001679   Thumb Code    40  stm32f10x_tim.o(.text)
    TIM_Cmd                                  0x080016a1   Thumb Code    24  stm32f10x_tim.o(.text)
    TIM_CtrlPWMOutputs                       0x080016b9   Thumb Code    30  stm32f10x_tim.o(.text)
    TIM_ITConfig                             0x080016d7   Thumb Code    18  stm32f10x_tim.o(.text)
    TIM_GenerateEvent                        0x080016e9   Thumb Code     4  stm32f10x_tim.o(.text)
    TIM_DMAConfig                            0x080016ed   Thumb Code    10  stm32f10x_tim.o(.text)
    TIM_DMACmd                               0x080016f7   Thumb Code    18  stm32f10x_tim.o(.text)
    TIM_InternalClockConfig                  0x08001709   Thumb Code    12  stm32f10x_tim.o(.text)
    TIM_SelectInputTrigger                   0x08001715   Thumb Code    18  stm32f10x_tim.o(.text)
    TIM_ITRxExternalClockConfig              0x08001727   Thumb Code    24  stm32f10x_tim.o(.text)
    TIM_TIxExternalClockConfig               0x0800173f   Thumb Code    62  stm32f10x_tim.o(.text)
    TIM_ETRConfig                            0x0800177d   Thumb Code    28  stm32f10x_tim.o(.text)
    TIM_ETRClockMode1Config                  0x08001799   Thumb Code    54  stm32f10x_tim.o(.text)
    TIM_ETRClockMode2Config                  0x080017cf   Thumb Code    32  stm32f10x_tim.o(.text)
    TIM_PrescalerConfig                      0x080017ef   Thumb Code     6  stm32f10x_tim.o(.text)
    TIM_CounterModeConfig                    0x080017f5   Thumb Code    18  stm32f10x_tim.o(.text)
    TIM_EncoderInterfaceConfig               0x08001807   Thumb Code    66  stm32f10x_tim.o(.text)
    TIM_ForcedOC1Config                      0x08001849   Thumb Code    18  stm32f10x_tim.o(.text)
    TIM_ForcedOC2Config                      0x0800185b   Thumb Code    26  stm32f10x_tim.o(.text)
    TIM_ForcedOC3Config                      0x08001875   Thumb Code    18  stm32f10x_tim.o(.text)
    TIM_ForcedOC4Config                      0x08001887   Thumb Code    26  stm32f10x_tim.o(.text)
    TIM_ARRPreloadConfig                     0x080018a1   Thumb Code    24  stm32f10x_tim.o(.text)
    TIM_SelectCOM                            0x080018b9   Thumb Code    24  stm32f10x_tim.o(.text)
    TIM_SelectCCDMA                          0x080018d1   Thumb Code    24  stm32f10x_tim.o(.text)
    TIM_CCPreloadControl                     0x080018e9   Thumb Code    24  stm32f10x_tim.o(.text)
    TIM_OC1PreloadConfig                     0x08001901   Thumb Code    18  stm32f10x_tim.o(.text)
    TIM_OC2PreloadConfig                     0x08001913   Thumb Code    26  stm32f10x_tim.o(.text)
    TIM_OC3PreloadConfig                     0x0800192d   Thumb Code    18  stm32f10x_tim.o(.text)
    TIM_OC4PreloadConfig                     0x0800193f   Thumb Code    26  stm32f10x_tim.o(.text)
    TIM_OC1FastConfig                        0x08001959   Thumb Code    18  stm32f10x_tim.o(.text)
    TIM_OC2FastConfig                        0x0800196b   Thumb Code    26  stm32f10x_tim.o(.text)
    TIM_OC3FastConfig                        0x08001985   Thumb Code    18  stm32f10x_tim.o(.text)
    TIM_OC4FastConfig                        0x08001997   Thumb Code    26  stm32f10x_tim.o(.text)
    TIM_ClearOC1Ref                          0x080019b1   Thumb Code    18  stm32f10x_tim.o(.text)
    TIM_ClearOC2Ref                          0x080019c3   Thumb Code    24  stm32f10x_tim.o(.text)
    TIM_ClearOC3Ref                          0x080019db   Thumb Code    18  stm32f10x_tim.o(.text)
    TIM_ClearOC4Ref                          0x080019ed   Thumb Code    24  stm32f10x_tim.o(.text)
    TIM_OC1PolarityConfig                    0x08001a05   Thumb Code    18  stm32f10x_tim.o(.text)
    TIM_OC1NPolarityConfig                   0x08001a17   Thumb Code    18  stm32f10x_tim.o(.text)
    TIM_OC2PolarityConfig                    0x08001a29   Thumb Code    26  stm32f10x_tim.o(.text)
    TIM_OC2NPolarityConfig                   0x08001a43   Thumb Code    26  stm32f10x_tim.o(.text)
    TIM_OC3PolarityConfig                    0x08001a5d   Thumb Code    26  stm32f10x_tim.o(.text)
    TIM_OC3NPolarityConfig                   0x08001a77   Thumb Code    26  stm32f10x_tim.o(.text)
    TIM_OC4PolarityConfig                    0x08001a91   Thumb Code    26  stm32f10x_tim.o(.text)
    TIM_CCxCmd                               0x08001aab   Thumb Code    30  stm32f10x_tim.o(.text)
    TIM_CCxNCmd                              0x08001ac9   Thumb Code    30  stm32f10x_tim.o(.text)
    TIM_SelectOCxM                           0x08001ae7   Thumb Code    82  stm32f10x_tim.o(.text)
    TIM_UpdateDisableConfig                  0x08001b39   Thumb Code    24  stm32f10x_tim.o(.text)
    TIM_UpdateRequestConfig                  0x08001b51   Thumb Code    24  stm32f10x_tim.o(.text)
    TIM_SelectHallSensor                     0x08001b69   Thumb Code    24  stm32f10x_tim.o(.text)
    TIM_SelectOnePulseMode                   0x08001b81   Thumb Code    18  stm32f10x_tim.o(.text)
    TIM_SelectOutputTrigger                  0x08001b93   Thumb Code    18  stm32f10x_tim.o(.text)
    TIM_SelectSlaveMode                      0x08001ba5   Thumb Code    18  stm32f10x_tim.o(.text)
    TIM_SelectMasterSlaveMode                0x08001bb7   Thumb Code    18  stm32f10x_tim.o(.text)
    TIM_SetCounter                           0x08001bc9   Thumb Code     4  stm32f10x_tim.o(.text)
    TIM_SetAutoreload                        0x08001bcd   Thumb Code     4  stm32f10x_tim.o(.text)
    TIM_SetCompare1                          0x08001bd1   Thumb Code     4  stm32f10x_tim.o(.text)
    TIM_SetCompare2                          0x08001bd5   Thumb Code     4  stm32f10x_tim.o(.text)
    TIM_SetCompare3                          0x08001bd9   Thumb Code     4  stm32f10x_tim.o(.text)
    TIM_SetCompare4                          0x08001bdd   Thumb Code     6  stm32f10x_tim.o(.text)
    TIM_SetClockDivision                     0x08001be3   Thumb Code    18  stm32f10x_tim.o(.text)
    TIM_GetCapture1                          0x08001bf5   Thumb Code     6  stm32f10x_tim.o(.text)
    TIM_GetCapture2                          0x08001bfb   Thumb Code     6  stm32f10x_tim.o(.text)
    TIM_GetCapture3                          0x08001c01   Thumb Code     6  stm32f10x_tim.o(.text)
    TIM_GetCapture4                          0x08001c07   Thumb Code     8  stm32f10x_tim.o(.text)
    TIM_GetCounter                           0x08001c0f   Thumb Code     6  stm32f10x_tim.o(.text)
    TIM_GetPrescaler                         0x08001c15   Thumb Code     6  stm32f10x_tim.o(.text)
    TIM_GetFlagStatus                        0x08001c1b   Thumb Code    18  stm32f10x_tim.o(.text)
    TIM_ClearFlag                            0x08001c2d   Thumb Code     6  stm32f10x_tim.o(.text)
    TIM_GetITStatus                          0x08001c33   Thumb Code    34  stm32f10x_tim.o(.text)
    TIM_ClearITPendingBit                    0x08001c55   Thumb Code     6  stm32f10x_tim.o(.text)
    USART_DeInit                             0x08001c5d   Thumb Code   134  stm32f10x_usart.o(.text)
    USART_Init                               0x08001ce3   Thumb Code   210  stm32f10x_usart.o(.text)
    USART_StructInit                         0x08001db5   Thumb Code    24  stm32f10x_usart.o(.text)
    USART_ClockInit                          0x08001dcd   Thumb Code    34  stm32f10x_usart.o(.text)
    USART_ClockStructInit                    0x08001def   Thumb Code    12  stm32f10x_usart.o(.text)
    USART_Cmd                                0x08001dfb   Thumb Code    24  stm32f10x_usart.o(.text)
    USART_ITConfig                           0x08001e13   Thumb Code    74  stm32f10x_usart.o(.text)
    USART_DMACmd                             0x08001e5d   Thumb Code    18  stm32f10x_usart.o(.text)
    USART_SetAddress                         0x08001e6f   Thumb Code    18  stm32f10x_usart.o(.text)
    USART_WakeUpConfig                       0x08001e81   Thumb Code    18  stm32f10x_usart.o(.text)
    USART_ReceiverWakeUpCmd                  0x08001e93   Thumb Code    24  stm32f10x_usart.o(.text)
    USART_LINBreakDetectLengthConfig         0x08001eab   Thumb Code    18  stm32f10x_usart.o(.text)
    USART_LINCmd                             0x08001ebd   Thumb Code    24  stm32f10x_usart.o(.text)
    USART_SendData                           0x08001ed5   Thumb Code     8  stm32f10x_usart.o(.text)
    USART_ReceiveData                        0x08001edd   Thumb Code    10  stm32f10x_usart.o(.text)
    USART_SendBreak                          0x08001ee7   Thumb Code    10  stm32f10x_usart.o(.text)
    USART_SetGuardTime                       0x08001ef1   Thumb Code    16  stm32f10x_usart.o(.text)
    USART_SetPrescaler                       0x08001f01   Thumb Code    16  stm32f10x_usart.o(.text)
    USART_SmartCardCmd                       0x08001f11   Thumb Code    24  stm32f10x_usart.o(.text)
    USART_SmartCardNACKCmd                   0x08001f29   Thumb Code    24  stm32f10x_usart.o(.text)
    USART_HalfDuplexCmd                      0x08001f41   Thumb Code    24  stm32f10x_usart.o(.text)
    USART_OverSampling8Cmd                   0x08001f59   Thumb Code    22  stm32f10x_usart.o(.text)
    USART_OneBitMethodCmd                    0x08001f6f   Thumb Code    24  stm32f10x_usart.o(.text)
    USART_IrDAConfig                         0x08001f87   Thumb Code    18  stm32f10x_usart.o(.text)
    USART_IrDACmd                            0x08001f99   Thumb Code    24  stm32f10x_usart.o(.text)
    USART_GetFlagStatus                      0x08001fb1   Thumb Code    26  stm32f10x_usart.o(.text)
    USART_ClearFlag                          0x08001fcb   Thumb Code    18  stm32f10x_usart.o(.text)
    USART_GetITStatus                        0x08001fdd   Thumb Code    84  stm32f10x_usart.o(.text)
    USART_ClearITPendingBit                  0x08002031   Thumb Code    52  stm32f10x_usart.o(.text)
    DMA_DeInit                               0x08002065   Thumb Code   324  stm32f10x_dma.o(.text)
    DMA_Init                                 0x080021a9   Thumb Code    60  stm32f10x_dma.o(.text)
    DMA_StructInit                           0x080021e5   Thumb Code    26  stm32f10x_dma.o(.text)
    DMA_Cmd                                  0x080021ff   Thumb Code    24  stm32f10x_dma.o(.text)
    DMA_ITConfig                             0x08002217   Thumb Code    18  stm32f10x_dma.o(.text)
    DMA_SetCurrDataCounter                   0x08002229   Thumb Code     4  stm32f10x_dma.o(.text)
    DMA_GetCurrDataCounter                   0x0800222d   Thumb Code     8  stm32f10x_dma.o(.text)
    DMA_GetFlagStatus                        0x08002235   Thumb Code    40  stm32f10x_dma.o(.text)
    DMA_ClearFlag                            0x0800225d   Thumb Code    22  stm32f10x_dma.o(.text)
    DMA_GetITStatus                          0x08002273   Thumb Code    40  stm32f10x_dma.o(.text)
    DMA_ClearITPendingBit                    0x0800229b   Thumb Code    22  stm32f10x_dma.o(.text)
    ADC_DeInit                               0x080022b9   Thumb Code    78  stm32f10x_adc.o(.text)
    ADC_Init                                 0x08002307   Thumb Code    70  stm32f10x_adc.o(.text)
    ADC_StructInit                           0x0800234d   Thumb Code    18  stm32f10x_adc.o(.text)
    ADC_Cmd                                  0x0800235f   Thumb Code    22  stm32f10x_adc.o(.text)
    ADC_DMACmd                               0x08002375   Thumb Code    22  stm32f10x_adc.o(.text)
    ADC_ITConfig                             0x0800238b   Thumb Code    24  stm32f10x_adc.o(.text)
    ADC_ResetCalibration                     0x080023a3   Thumb Code    10  stm32f10x_adc.o(.text)
    ADC_GetResetCalibrationStatus            0x080023ad   Thumb Code    20  stm32f10x_adc.o(.text)
    ADC_StartCalibration                     0x080023c1   Thumb Code    10  stm32f10x_adc.o(.text)
    ADC_GetCalibrationStatus                 0x080023cb   Thumb Code    20  stm32f10x_adc.o(.text)
    ADC_SoftwareStartConvCmd                 0x080023df   Thumb Code    22  stm32f10x_adc.o(.text)
    ADC_GetSoftwareStartConvStatus           0x080023f5   Thumb Code    20  stm32f10x_adc.o(.text)
    ADC_DiscModeChannelCountConfig           0x08002409   Thumb Code    24  stm32f10x_adc.o(.text)
    ADC_DiscModeCmd                          0x08002421   Thumb Code    22  stm32f10x_adc.o(.text)
    ADC_RegularChannelConfig                 0x08002437   Thumb Code   184  stm32f10x_adc.o(.text)
    ADC_ExternalTrigConvCmd                  0x080024ef   Thumb Code    22  stm32f10x_adc.o(.text)
    ADC_GetConversionValue                   0x08002505   Thumb Code     8  stm32f10x_adc.o(.text)
    ADC_GetDualModeConversionValue           0x0800250d   Thumb Code     8  stm32f10x_adc.o(.text)
    ADC_AutoInjectedConvCmd                  0x08002515   Thumb Code    22  stm32f10x_adc.o(.text)
    ADC_InjectedDiscModeCmd                  0x0800252b   Thumb Code    22  stm32f10x_adc.o(.text)
    ADC_ExternalTrigInjectedConvConfig       0x08002541   Thumb Code    16  stm32f10x_adc.o(.text)
    ADC_ExternalTrigInjectedConvCmd          0x08002551   Thumb Code    22  stm32f10x_adc.o(.text)
    ADC_SoftwareStartInjectedConvCmd         0x08002567   Thumb Code    22  stm32f10x_adc.o(.text)
    ADC_GetSoftwareStartInjectedConvCmdStatus 0x0800257d   Thumb Code    20  stm32f10x_adc.o(.text)
    ADC_InjectedChannelConfig                0x08002591   Thumb Code   130  stm32f10x_adc.o(.text)
    ADC_InjectedSequencerLengthConfig        0x08002613   Thumb Code    24  stm32f10x_adc.o(.text)
    ADC_SetInjectedOffset                    0x0800262b   Thumb Code    20  stm32f10x_adc.o(.text)
    ADC_GetInjectedConversionValue           0x0800263f   Thumb Code    28  stm32f10x_adc.o(.text)
    ADC_AnalogWatchdogCmd                    0x0800265b   Thumb Code    16  stm32f10x_adc.o(.text)
    ADC_AnalogWatchdogThresholdsConfig       0x0800266b   Thumb Code     6  stm32f10x_adc.o(.text)
    ADC_AnalogWatchdogSingleChannelConfig    0x08002671   Thumb Code    16  stm32f10x_adc.o(.text)
    ADC_TempSensorVrefintCmd                 0x08002681   Thumb Code    64  stm32f10x_adc.o(.text)
    ADC_GetFlagStatus                        0x080026c1   Thumb Code    18  stm32f10x_adc.o(.text)
    ADC_ClearFlag                            0x080026d3   Thumb Code     6  stm32f10x_adc.o(.text)
    ADC_GetITStatus                          0x080026d9   Thumb Code    36  stm32f10x_adc.o(.text)
    ADC_ClearITPendingBit                    0x080026fd   Thumb Code    10  stm32f10x_adc.o(.text)
    error_serve                              0x08002709   Thumb Code   356  main.o(.text)
    set_data                                 0x0800286d   Thumb Code   166  main.o(.text)
    do_udp                                   0x08002913   Thumb Code   404  main.o(.text)
    main                                     0x08002aa7   Thumb Code   234  main.o(.text)
    NMI_Handler                              0x08002b91   Thumb Code     2  stm32f10x_it.o(.text)
    HardFault_Handler                        0x08002b93   Thumb Code     4  stm32f10x_it.o(.text)
    MemManage_Handler                        0x08002b97   Thumb Code     4  stm32f10x_it.o(.text)
    BusFault_Handler                         0x08002b9b   Thumb Code     4  stm32f10x_it.o(.text)
    UsageFault_Handler                       0x08002b9f   Thumb Code     4  stm32f10x_it.o(.text)
    SVC_Handler                              0x08002ba3   Thumb Code     2  stm32f10x_it.o(.text)
    DebugMon_Handler                         0x08002ba5   Thumb Code     2  stm32f10x_it.o(.text)
    PendSV_Handler                           0x08002ba7   Thumb Code     2  stm32f10x_it.o(.text)
    SysTick_Handler                          0x08002ba9   Thumb Code     2  stm32f10x_it.o(.text)
    USART_Configuration                      0x08002bad   Thumb Code   260  usart.o(.text)
    DMA_Configuration                        0x08002cb1   Thumb Code    92  usart.o(.text)
    NVIC_Configuration                       0x08002d0d   Thumb Code   156  usart.o(.text)
    USART2_IRQHandler                        0x08002da9   Thumb Code   110  usart.o(.text)
    ADC1_GPIO_Config                         0x08002e2d   Thumb Code    82  adc.o(.text)
    ADC1_Mode_Config                         0x08002e7f   Thumb Code   322  adc.o(.text)
    ADC1_Init                                0x08002fc1   Thumb Code    12  adc.o(.text)
    DMA1_Channel1_IRQHandler                 0x08002fcd   Thumb Code    24  adc.o(.text)
    adc_date_dispose                         0x08002fe5   Thumb Code   834  adc.o(.text)
    curent_calculate                         0x08003327   Thumb Code     2  adc.o(.text)
    RS485_Init                               0x0800333d   Thumb Code   260  rs485.o(.text)
    calibration                              0x08003441   Thumb Code    90  rs485.o(.text)
    USART1_IRQHandler                        0x0800349b   Thumb Code   114  rs485.o(.text)
    TIM2_Configuration                       0x08003529   Thumb Code    80  timer.o(.text)
    TIM4_Configuration                       0x08003579   Thumb Code    76  timer.o(.text)
    TIM2_IRQHandler                          0x080035c5   Thumb Code    58  timer.o(.text)
    TIM4_IRQHandler                          0x080035ff   Thumb Code    22  timer.o(.text)
    staet_timer                              0x08003615   Thumb Code    36  timer.o(.text)
    setMR                                    0x08003645   Thumb Code    14  w5500.o(.text)
    iinchip_init                             0x08003653   Thumb Code    10  w5500.o(.text)
    getIINCHIP_RxMAX                         0x0800365d   Thumb Code    10  w5500.o(.text)
    getIINCHIP_TxMAX                         0x08003667   Thumb Code    10  w5500.o(.text)
    setGAR                                   0x08003671   Thumb Code    16  w5500.o(.text)
    getGAR                                   0x08003681   Thumb Code    16  w5500.o(.text)
    setSUBR                                  0x08003691   Thumb Code    18  w5500.o(.text)
    setSHAR                                  0x080036a3   Thumb Code    18  w5500.o(.text)
    setSIPR                                  0x080036b5   Thumb Code    18  w5500.o(.text)
    getSUBR                                  0x080036c7   Thumb Code    18  w5500.o(.text)
    getSHAR                                  0x080036d9   Thumb Code    18  w5500.o(.text)
    getSIPR                                  0x080036eb   Thumb Code    18  w5500.o(.text)
    getIR                                    0x080036fd   Thumb Code    12  w5500.o(.text)
    setRTR                                   0x08003709   Thumb Code    26  w5500.o(.text)
    setRCR                                   0x08003723   Thumb Code    16  w5500.o(.text)
    clearIR                                  0x08003733   Thumb Code    26  w5500.o(.text)
    setSn_MSS                                0x0800374d   Thumb Code    36  w5500.o(.text)
    setSn_TTL                                0x08003771   Thumb Code    22  w5500.o(.text)
    getSn_IR                                 0x08003787   Thumb Code    18  w5500.o(.text)
    setSn_IR                                 0x08003799   Thumb Code    22  w5500.o(.text)
    getSn_SR                                 0x080037af   Thumb Code    18  w5500.o(.text)
    getSn_TX_FSR                             0x080037c1   Thumb Code    84  w5500.o(.text)
    getSn_RX_RSR                             0x08003815   Thumb Code    84  w5500.o(.text)
    send_data_processing                     0x08003869   Thumb Code   108  w5500.o(.text)
    recv_data_processing                     0x080038d5   Thumb Code   108  w5500.o(.text)
    socket_buf_init                          0x08003941   Thumb Code   128  w5500.o(.text)
    set_w5500_ip                             0x080039c9   Thumb Code    88  w5500_conf.o(.text)
    set_w5500_mac                            0x08003a21   Thumb Code    20  w5500_conf.o(.text)
    spi_w5500_config                         0x08003a35   Thumb Code   184  w5500_conf.o(.text)
    SPI_FLASH_SendByte                       0x08003aed   Thumb Code    50  w5500_conf.o(.text)
    reset_w5500                              0x08003b1f   Thumb Code    34  w5500_conf.o(.text)
    IINCHIP_SpiSendData                      0x08003b41   Thumb Code    12  w5500_conf.o(.text)
    IINCHIP_WRITE                            0x08003b4d   Thumb Code    62  w5500_conf.o(.text)
    IINCHIP_READ                             0x08003b8b   Thumb Code    62  w5500_conf.o(.text)
    wiz_write_buf                            0x08003bc9   Thumb Code    90  w5500_conf.o(.text)
    wiz_read_buf                             0x08003c23   Thumb Code    82  w5500_conf.o(.text)
    reboot                                   0x08003c75   Thumb Code    12  w5500_conf.o(.text)
    w5500_init                               0x08003c81   Thumb Code    20  w5500_conf.o(.text)
    close                                    0x08003cb9   Thumb Code    52  socket.o(.text)
    socket                                   0x08003ced   Thumb Code   192  socket.o(.text)
    listen                                   0x08003dad   Thumb Code    62  socket.o(.text)
    connect                                  0x08003deb   Thumb Code   248  socket.o(.text)
    disconnect                               0x08003ee3   Thumb Code    38  socket.o(.text)
    send                                     0x08003f09   Thumb Code   210  socket.o(.text)
    recv                                     0x08003fdb   Thumb Code    66  socket.o(.text)
    sendto                                   0x0800401d   Thumb Code   268  socket.o(.text)
    recvfrom                                 0x08004129   Thumb Code   492  socket.o(.text)
    systick_init                             0x08004315   Thumb Code    56  utility.o(.text)
    delay_ms                                 0x0800434d   Thumb Code    56  utility.o(.text)
    delay_s                                  0x08004385   Thumb Code    22  utility.o(.text)
    delay_us                                 0x0800439b   Thumb Code    56  utility.o(.text)
    c2d                                      0x080043d3   Thumb Code    54  utility.o(.text)
    atoi16                                   0x08004409   Thumb Code    32  utility.o(.text)
    atoi32                                   0x08004429   Thumb Code    32  utility.o(.text)
    itoa                                     0x08004449   Thumb Code    64  utility.o(.text)
    validatoi                                0x08004489   Thumb Code    72  utility.o(.text)
    replacetochar                            0x080044d1   Thumb Code    26  utility.o(.text)
    swaps                                    0x080044eb   Thumb Code    14  utility.o(.text)
    swapl                                    0x080044f9   Thumb Code    28  utility.o(.text)
    mid                                      0x08004515   Thumb Code    68  utility.o(.text)
    inet_addr_                               0x08004559   Thumb Code    90  utility.o(.text)
    inet_ntoa                                0x080045b3   Thumb Code    16  utility.o(.text)
    inet_ntoa_pad                            0x080045c3   Thumb Code    16  utility.o(.text)
    verify_ip_address                        0x080045d3   Thumb Code   116  utility.o(.text)
    htons                                    0x08004647   Thumb Code    12  utility.o(.text)
    htonl                                    0x08004653   Thumb Code    12  utility.o(.text)
    ntohs                                    0x0800465f   Thumb Code    12  utility.o(.text)
    ntohl                                    0x0800466b   Thumb Code    12  utility.o(.text)
    checksum                                 0x08004677   Thumb Code    76  utility.o(.text)
    check_dest_in_local                      0x080046c3   Thumb Code    62  utility.o(.text)
    IIC_Init                                 0x08004715   Thumb Code    46  24c02.o(.text)
    IIC_Start                                0x08004743   Thumb Code    64  24c02.o(.text)
    IIC_Stop                                 0x08004783   Thumb Code    66  24c02.o(.text)
    IIC_Wait_Ack                             0x080047c5   Thumb Code    86  24c02.o(.text)
    IIC_Ack                                  0x0800481b   Thumb Code    70  24c02.o(.text)
    IIC_NAck                                 0x08004861   Thumb Code    70  24c02.o(.text)
    IIC_Send_Byte                            0x080048a7   Thumb Code    92  24c02.o(.text)
    IIC_Read_Byte                            0x08004903   Thumb Code   100  24c02.o(.text)
    AT24CXX_Init                             0x08004967   Thumb Code     8  24c02.o(.text)
    AT24CXX_ReadOneByte                      0x0800496f   Thumb Code    88  24c02.o(.text)
    AT24CXX_WriteOneByte                     0x080049c7   Thumb Code    80  24c02.o(.text)
    AT24CXX_WriteLenByte                     0x08004a17   Thumb Code    42  24c02.o(.text)
    AT24CXX_ReadLenByte                      0x08004a41   Thumb Code    44  24c02.o(.text)
    AT24CXX_Check                            0x08004a6d   Thumb Code    46  24c02.o(.text)
    AT24CXX_Read                             0x08004a9b   Thumb Code    34  24c02.o(.text)
    AT24CXX_Write                            0x08004abd   Thumb Code    36  24c02.o(.text)
    AT24CXX_WriteTwoByte                     0x08004ae1   Thumb Code    24  24c02.o(.text)
    led_init                                 0x08004b05   Thumb Code    38  led.o(.text)
    PPT_SW_init                              0x08004b2b   Thumb Code    50  led.o(.text)
    PPT_SW                                   0x08004b5d   Thumb Code    30  led.o(.text)
    LED_ON                                   0x08004b7b   Thumb Code    86  led.o(.text)
    LED_OFF                                  0x08004bd1   Thumb Code    86  led.o(.text)
    LED_COML                                 0x08004c27   Thumb Code    32  led.o(.text)
    DS18B20_Read_Byte                        0x08004d61   Thumb Code    34  ds18b20.o(.text)
    DS18B20_Write_Byte                       0x08004d83   Thumb Code    88  ds18b20.o(.text)
    DS18B20_Start                            0x08004ddb   Thumb Code    24  ds18b20.o(.text)
    DS18B20_Init                             0x08004df3   Thumb Code    16  ds18b20.o(.text)
    DS18B20_Get_Temp                         0x08004e03   Thumb Code   134  ds18b20.o(.text)
    read_calibration                         0x08004e91   Thumb Code    88  calibration.o(.text)
    calibration_task                         0x08004ee9   Thumb Code   174  calibration.o(.text)
    __aeabi_memset                           0x08004fad   Thumb Code    14  memseta.o(.text)
    __aeabi_memset4                          0x08004fad   Thumb Code     0  memseta.o(.text)
    __aeabi_memset8                          0x08004fad   Thumb Code     0  memseta.o(.text)
    __aeabi_memclr                           0x08004fbb   Thumb Code     4  memseta.o(.text)
    __aeabi_memclr4                          0x08004fbb   Thumb Code     0  memseta.o(.text)
    __aeabi_memclr8                          0x08004fbb   Thumb Code     0  memseta.o(.text)
    _memset$wrapper                          0x08004fbf   Thumb Code    18  memseta.o(.text)
    strstr                                   0x08004fd1   Thumb Code    36  strstr.o(.text)
    strncpy                                  0x08004ff5   Thumb Code    24  strncpy.o(.text)
    strlen                                   0x0800500d   Thumb Code    14  strlen.o(.text)
    strcpy                                   0x0800501b   Thumb Code    18  strcpy.o(.text)
    strtok                                   0x0800502d   Thumb Code    62  strtok.o(.text)
    __aeabi_fadd                             0x08005071   Thumb Code   164  fadd.o(.text)
    __aeabi_fsub                             0x08005115   Thumb Code     6  fadd.o(.text)
    __aeabi_frsub                            0x0800511b   Thumb Code     6  fadd.o(.text)
    __aeabi_fmul                             0x08005121   Thumb Code   108  fmul.o(.text)
    __aeabi_fdiv                             0x0800518d   Thumb Code   128  fdiv.o(.text)
    __aeabi_dmul                             0x0800520d   Thumb Code   228  dmul.o(.text)
    __aeabi_ddiv                             0x080052f1   Thumb Code   222  ddiv.o(.text)
    __aeabi_i2f                              0x080053cf   Thumb Code    18  fflti.o(.text)
    __aeabi_ui2f                             0x080053e1   Thumb Code    10  ffltui.o(.text)
    __aeabi_i2d                              0x080053eb   Thumb Code    34  dflti.o(.text)
    __aeabi_f2uiz                            0x0800540d   Thumb Code    40  ffixui.o(.text)
    __aeabi_d2uiz                            0x08005435   Thumb Code    50  dfixui.o(.text)
    __aeabi_f2d                              0x08005467   Thumb Code    38  f2d.o(.text)
    __aeabi_d2f                              0x0800548d   Thumb Code    56  d2f.o(.text)
    __aeabi_cfcmpeq                          0x080054c5   Thumb Code     0  cfcmple.o(.text)
    __aeabi_cfcmple                          0x080054c5   Thumb Code    20  cfcmple.o(.text)
    __aeabi_cfrcmple                         0x080054d9   Thumb Code    20  cfrcmple.o(.text)
    __aeabi_llsr                             0x080054ed   Thumb Code    32  llushr.o(.text)
    _ll_ushift_r                             0x080054ed   Thumb Code     0  llushr.o(.text)
    __I$use$fp                               0x0800550d   Thumb Code     0  iusefp.o(.text)
    _float_round                             0x0800550d   Thumb Code    18  fepilogue.o(.text)
    _float_epilogue                          0x0800551f   Thumb Code    90  fepilogue.o(.text)
    _double_round                            0x08005579   Thumb Code    26  depilogue.o(.text)
    _double_epilogue                         0x08005593   Thumb Code   164  depilogue.o(.text)
    __scatterload                            0x08005639   Thumb Code    28  init.o(.text)
    __scatterload_rt2                        0x08005639   Thumb Code     0  init.o(.text)
    __aeabi_llsl                             0x0800565d   Thumb Code    30  llshl.o(.text)
    _ll_shift_l                              0x0800565d   Thumb Code     0  llshl.o(.text)
    __scatterload_copy                       0x0800567b   Thumb Code    14  handlers.o(i.__scatterload_copy)
    __scatterload_null                       0x08005689   Thumb Code     2  handlers.o(i.__scatterload_null)
    __scatterload_zeroinit                   0x0800568b   Thumb Code    14  handlers.o(i.__scatterload_zeroinit)
    Region$$Table$$Base                      0x08005698   Number         0  anon$$obj.o(Region$$Table)
    Region$$Table$$Limit                     0x080056b8   Number         0  anon$$obj.o(Region$$Table)
    SystemCoreClock                          0x20000000   Data           4  system_stm32f10x.o(.data)
    AHBPrescTable                            0x20000004   Data          16  system_stm32f10x.o(.data)
    Power                                    0x20000028   Data           1  main.o(.data)
    Power_V                                  0x20000029   Data           1  main.o(.data)
    Power_I                                  0x2000002a   Data           1  main.o(.data)
    Power_T                                  0x2000002b   Data           1  main.o(.data)
    Power_VP                                 0x2000002c   Data           1  main.o(.data)
    Power_VF                                 0x2000002d   Data           1  main.o(.data)
    Power_ZB                                 0x2000002e   Data           1  main.o(.data)
    ErrorFlag                                0x2000002f   Data           1  main.o(.data)
    PowerFlag                                0x20000030   Data           2  main.o(.data)
    temp                                     0x20000032   Data           2  main.o(.data)
    VOLT_DEC                                 0x2000003c   Data           2  adc.o(.data)
    Pout                                     0x20000040   Data           4  adc.o(.data)
    Pfout                                    0x20000044   Data           4  adc.o(.data)
    ZhuBo                                    0x20000048   Data           4  adc.o(.data)
    timenum                                  0x2000004e   Data           2  timer.o(.data)
    txsize                                   0x20000050   Data           8  w5500.o(.data)
    rxsize                                   0x20000058   Data           8  w5500.o(.data)
    mac                                      0x20000060   Data           6  w5500_conf.o(.data)
    local_ip                                 0x20000066   Data           4  w5500_conf.o(.data)
    subnet                                   0x2000006a   Data           4  w5500_conf.o(.data)
    gateway                                  0x2000006e   Data           4  w5500_conf.o(.data)
    dns_server                               0x20000072   Data           4  w5500_conf.o(.data)
    local_port                               0x20000076   Data           2  w5500_conf.o(.data)
    remote_ip                                0x20000078   Data           4  w5500_conf.o(.data)
    remote_port                              0x2000007c   Data           2  w5500_conf.o(.data)
    BasicVF                                  0x20000082   Data           1  calibration.o(.data)
    BasicVR                                  0x20000083   Data           1  calibration.o(.data)
    K_value                                  0x20000084   Data           2  calibration.o(.data)
    CalibrationFlag                          0x20000086   Data           1  calibration.o(.data)
    CalibrationPower                         0x20000088   Data           2  calibration.o(.data)
    Rx_buff                                  0x20000090   Data          48  main.o(.bss)
    Tx_buff                                  0x200000c0   Data          48  main.o(.bss)
    USART2_SEND_DATA                         0x200000fa   Data          64  usart.o(.bss)
    USART2_RECEIVE_DATA                      0x2000013a   Data          64  usart.o(.bss)
    ADC_Value                                0x2000017a   Data          18  adc.o(.bss)
    ADC_AverageValue                         0x2000018c   Data          18  adc.o(.bss)
    Current                                  0x2000019e   Data          12  adc.o(.bss)
    USART1_SEND_DATA                         0x200001e0   Data          64  rs485.o(.bss)
    USART1_RECEIVE_DATA                      0x20000220   Data          64  rs485.o(.bss)
    SSIZE                                    0x20000260   Data          16  w5500.o(.bss)
    RSIZE                                    0x20000270   Data          16  w5500.o(.bss)
    ConfigMsg                                0x20000280   Data          26  w5500_conf.o(.bss)
    __initial_sp                             0x200006d0   Data           0  startup_stm32f10x_hd.o(STACK)



==============================================================================

Memory Map of the image

  Image Entry point : 0x08000131

  Load Region LR_IROM1 (Base: 0x08000000, Size: 0x00005748, Max: 0x00080000, ABSOLUTE)

    Execution Region ER_IROM1 (Base: 0x08000000, Size: 0x000056b8, Max: 0x00080000, ABSOLUTE)

    Base Addr    Size         Type   Attr      Idx    E Section Name        Object

    0x08000000   0x00000130   Data   RO            3    RESET               startup_stm32f10x_hd.o
    0x08000130   0x00000000   Code   RO          677  * .ARM.Collect$$$$00000000  mc_w.l(entry.o)
    0x08000130   0x00000004   Code   RO          724    .ARM.Collect$$$$00000001  mc_w.l(entry2.o)
    0x08000134   0x00000004   Code   RO          727    .ARM.Collect$$$$00000004  mc_w.l(entry5.o)
    0x08000138   0x00000000   Code   RO          729    .ARM.Collect$$$$00000008  mc_w.l(entry7b.o)
    0x08000138   0x00000000   Code   RO          731    .ARM.Collect$$$$0000000A  mc_w.l(entry8b.o)
    0x08000138   0x00000008   Code   RO          732    .ARM.Collect$$$$0000000B  mc_w.l(entry9a.o)
    0x08000140   0x00000000   Code   RO          734    .ARM.Collect$$$$0000000D  mc_w.l(entry10a.o)
    0x08000140   0x00000000   Code   RO          736    .ARM.Collect$$$$0000000F  mc_w.l(entry11a.o)
    0x08000140   0x00000004   Code   RO          725    .ARM.Collect$$$$00002712  mc_w.l(entry2.o)
    0x08000144   0x00000024   Code   RO            4    .text               startup_stm32f10x_hd.o
    0x08000168   0x000001e0   Code   RO           24    .text               system_stm32f10x.o
    0x08000348   0x000000ec   Code   RO          121    .text               misc.o
    0x08000434   0x0000035c   Code   RO          177    .text               stm32f10x_gpio.o
    0x08000790   0x000003a4   Code   RO          189    .text               stm32f10x_rcc.o
    0x08000b34   0x0000030c   Code   RO          203    .text               stm32f10x_spi.o
    0x08000e40   0x00000e1a   Code   RO          215    .text               stm32f10x_tim.o
    0x08001c5a   0x00000002   PAD
    0x08001c5c   0x00000408   Code   RO          227    .text               stm32f10x_usart.o
    0x08002064   0x00000254   Code   RO          239    .text               stm32f10x_dma.o
    0x080022b8   0x0000044e   Code   RO          251    .text               stm32f10x_adc.o
    0x08002706   0x00000002   PAD
    0x08002708   0x00000488   Code   RO          299    .text               main.o
    0x08002b90   0x0000001a   Code   RO          377    .text               stm32f10x_it.o
    0x08002baa   0x00000002   PAD
    0x08002bac   0x00000280   Code   RO          399    .text               usart.o
    0x08002e2c   0x00000510   Code   RO          422    .text               adc.o
    0x0800333c   0x000001ec   Code   RO          460    .text               rs485.o
    0x08003528   0x0000011c   Code   RO          478    .text               timer.o
    0x08003644   0x00000384   Code   RO          537    .text               w5500.o
    0x080039c8   0x000002f0   Code   RO          556    .text               w5500_conf.o
    0x08003cb8   0x0000065c   Code   RO          575    .text               socket.o
    0x08004314   0x00000400   Code   RO          587    .text               utility.o
    0x08004714   0x000003f0   Code   RO          623    .text               24c02.o
    0x08004b04   0x0000014c   Code   RO          635    .text               led.o
    0x08004c50   0x00000240   Code   RO          647    .text               ds18b20.o
    0x08004e90   0x0000011c   Code   RO          659    .text               calibration.o
    0x08004fac   0x00000024   Code   RO          680    .text               mc_w.l(memseta.o)
    0x08004fd0   0x00000024   Code   RO          682    .text               mc_w.l(strstr.o)
    0x08004ff4   0x00000018   Code   RO          684    .text               mc_w.l(strncpy.o)
    0x0800500c   0x0000000e   Code   RO          686    .text               mc_w.l(strlen.o)
    0x0800501a   0x00000012   Code   RO          688    .text               mc_w.l(strcpy.o)
    0x0800502c   0x00000044   Code   RO          690    .text               mc_w.l(strtok.o)
    0x08005070   0x000000b0   Code   RO          696    .text               mf_w.l(fadd.o)
    0x08005120   0x0000006c   Code   RO          698    .text               mf_w.l(fmul.o)
    0x0800518c   0x00000080   Code   RO          700    .text               mf_w.l(fdiv.o)
    0x0800520c   0x000000e4   Code   RO          702    .text               mf_w.l(dmul.o)
    0x080052f0   0x000000de   Code   RO          704    .text               mf_w.l(ddiv.o)
    0x080053ce   0x00000012   Code   RO          706    .text               mf_w.l(fflti.o)
    0x080053e0   0x0000000a   Code   RO          708    .text               mf_w.l(ffltui.o)
    0x080053ea   0x00000022   Code   RO          710    .text               mf_w.l(dflti.o)
    0x0800540c   0x00000028   Code   RO          712    .text               mf_w.l(ffixui.o)
    0x08005434   0x00000032   Code   RO          714    .text               mf_w.l(dfixui.o)
    0x08005466   0x00000026   Code   RO          716    .text               mf_w.l(f2d.o)
    0x0800548c   0x00000038   Code   RO          718    .text               mf_w.l(d2f.o)
    0x080054c4   0x00000014   Code   RO          720    .text               mf_w.l(cfcmple.o)
    0x080054d8   0x00000014   Code   RO          722    .text               mf_w.l(cfrcmple.o)
    0x080054ec   0x00000020   Code   RO          738    .text               mc_w.l(llushr.o)
    0x0800550c   0x00000000   Code   RO          740    .text               mc_w.l(iusefp.o)
    0x0800550c   0x0000006c   Code   RO          741    .text               mf_w.l(fepilogue.o)
    0x08005578   0x000000be   Code   RO          743    .text               mf_w.l(depilogue.o)
    0x08005636   0x00000002   PAD
    0x08005638   0x00000024   Code   RO          745    .text               mc_w.l(init.o)
    0x0800565c   0x0000001e   Code   RO          747    .text               mc_w.l(llshl.o)
    0x0800567a   0x0000000e   Code   RO          751    i.__scatterload_copy  mc_w.l(handlers.o)
    0x08005688   0x00000002   Code   RO          752    i.__scatterload_null  mc_w.l(handlers.o)
    0x0800568a   0x0000000e   Code   RO          753    i.__scatterload_zeroinit  mc_w.l(handlers.o)
    0x08005698   0x00000020   Data   RO          749    Region$$Table       anon$$obj.o


    Execution Region RW_IRAM1 (Base: 0x20000000, Size: 0x000006d0, Max: 0x00010000, ABSOLUTE)

    Base Addr    Size         Type   Attr      Idx    E Section Name        Object

    0x20000000   0x00000014   Data   RW           25    .data               system_stm32f10x.o
    0x20000014   0x00000014   Data   RW          190    .data               stm32f10x_rcc.o
    0x20000028   0x00000012   Data   RW          301    .data               main.o
    0x2000003a   0x00000002   PAD
    0x2000003c   0x00000011   Data   RW          424    .data               adc.o
    0x2000004d   0x00000001   PAD
    0x2000004e   0x00000002   Data   RW          479    .data               timer.o
    0x20000050   0x00000010   Data   RW          539    .data               w5500.o
    0x20000060   0x0000001e   Data   RW          558    .data               w5500_conf.o
    0x2000007e   0x00000004   Data   RW          589    .data               utility.o
    0x20000082   0x00000008   Data   RW          660    .data               calibration.o
    0x2000008a   0x00000002   PAD
    0x2000008c   0x00000004   Data   RW          691    .data               mc_w.l(strtok.o)
    0x20000090   0x0000006a   Zero   RW          300    .bss                main.o
    0x200000fa   0x00000080   Zero   RW          400    .bss                usart.o
    0x2000017a   0x00000066   Zero   RW          423    .bss                adc.o
    0x200001e0   0x00000080   Zero   RW          461    .bss                rs485.o
    0x20000260   0x00000020   Zero   RW          538    .bss                w5500.o
    0x20000280   0x0000001a   Zero   RW          557    .bss                w5500_conf.o
    0x2000029a   0x00000030   Zero   RW          588    .bss                utility.o
    0x200002ca   0x00000006   PAD
    0x200002d0   0x00000400   Zero   RW            1    STACK               startup_stm32f10x_hd.o


==============================================================================

Image component sizes


      Code (inc. data)   RO Data    RW Data    ZI Data      Debug   Object Name

      1008         12          0          0          0       4377   24c02.o
      1296        112          0         17        102       2748   adc.o
       284         22          0          8          0       1127   calibration.o
         0          0          0          0          0       4504   core_cm3.o
       576          8          0          0          0       2435   ds18b20.o
       332         26          0          0          0       1326   led.o
      1160        126          0         18        106       3243   main.o
       236         20          0          0          0      17189   misc.o
       492         28          0          0        128       1742   rs485.o
      1628          4          0          0          0       3807   socket.o
        36          8        304          0       1024        872   startup_stm32f10x_hd.o
      1102         26          0          0          0      10857   stm32f10x_adc.o
       596          8          0          0          0       4358   stm32f10x_dma.o
       860         38          0          0          0       5669   stm32f10x_gpio.o
        26          0          0          0          0       1218   stm32f10x_it.o
       932         36          0         20          0       8848   stm32f10x_rcc.o
       780         14          0          0          0       6554   stm32f10x_spi.o
      3610         88          0          0          0      22156   stm32f10x_tim.o
      1032         22          0          0          0       8400   stm32f10x_usart.o
       480         38          0         20          0     276207   system_stm32f10x.o
       284         12          0          2          0       1370   timer.o
       640         22          0          0        128       2016   usart.o
      1024         20          0          4         48       7302   utility.o
       900          8          0         16         32       5772   w5500.o
       752         36          0         30         26       4461   w5500_conf.o

    ----------------------------------------------------------------------
     20072        734        336        140       1600     408558   Object Totals
         0          0         32          0          0          0   (incl. Generated)
         6          0          0          5          6          0   (incl. Padding)

    ----------------------------------------------------------------------

      Code (inc. data)   RO Data    RW Data    ZI Data      Debug   Library Member Name

         0          0          0          0          0          0   entry.o
         0          0          0          0          0          0   entry10a.o
         0          0          0          0          0          0   entry11a.o
         8          4          0          0          0          0   entry2.o
         4          0          0          0          0          0   entry5.o
         0          0          0          0          0          0   entry7b.o
         0          0          0          0          0          0   entry8b.o
         8          4          0          0          0          0   entry9a.o
        30          0          0          0          0          0   handlers.o
        36          8          0          0          0         68   init.o
         0          0          0          0          0          0   iusefp.o
        30          0          0          0          0         68   llshl.o
        32          0          0          0          0         68   llushr.o
        36          0          0          0          0        108   memseta.o
        18          0          0          0          0         68   strcpy.o
        14          0          0          0          0         68   strlen.o
        24          0          0          0          0         76   strncpy.o
        36          0          0          0          0         80   strstr.o
        68          6          0          4          0         80   strtok.o
        20          0          0          0          0         68   cfcmple.o
        20          0          0          0          0         68   cfrcmple.o
        56          0          0          0          0         88   d2f.o
       222          0          0          0          0        100   ddiv.o
       190          0          0          0          0        176   depilogue.o
        50          0          0          0          0         76   dfixui.o
        34          0          0          0          0         76   dflti.o
       228          0          0          0          0         96   dmul.o
        38          0          0          0          0         68   f2d.o
       176          0          0          0          0        140   fadd.o
       128          0          0          0          0         88   fdiv.o
       108          0          0          0          0        168   fepilogue.o
        40          0          0          0          0         68   ffixui.o
        18          0          0          0          0         68   fflti.o
        10          0          0          0          0         68   ffltui.o
       108          0          0          0          0         76   fmul.o

    ----------------------------------------------------------------------
      1792         22          0          4          0       2176   Library Totals
         2          0          0          0          0          0   (incl. Padding)

    ----------------------------------------------------------------------

      Code (inc. data)   RO Data    RW Data    ZI Data      Debug   Library Name

       344         22          0          4          0        684   mc_w.l
      1446          0          0          0          0       1492   mf_w.l

    ----------------------------------------------------------------------
      1792         22          0          4          0       2176   Library Totals

    ----------------------------------------------------------------------

==============================================================================


      Code (inc. data)   RO Data    RW Data    ZI Data      Debug   

     21864        756        336        144       1600     407610   Grand Totals
     21864        756        336        144       1600     407610   ELF Image Totals
     21864        756        336        144          0          0   ROM Totals

==============================================================================

    Total RO  Size (Code + RO Data)                22200 (  21.68kB)
    Total RW  Size (RW Data + ZI Data)              1744 (   1.70kB)
    Total ROM Size (Code + RO Data + RW Data)      22344 (  21.82kB)

==============================================================================

